Directory created: /work/gp15/q25030/LatentGraphDiffusion/runs/20250811_124915_fast_training /work/gp15/q25030/LatentGraphDiffusion/data
Starting optimized LGD encoder pretraining...
Configuration: zinc-encoder-fast.yaml
- Max epochs: 10 (down from 2000)
- Hidden dimensions: 32 (down from 64)
- Early stopping enabled
- WandB logging enabled
- Run ID: 1754884156
- Timestamp: 20250811_124916
- Results will be saved in: results/zinc-encoder-fast/1754884156/

/opt/conda/lib/python3.10/site-packages/lightning_fabric/__init__.py:40: pkg_resources is deprecated as an API. See https://setuptools.pypa.io/en/latest/pkg_resources.html. The pkg_resources package is slated for removal as early as 2025-11-30. Refrain from using this package or pin to Setuptools<81.
Warning: Could not import san2_layer: cannot import name 'negate_edge_index' from 'lgd.utils' (/workspace/lgd/utils/__init__.py)
Warning: Could not import grit_layer: No module named 'opt_einsum'
Warning: Could not import san_layer: cannot import name 'negate_edge_index' from 'lgd.utils' (/workspace/lgd/utils/__init__.py)
Traceback (most recent call last):
  File "/workspace/pretrain.py", line 255, in <module>
    load_cfg(cfg, args)
  File "/opt/conda/lib/python3.10/site-packages/torch_geometric/graphgym/config.py", line 501, in load_cfg
    cfg.merge_from_list(args.opts)
  File "/opt/conda/lib/python3.10/site-packages/yacs/config.py", line 223, in merge_from_list
    _assert_with_logging(
  File "/opt/conda/lib/python3.10/site-packages/yacs/config.py", line 545, in _assert_with_logging
    assert cond, msg
AssertionError: Override list has odd length: ['seed=1754884156']; it must be a list of pairs
Fast encoder pretraining completed successfully!
Results saved in: /workspace/runs/20250811_124915_fast_training/
Model checkpoints saved in: results/zinc-encoder-fast/1754884156/
find: ‘/workspace/results/zinc-encoder-fast/1754884156’: No such file or directory
Job completed. Check logs and WandB dashboard for results.
Job completed. Results saved in: /work/gp15/q25030/LatentGraphDiffusion/runs/20250811_124915_fast_training
Check WandB dashboard: https://wandb.ai/shokuno-the-university-of-tokyo/LatentGraphDiffusion-ZINC
