[wisteria] ROOT=/work/gp15/q25030
[wisteria] CODE=/work/gp15/q25030/LatentGraphDiffusion
[wisteria] DATA=/work/gp15/q25030/LatentGraphDiffusion/data
[wisteria] RUNS=/work/gp15/q25030/LatentGraphDiffusion/runs
[wisteria] RESULTS=/work/gp15/q25030/LatentGraphDiffusion/runs (unified with RUNS)
=== LGD Wisteria Job ===
Dataset     : zinc
Mode        : flow
Config      : cfg/zinc-flow_gcfm.yaml
Checkpoint  : runs/zinc_encoder_20250930_004610/my_zinc-encoder_baseline/0/ckpt/399.ckpt
Repeat      : 1
Max Epoch   : 200
Experiment  : zinc_flow_20251103_222450
Out Dir     : /work/gp15/q25030/LatentGraphDiffusion/runs/zinc_flow_20251103_222450
W&B Name    : zinc_flow_zinc_flow_20251103_222450
Start time  : Mon Nov  3 22:24:50 JST 2025
[wandb] entity='shokuno-the-university-of-tokyo', mode='online'
Env check:
PyTorch: 2.0.1
CUDA available: True
CUDA device count: 8
PyG: 2.3.1
Using encoder checkpoint: runs/zinc_encoder_20250930_004610/my_zinc-encoder_baseline/0/ckpt/399.ckpt
Starting ZINC flow matching training...
Config: cfg/zinc-flow_gcfm.yaml
Max Epoch: 200
Out dir: /workspace/runs/zinc_flow_20251103_222450
/opt/conda/lib/python3.10/site-packages/lightning_fabric/__init__.py:40: pkg_resources is deprecated as an API. See https://setuptools.pypa.io/en/latest/pkg_resources.html. The pkg_resources package is slated for removal as early as 2025-11-30. Refrain from using this package or pin to Setuptools<81.
Warning: Could not import san2_layer: cannot import name 'negate_edge_index' from 'lgd.utils' (/workspace/lgd/utils/__init__.py)
Warning: Could not import grit_layer: No module named 'opt_einsum'
Warning: Could not import san_layer: cannot import name 'negate_edge_index' from 'lgd.utils' (/workspace/lgd/utils/__init__.py)
./datasets/ZINC
[*] Loaded dataset 'subset' from 'PyG-ZINC':
/opt/conda/lib/python3.10/site-packages/torch_geometric/data/in_memory_dataset.py:157: UserWarning: It is not recommended to directly access the internal storage format `data` of an 'InMemoryDataset'. If you are absolutely certain what you are doing, access the internal storage via `InMemoryDataset._data` instead to suppress this warning. Alternatively, you can access stacked individual attributes of every graph via `dataset.{attr_name}`.
  warnings.warn(msg)
  Data(x=[277864, 1], edge_index=[2, 597970], edge_attr=[597970], y=[12000])
  undirected: True
  num graphs: 12000
/opt/conda/lib/python3.10/site-packages/torch_geometric/data/in_memory_dataset.py:157: UserWarning: It is not recommended to directly access the internal storage format `data` of an 'InMemoryDataset'. The data of the dataset is already cached, so any modifications to `data` will not be reflected when accessing its elements. Clearing the cache now by removing all elements in `dataset._data_list`. If you are absolutely certain what you are doing, access the internal storage via `InMemoryDataset._data` instead to suppress this warning. Alternatively, you can access stacked individual attributes of every graph via `dataset.{attr_name}`.
  warnings.warn(msg)
  avg num_nodes/graph: 23
  num node features: 1
  num edge features: 1
  num classes: (appears to be a regression task)
Precomputing Positional Encoding statistics: ['RRWP'] for all graphs...
  ...estimated to be undirected: True
  0%|          | 0/12000 [00:00<?, ?it/s]100%|██████████| 12000/12000 [00:07<00:00, 1547.24it/s]
Done! Took 00:00:08.34
Adding virtual node and edges
  0%|          | 0/12000 [00:00<?, ?it/s]100%|██████████| 12000/12000 [00:06<00:00, 1742.02it/s]
Preprocessing PE
  0%|          | 0/12000 [00:00<?, ?it/s]100%|██████████| 12000/12000 [00:03<00:00, 3720.42it/s]
[*] Run ID 0: seed=0, split_index=0
    Starting now: 2025-11-03 22:25:39.080782
/opt/conda/lib/python3.10/site-packages/torch/nn/init.py:405: UserWarning: Initializing zero-element tensors is a no-op
  warnings.warn("Initializing zero-element tensors is a no-op")
Restored encoder from runs/zinc_encoder_20250930_004610/my_zinc-encoder_baseline/0/ckpt/399.ckpt
Missing Keys: 0, Unexpected Keys: 0
Using first stage also as cond stage.
VelocityWrapper has 0.93 M params.
Keeping EMAs of 434.
LatentFlow(
  (first_stage_model): GraphTransformerEncoder(
    (act): ReLU()
    (node_emb): TypeDictNodeEncoder(
      (encoder): Embedding(27, 36, padding_idx=0)
    )
    (edge_emb): TypeDictEdgeEncoder(
      (encoder): Embedding(14, 36, padding_idx=0)
    )
    (prefix_emb): Embedding(1, 64, padding_idx=0)
    (label_embed_regression): Sequential(
      (0): Linear(in_features=1, out_features=128, bias=True)
      (1): ReLU()
      (2): Linear(in_features=128, out_features=64, bias=True)
      (3): Identity()
      (4): ReLU()
    )
    (label_embed_classification): Embedding(3, 64)
    (posenc_emb): Sequential(
      (0): Identity()
      (1): Linear(in_features=20, out_features=28, bias=True)
    )
    (posenc_emb_edge): Sequential(
      (0): Identity()
      (1): Linear(in_features=20, out_features=28, bias=True)
    )
    (node_in_mlp): Sequential(
      (0): Linear(in_features=64, out_features=128, bias=True)
      (1): ReLU()
      (2): Linear(in_features=128, out_features=64, bias=True)
    )
    (edge_in_mlp): Sequential(
      (0): Linear(in_features=64, out_features=128, bias=True)
      (1): ReLU()
      (2): Linear(in_features=128, out_features=64, bias=True)
    )
    (batch_norm_in_h): BatchNorm1d(64, eps=1e-05, momentum=0.1, affine=True, track_running_stats=True)
    (batch_norm_in_e): BatchNorm1d(64, eps=1e-05, momentum=0.1, affine=True, track_running_stats=True)
    (GTE_layers): ModuleList(
      (0-9): 10 x GraphTransformerEncoderLayer(in_channels=64, out_channels=64, heads=4, residual=True)
      [GraphTransformerEncoderLayer(
        (act): ReLU()
        (attention): GTE_Attention(
          (dropout): Dropout(p=0.5, inplace=False)
          (Q): Linear(in_features=64, out_features=64, bias=True)
          (K): Linear(in_features=64, out_features=64, bias=False)
          (E): Linear(in_features=64, out_features=128, bias=True)
          (V): Linear(in_features=64, out_features=64, bias=False)
          (act): ReLU()
        )
        (mpnn): GINE(
          (dropout): Dropout(p=0.0, inplace=False)
          (act): ReLU()
          (lin_edge): Linear(in_features=64, out_features=64, bias=True)
          (mlp): Sequential(
            (0): Linear(in_features=64, out_features=128, bias=True)
            (1): ReLU()
            (2): Linear(in_features=128, out_features=64, bias=True)
          )
        )
        (temb_proj_h): Linear(in_features=0, out_features=64, bias=True)
        (temb_proj_e): Linear(in_features=0, out_features=64, bias=True)
        (O_h): Linear(in_features=64, out_features=64, bias=True)
        (O_e): Linear(in_features=64, out_features=64, bias=True)
        (batch_norm1_h): BatchNorm1d(64, eps=1e-05, momentum=0.1, affine=True, track_running_stats=True)
        (batch_norm1_e): BatchNorm1d(64, eps=1e-05, momentum=0.1, affine=True, track_running_stats=True)
        (FFN_h_layer1): Linear(in_features=64, out_features=128, bias=True)
        (FFN_h_layer2): Linear(in_features=128, out_features=64, bias=True)
        (FFN_e_layer1): Linear(in_features=64, out_features=128, bias=True)
        (FFN_e_layer2): Linear(in_features=128, out_features=64, bias=True)
        (batch_norm2_h): BatchNorm1d(64, eps=1e-05, momentum=0.1, affine=True, track_running_stats=True)
        (batch_norm2_e): BatchNorm1d(64, eps=1e-05, momentum=0.1, affine=True, track_running_stats=True)
      )]
    )
    (final_layer_node): Sequential(
      (0): Linear(in_features=64, out_features=8, bias=True)
      (1): ReLU()
      (2): Linear(in_features=8, out_features=4, bias=True)
    )
    (final_layer_edge): Sequential(
      (0): Linear(in_features=64, out_features=8, bias=True)
      (1): ReLU()
      (2): Linear(in_features=8, out_features=4, bias=True)
    )
    (graph_out_mlp): Sequential(
      (0): Linear(in_features=4, out_features=8, bias=True)
      (1): ReLU()
      (2): Linear(in_features=8, out_features=4, bias=True)
    )
    (graph_out_mlp_2): Sequential(
      (0): Linear(in_features=4, out_features=8, bias=True)
      (1): ReLU()
      (2): Linear(in_features=8, out_features=4, bias=True)
    )
    (decode_node): Linear(in_features=4, out_features=31, bias=True)
    (decode_edge): Linear(in_features=4, out_features=14, bias=True)
    (decode_graph): Linear(in_features=4, out_features=1, bias=True)
  )
  (cond_stage_model): GraphTransformerEncoder(
    (act): ReLU()
    (node_emb): TypeDictNodeEncoder(
      (encoder): Embedding(27, 36, padding_idx=0)
    )
    (edge_emb): TypeDictEdgeEncoder(
      (encoder): Embedding(14, 36, padding_idx=0)
    )
    (prefix_emb): Embedding(1, 64, padding_idx=0)
    (label_embed_regression): Sequential(
      (0): Linear(in_features=1, out_features=128, bias=True)
      (1): ReLU()
      (2): Linear(in_features=128, out_features=64, bias=True)
      (3): Identity()
      (4): ReLU()
    )
    (label_embed_classification): Embedding(3, 64)
    (posenc_emb): Sequential(
      (0): Identity()
      (1): Linear(in_features=20, out_features=28, bias=True)
    )
    (posenc_emb_edge): Sequential(
      (0): Identity()
      (1): Linear(in_features=20, out_features=28, bias=True)
    )
    (node_in_mlp): Sequential(
      (0): Linear(in_features=64, out_features=128, bias=True)
      (1): ReLU()
      (2): Linear(in_features=128, out_features=64, bias=True)
    )
    (edge_in_mlp): Sequential(
      (0): Linear(in_features=64, out_features=128, bias=True)
      (1): ReLU()
      (2): Linear(in_features=128, out_features=64, bias=True)
    )
    (batch_norm_in_h): BatchNorm1d(64, eps=1e-05, momentum=0.1, affine=True, track_running_stats=True)
    (batch_norm_in_e): BatchNorm1d(64, eps=1e-05, momentum=0.1, affine=True, track_running_stats=True)
    (GTE_layers): ModuleList(
      (0-9): 10 x GraphTransformerEncoderLayer(in_channels=64, out_channels=64, heads=4, residual=True)
      [GraphTransformerEncoderLayer(
        (act): ReLU()
        (attention): GTE_Attention(
          (dropout): Dropout(p=0.5, inplace=False)
          (Q): Linear(in_features=64, out_features=64, bias=True)
          (K): Linear(in_features=64, out_features=64, bias=False)
          (E): Linear(in_features=64, out_features=128, bias=True)
          (V): Linear(in_features=64, out_features=64, bias=False)
          (act): ReLU()
        )
        (mpnn): GINE(
          (dropout): Dropout(p=0.0, inplace=False)
          (act): ReLU()
          (lin_edge): Linear(in_features=64, out_features=64, bias=True)
          (mlp): Sequential(
            (0): Linear(in_features=64, out_features=128, bias=True)
            (1): ReLU()
            (2): Linear(in_features=128, out_features=64, bias=True)
          )
        )
        (temb_proj_h): Linear(in_features=0, out_features=64, bias=True)
        (temb_proj_e): Linear(in_features=0, out_features=64, bias=True)
        (O_h): Linear(in_features=64, out_features=64, bias=True)
        (O_e): Linear(in_features=64, out_features=64, bias=True)
        (batch_norm1_h): BatchNorm1d(64, eps=1e-05, momentum=0.1, affine=True, track_running_stats=True)
        (batch_norm1_e): BatchNorm1d(64, eps=1e-05, momentum=0.1, affine=True, track_running_stats=True)
        (FFN_h_layer1): Linear(in_features=64, out_features=128, bias=True)
        (FFN_h_layer2): Linear(in_features=128, out_features=64, bias=True)
        (FFN_e_layer1): Linear(in_features=64, out_features=128, bias=True)
        (FFN_e_layer2): Linear(in_features=128, out_features=64, bias=True)
        (batch_norm2_h): BatchNorm1d(64, eps=1e-05, momentum=0.1, affine=True, track_running_stats=True)
        (batch_norm2_e): BatchNorm1d(64, eps=1e-05, momentum=0.1, affine=True, track_running_stats=True)
      )]
    )
    (final_layer_node): Sequential(
      (0): Linear(in_features=64, out_features=8, bias=True)
      (1): ReLU()
      (2): Linear(in_features=8, out_features=4, bias=True)
    )
    (final_layer_edge): Sequential(
      (0): Linear(in_features=64, out_features=8, bias=True)
      (1): ReLU()
      (2): Linear(in_features=8, out_features=4, bias=True)
    )
    (graph_out_mlp): Sequential(
      (0): Linear(in_features=4, out_features=8, bias=True)
      (1): ReLU()
      (2): Linear(in_features=8, out_features=4, bias=True)
    )
    (graph_out_mlp_2): Sequential(
      (0): Linear(in_features=4, out_features=8, bias=True)
      (1): ReLU()
      (2): Linear(in_features=8, out_features=4, bias=True)
    )
    (decode_node): Linear(in_features=4, out_features=31, bias=True)
    (decode_edge): Linear(in_features=4, out_features=14, bias=True)
    (decode_graph): Linear(in_features=4, out_features=1, bias=True)
  )
  (model): VelocityWrapper(
    (denoiser): DenoisingTransformer(
      (act): ReLU()
      (node_in_mlp): Sequential(
        (0): Linear(in_features=4, out_features=128, bias=True)
        (1): ReLU()
        (2): Linear(in_features=128, out_features=64, bias=True)
      )
      (edge_in_mlp): Sequential(
        (0): Linear(in_features=4, out_features=128, bias=True)
        (1): ReLU()
        (2): Linear(in_features=128, out_features=64, bias=True)
      )
      (cond_in_mlp): Sequential(
        (0): Linear(in_features=4, out_features=128, bias=True)
        (1): ReLU()
        (2): Linear(in_features=128, out_features=64, bias=True)
        (3): LayerNorm((64,), eps=1e-05, elementwise_affine=True)
        (4): ReLU()
      )
      (cond_in_mlp_2): Sequential(
        (0): Linear(in_features=4, out_features=128, bias=True)
        (1): ReLU()
        (2): Linear(in_features=128, out_features=64, bias=True)
        (3): LayerNorm((64,), eps=1e-05, elementwise_affine=True)
        (4): ReLU()
      )
      (cond_in_mlp_3): Sequential(
        (0): Linear(in_features=4, out_features=128, bias=True)
        (1): ReLU()
        (2): Linear(in_features=128, out_features=64, bias=True)
        (3): LayerNorm((64,), eps=1e-05, elementwise_affine=True)
        (4): ReLU()
      )
      (cond_res_mlp): Sequential(
        (0): Linear(in_features=4, out_features=8, bias=True)
        (1): ReLU()
        (2): Linear(in_features=8, out_features=4, bias=True)
        (3): LayerNorm((4,), eps=1e-05, elementwise_affine=True)
        (4): ReLU()
      )
      (layer_norm_in_h): LayerNorm((64,), eps=1e-05, elementwise_affine=True)
      (layer_norm_in_e): LayerNorm((64,), eps=1e-05, elementwise_affine=True)
      (temb_layer): Sequential(
        (0): Linear(in_features=64, out_features=128, bias=True)
        (1): ReLU()
        (2): Linear(in_features=128, out_features=64, bias=True)
      )
      (denoising_layers): ModuleList(
        (0-3): 4 x DenoisingTransformerLayer(in_channels=64, out_channels=64, heads=8, residual=True)
        [DenoisingTransformerLayer(
          (act): ReLU()
          (cross_attention): Cross_Attention(
            (dropout): Dropout(p=0.25, inplace=False)
            (Q): Linear(in_features=64, out_features=64, bias=True)
            (K): Linear(in_features=64, out_features=64, bias=False)
            (E1): Linear(in_features=64, out_features=64, bias=True)
            (E2): Linear(in_features=64, out_features=64, bias=True)
            (V): Linear(in_features=64, out_features=64, bias=False)
            (H): Linear(in_features=64, out_features=64, bias=True)
            (G1): Linear(in_features=64, out_features=64, bias=True)
            (G2): Linear(in_features=64, out_features=64, bias=True)
            (act): ReLU()
          )
          (attention): GTE_Attention(
            (dropout): Dropout(p=0.25, inplace=False)
            (Q): Linear(in_features=64, out_features=64, bias=True)
            (K): Linear(in_features=64, out_features=64, bias=False)
            (E): Linear(in_features=64, out_features=128, bias=True)
            (V): Linear(in_features=64, out_features=64, bias=False)
            (act): ReLU()
          )
          (temb_proj_h): Linear(in_features=64, out_features=64, bias=True)
          (temb_proj_e): Linear(in_features=64, out_features=64, bias=True)
          (O_h): Linear(in_features=64, out_features=64, bias=True)
          (O_e): Linear(in_features=64, out_features=64, bias=True)
          (O_h2): Linear(in_features=64, out_features=64, bias=True)
          (O_e2): Linear(in_features=64, out_features=64, bias=True)
          (FFN_h_layer1): Linear(in_features=64, out_features=128, bias=True)
          (FFN_h_layer2): Linear(in_features=128, out_features=64, bias=True)
          (FFN_h_layer3): Linear(in_features=64, out_features=128, bias=True)
          (FFN_h_layer4): Linear(in_features=128, out_features=64, bias=True)
          (FFN_e_layer1): Linear(in_features=64, out_features=128, bias=True)
          (FFN_e_layer2): Linear(in_features=128, out_features=64, bias=True)
          (FFN_e_layer3): Linear(in_features=64, out_features=128, bias=True)
          (FFN_e_layer4): Linear(in_features=128, out_features=64, bias=True)
          (layer_norm1_h): LayerNorm((64,), eps=1e-05, elementwise_affine=True)
          (layer_norm1_e): LayerNorm((64,), eps=1e-05, elementwise_affine=True)
          (layer_norm2_h): LayerNorm((64,), eps=1e-05, elementwise_affine=True)
          (layer_norm2_e): LayerNorm((64,), eps=1e-05, elementwise_affine=True)
          (layer_norm3_h): LayerNorm((64,), eps=1e-05, elementwise_affine=True)
          (layer_norm3_e): LayerNorm((64,), eps=1e-05, elementwise_affine=True)
          (layer_norm4_h): LayerNorm((64,), eps=1e-05, elementwise_affine=True)
          (layer_norm4_e): LayerNorm((64,), eps=1e-05, elementwise_affine=True)
        )]
      )
      (self_attn_layers): ModuleList(
        (0-3): 4 x GraphTransformerEncoderLayer(in_channels=64, out_channels=64, heads=8, residual=True)
        [GraphTransformerEncoderLayer(
          (act): ReLU()
          (attention): GTE_Attention(
            (dropout): Dropout(p=0.25, inplace=False)
            (Q): Linear(in_features=64, out_features=64, bias=True)
            (K): Linear(in_features=64, out_features=64, bias=False)
            (E): Linear(in_features=64, out_features=128, bias=True)
            (V): Linear(in_features=64, out_features=64, bias=False)
            (act): ReLU()
          )
          (temb_proj_h): Linear(in_features=64, out_features=64, bias=True)
          (temb_proj_e): Linear(in_features=64, out_features=64, bias=True)
          (O_h): Linear(in_features=64, out_features=64, bias=True)
          (O_e): Linear(in_features=64, out_features=64, bias=True)
          (layer_norm1_h): LayerNorm((64,), eps=1e-05, elementwise_affine=True)
          (layer_norm1_e): LayerNorm((64,), eps=1e-05, elementwise_affine=True)
          (FFN_h_layer1): Linear(in_features=64, out_features=128, bias=True)
          (FFN_h_layer2): Linear(in_features=128, out_features=64, bias=True)
          (FFN_e_layer1): Linear(in_features=64, out_features=128, bias=True)
          (FFN_e_layer2): Linear(in_features=128, out_features=64, bias=True)
          (layer_norm2_h): LayerNorm((64,), eps=1e-05, elementwise_affine=True)
          (layer_norm2_e): LayerNorm((64,), eps=1e-05, elementwise_affine=True)
        )]
      )
      (final_layer_node): Sequential(
        (0): Linear(in_features=64, out_features=8, bias=True)
        (1): ReLU()
        (2): Linear(in_features=8, out_features=4, bias=True)
      )
      (final_layer_edge): Sequential(
        (0): Linear(in_features=64, out_features=8, bias=True)
        (1): ReLU()
        (2): Linear(in_features=8, out_features=4, bias=True)
      )
      (graph_out_mlp): Sequential(
        (0): Linear(in_features=4, out_features=8, bias=True)
        (1): ReLU()
        (2): Linear(in_features=8, out_features=4, bias=True)
      )
      (graph_out_mlp_2): Sequential(
        (0): Linear(in_features=4, out_features=8, bias=True)
        (1): ReLU()
        (2): Linear(in_features=8, out_features=4, bias=True)
      )
    )
  )
  (model_ema): LitEma()
)
accelerator: cuda:0
benchmark: False
bn:
  eps: 1e-05
  mom: 0.1
cfg_dest: config.yaml
cond:
  attn:
    O_e: True
    act: relu
    attn_dropout: 0.0
    batch_norm: True
    bn_momentum: 0.1
    bn_no_runner: False
    clamp: 5.0
    deg_scaler: False
    edge_enhance: True
    full_attn: True
    layer_norm: False
    norm_e: True
    sparse: False
    use: True
    use_bias: False
  batch_norm: True
  bn_momentum: 0.1
  bn_no_runner: False
  edge_encoder_name: TypeDictEdge
  layer_norm: False
  node_encoder_name: TypeDictNode
custom_metrics: []
dataset:
  add_virtual_node_edge: True
  cache_load: False
  cache_save: False
  dir: ./datasets
  edge_dim: 128
  edge_encoder: True
  edge_encoder_bn: False
  edge_encoder_name: TypeDictEdge
  edge_encoder_num_types: 4
  edge_message_ratio: 0.8
  edge_negative_sampling_ratio: 1.0
  edge_train_mode: all
  encoder: True
  encoder_bn: True
  encoder_dim: 128
  encoder_name: db
  format: PyG-ZINC
  label_column: none
  label_table: none
  location: local
  name: subset
  node_encoder: True
  node_encoder_bn: False
  node_encoder_name: TypeDictNode
  node_encoder_num_types: 21
  num_hop: 0
  num_tasks: 1
  remove_feature: False
  resample_disjoint: False
  resample_negative: False
  shuffle_split: True
  slic_compactness: 10
  split: [0.8, 0.1, 0.1]
  split_dir: ./splits
  split_index: 0
  split_mode: standard
  subgraph: False
  task: graph
  task_type: regression
  to_undirected: False
  transductive: False
  transform: none
  tu_simple: True
devices: 1
diffusion:
  cond_stage_config: __is_first_stage__
  cond_stage_key: masked_graph
  conditioning_key: crossattn
  edge_factor: 1.0
  first_stage_config: runs/zinc_encoder_20250930_004610/my_zinc-encoder_baseline/0/ckpt/399.ckpt
  graph_factor: 1.0
  hid_dim: 4
  node_factor: 1.0
  task_factor: 1.0
dt:
  O_e: True
  act: relu
  attn:
    O_e: True
    act: relu
    attn_dropout: 0.0
    attn_product: mul
    attn_reweight: False
    batch_norm: True
    bn_momentum: 0.1
    bn_no_runner: False
    clamp: 5.0
    deg_scaler: False
    edge_enhance: True
    edge_reweight: False
    full_attn: True
    fwl: False
    layer_norm: False
    norm_e: True
    score_act: True
    signed_sqrt: True
    sparse: False
    use: True
    use_bias: False
  attn_dropout: 0.25
  batch_norm: False
  bn_momentum: 0.1
  bn_no_runner: False
  cond_dim: 4
  condition_list: ['masked_graph']
  dropout: 0.05
  ff_e: False
  ff_e_ca: True
  ff_e_sa: False
  hid_dim: 64
  in_dim: 4
  layer_norm: True
  norm_e: True
  num_heads: 8
  num_layers: 4
  out_dim: 4
  pool: add
  pool_edge: True
  pool_vn: False
  post_pool: True
  residual: True
  self_attn: True
  temb_dim: 64
  use_time: True
encoder:
  O_e: True
  act: relu
  attn:
    O_e: True
    act: relu
    attn_dropout: 0.0
    attn_product: mul
    attn_reweight: True
    batch_norm: True
    bn_momentum: 0.1
    bn_no_runner: False
    clamp: 5.0
    deg_scaler: False
    edge_enhance: True
    edge_reweight: True
    full_attn: True
    fwl: False
    layer_norm: False
    norm_e: True
    score_act: True
    signed_sqrt: True
    sparse: False
    use: True
    use_bias: False
  attn_dropout: 0.5
  batch_norm: True
  bn_momentum: 0.1
  bn_no_runner: False
  dropout: 0.0
  edge_encoder: True
  edge_encoder_bn: False
  edge_encoder_name: TypeDictEdge
  edge_encoder_num_types: 4
  ff_e: False
  hid_dim: 64
  in_dim: 36
  label_embed_type: add_virtual
  layer_norm: False
  mpnn:
    act: relu
    dropout: 0.0
    edge_enhance: True
    enable: True
    project_edge: True
  node_encoder: True
  node_encoder_bn: False
  node_encoder_name: TypeDictNode
  node_encoder_num_types: 21
  norm_e: True
  num_heads: 4
  num_layers: 10
  num_task: 1
  out_dim: 4
  pe_raw_norm: None
  pool: add
  pool_edge: True
  pool_vn: False
  posenc_dim: 28
  posenc_in_dim: 20
  posenc_in_dim_edge: 20
  post_pool: True
  prefix_dim: 64
  prefix_type: add_virtual
  residual: True
  task_type: regression
  temb_dim: 0
  type: GraphTransformerEncoder
  update_e: True
  use_time: False
example_arg: example
example_group:
  example_arg: example
flow:
  alpha_fn: linear
  cond_stage_config: __is_first_stage__
  cond_stage_key: masked_graph
  cond_stage_trainable: False
  conditioning_key: crossattn
  edge_factor: 1.0
  ema: True
  first_stage_config: runs/zinc_encoder_20250930_004610/my_zinc-encoder_baseline/0/ckpt/399.ckpt
  first_stage_trainable: False
  force_undirected: False
  graph_factor: 1.0
  hid_dim: 4
  nfe: 50
  node_factor: 1.0
  objective: gaussian_cfm
  sigma_fn: constant
  sigma_max: 1.0
  sigma_min: 0.01
  solver: heun
  t_weight: none
  task_decode:
    method: ode
    method_eval: ode
    method_train: ode
    ode_method: euler
    ode_method_eval: heun
    ode_method_train: euler
    ode_steps: 2
    ode_steps_eval: 16
    ode_steps_train: 2
  task_factor: 1.0
  use_graph_latent: True
gnn:
  act: relu
  agg: mean
  att_final_linear: False
  att_final_linear_bn: False
  att_heads: 1
  batchnorm: True
  clear_feature: True
  dim_inner: 64
  dropout: 0.0
  head: san_graph
  keep_edge: 0.5
  l2norm: True
  layer_type: generalconv
  layers_mp: 2
  layers_post_mp: 3
  layers_pre_mp: 0
  msg_direction: single
  normalize_adj: False
  residual: False
  self_msg: concat
  skip_every: 1
  stage_type: stack
gpu_mem: False
gt:
  attn:
    O_e: True
    act: relu
    clamp: 5.0
    deg_scaler: True
    edge_enhance: True
    full_attn: True
    fwl: False
    norm_e: True
    sparse: False
    use: True
    use_bias: False
  attn_dropout: 0.2
  batch_norm: True
  bigbird:
    add_cross_attention: False
    attention_type: block_sparse
    block_size: 3
    chunk_size_feed_forward: 0
    hidden_act: relu
    is_decoder: False
    layer_norm_eps: 1e-06
    max_position_embeddings: 128
    num_random_blocks: 3
    use_bias: False
  bn_momentum: 0.1
  bn_no_runner: False
  dim_hidden: 64
  dropout: 0.0
  full_graph: True
  gamma: 1e-05
  layer_norm: False
  layer_type: GritTransformer
  layers: 10
  n_heads: 8
  pna_degrees: []
  residual: True
  update_e: True
mem:
  inplace: False
metric_agg: argmin
metric_best: mae
mlflow:
  name: zinc-GRIT-RRWP
  project: Exp
  use: False
model:
  edge_decoding: dot
  graph_pooling: add
  loss_fun: l1
  match_upper: True
  size_average: mean
  thresh: 0.5
  type: LatentFlow
name_tag: 
num_threads: 6
num_workers: 0
optim:
  base_lr: 0.0001
  batch_accumulation: 1
  clip_grad_norm: True
  lr_decay: 0.1
  max_epoch: 200
  min_lr: 1e-06
  momentum: 0.9
  num_warmup_epochs: 50
  optimizer: adamW
  reduce_factor: 0.1
  schedule_patience: 10
  scheduler: cosine_with_warmup
  steps: [30, 60, 90]
  weight_decay: 1e-05
out_dir: /workspace/runs/zinc_flow_20251103_222450/zinc-flow_gcfm
posenc_ERE:
  accuracy: 0.1
  dim_pe: 16
  enable: False
  layers: 3
  local: False
  model: none
  n_heads: 4
  pass_as_var: False
  post_layers: 0
  raw_norm_type: none
posenc_ERN:
  accuracy: 0.1
  dim_pe: 16
  enable: False
  er_dim: none
  layers: 3
  local: False
  model: none
  n_heads: 4
  pass_as_var: False
  post_layers: 0
  raw_norm_type: none
posenc_EdgeRWSE:
  dim_pe: 16
  enable: False
  kernel:
    times: []
    times_func: 
  layers: 3
  local: False
  model: none
  n_heads: 4
  pass_as_var: False
  post_layers: 0
  raw_norm_type: none
posenc_ElstaticSE:
  dim_pe: 16
  enable: False
  kernel:
    times: []
    times_func: range(10)
  layers: 3
  local: False
  model: none
  n_heads: 4
  pass_as_var: False
  post_layers: 0
  raw_norm_type: none
posenc_EquivStableLapPE:
  eigen:
    eigvec_norm: L2
    laplacian_norm: sym
    max_freqs: 10
  enable: False
  raw_norm_type: none
posenc_HKdiagSE:
  dim_pe: 16
  enable: False
  kernel:
    times: []
    times_func: 
  layers: 3
  local: False
  model: none
  n_heads: 4
  pass_as_var: False
  post_layers: 0
  raw_norm_type: none
posenc_HodgeLap1PE:
  dim_pe: 16
  eigen:
    eigvec_norm: L2
    laplacian_norm: sym
    max_freqs: 10
  enable: False
  layers: 3
  local: False
  model: none
  n_heads: 4
  pass_as_var: False
  post_layers: 0
  raw_norm_type: none
posenc_InterRWSE:
  dim_pe: 16
  enable: False
  kernel:
    times: []
    times_func: 
  layers: 3
  local: False
  model: none
  n_heads: 4
  pass_as_var: False
  post_layers: 0
  raw_norm_type: none
posenc_LapPE:
  dim_pe: 16
  eigen:
    eigvec_norm: L2
    laplacian_norm: sym
    max_freqs: 10
  enable: False
  layers: 3
  local: False
  model: none
  n_heads: 4
  pass_as_var: False
  post_layers: 0
  raw_norm_type: none
posenc_RD:
  dim_pe: 16
  enable: False
  layers: 3
  local: False
  model: none
  n_heads: 4
  pass_as_var: False
  post_layers: 0
  raw_norm_type: none
posenc_RRWP:
  add_identity: True
  dim_pe: 16
  enable: True
  ksteps: 20
  layers: 3
  local: False
  model: none
  n_heads: 4
  pass_as_var: False
  post_layers: 0
  raw_norm_type: none
  real_emb: True
  spd: False
posenc_RWSE:
  dim_pe: 16
  enable: False
  kernel:
    times: []
    times_func: 
  layers: 3
  local: False
  model: none
  n_heads: 4
  pass_as_var: False
  post_layers: 0
  raw_norm_type: none
posenc_SignNet:
  dim_pe: 16
  eigen:
    eigvec_norm: L2
    laplacian_norm: sym
    max_freqs: 10
  enable: False
  layers: 3
  local: False
  model: none
  n_heads: 4
  pass_as_var: False
  phi_hidden_dim: 64
  phi_out_dim: 4
  post_layers: 0
  raw_norm_type: none
prep:
  add_edge_index: True
  add_reverse_edges: True
  add_self_loops: False
  dist_cutoff: 510
  dist_enable: False
  exp: False
  exp_algorithm: Random-d
  exp_count: 1
  exp_deg: 5
  exp_max_num_iters: 100
  layer_edge_indices_dir: None
  num_virt_node: 0
  train_percent: 0.6
  use_exp_edges: True
pretrained:
  dir: 
  freeze_main: False
  reset_prediction_head: True
print: both
regression_model:
  encoder:
    attn:
      O_e: True
      act: relu
      attn_dropout: 0.0
      batch_norm: True
      bn_momentum: 0.1
      bn_no_runner: False
      clamp: 5.0
      deg_scaler: False
      edge_enhance: True
      full_attn: True
      layer_norm: False
      norm_e: True
      sparse: False
      use: True
      use_bias: False
    batch_norm: True
    bn_momentum: 0.1
    bn_no_runner: False
    edge_encoder_name: TypeDictEdge
    layer_norm: False
    node_encoder_name: TypeDictNode
round: 5
run_dir: /workspace/runs/zinc_flow_20251103_222450/zinc-flow_gcfm/0
run_id: 0
run_multiple_splits: []
seed: 0
share:
  dim_in: 1
  dim_out: 1
  num_splits: 3
tensorboard_agg: True
tensorboard_each_run: False
train:
  auto_resume: False
  batch_size: 256
  ckpt_best: True
  ckpt_clean: True
  ckpt_period: 100
  enable_ckpt: True
  ensemble_mode: none
  ensemble_repeat: 1
  epoch_resume: -1
  eval_period: 10
  iter_per_epoch: 32
  mode: train_diffusion
  neighbor_sizes: [20, 15, 10, 5]
  node_per_graph: 32
  pretrain:
    atom_bond_only: True
    edge_factor: 0.0
    graph_factor: 1.0
    input_target: True
    mask_edge_prob: 0.0
    mask_label_prob: 0.5
    mask_node_prob: 0.0
    node_factor: 0.0
    original_task: True
    recon: none
  radius: extend
  sample_node: False
  sampler: full_batch
  skip_train_eval: False
  start_eval_epoch: -1
  walk_length: 4
train_flow:
  batch_accumulation: 1
  ema: True
  grad_clip: 1.0
val:
  node_per_graph: 32
  radius: extend
  sample_node: False
  sampler: full_batch
view_emb: False
wandb:
  entity: shokuno-the-university-of-tokyo
  name: zinc_flow_zinc_flow_20251103_222450
  project: LGFM-ZINC-Flow
  use: True
Num parameters: 1823862
Start from epoch 0
wandb: Using wandb-core as the SDK backend.  Please refer to https://wandb.me/wandb-core for more information.
wandb: Currently logged in as: shokuno (shokuno-the-university-of-tokyo). Use `wandb login --relogin` to force relogin
wandb: Tracking run with wandb version 0.18.7
wandb: Run data is saved locally in /workspace/wandb/run-20251103_222547-lbxb0q7c
wandb: Run `wandb offline` to turn off syncing.
wandb: Syncing run zinc_flow_zinc_flow_20251103_222450
wandb: ⭐️ View project at https://wandb.ai/shokuno-the-university-of-tokyo/LGFM-ZINC-Flow
wandb: 🚀 View run at https://wandb.ai/shokuno-the-university-of-tokyo/LGFM-ZINC-Flow/runs/lbxb0q7c
Key encoder.pe_raw_norm with value <class 'NoneType'> is not a valid type; valid types: {<class 'float'>, <class 'list'>, <class 'tuple'>, <class 'bool'>, <class 'int'>, <class 'str'>}
Key prep.layer_edge_indices_dir with value <class 'NoneType'> is not a valid type; valid types: {<class 'float'>, <class 'list'>, <class 'tuple'>, <class 'bool'>, <class 'int'>, <class 'str'>}
train: {'epoch': 0, 'time_epoch': 26.58313, 'eta': 5290.04327, 'eta_hours': 1.46946, 'loss': 1532.87256484, 'lr': 0.0, 'params': 1823862, 'time_iter': 0.66458, 'mae': 18.46568, 'r2': -94.59108, 'spearmanr': 0.31792, 'mse': 386.5127, 'rmse': 19.65993, 'loss_node': 5.572580112457276, 'loss_edge': 1.1628166216373443, 'loss_graph': 1489.205833984375, 'loss_task': 18.46567843017578, 'loss_encoder': 0.0}
...computing epoch stats took: 0.01s
Inference: Switched to EMA weights
Inference: Restored training weights
Inference: Switched to EMA weights
Inference: Restored training weights
Inference: Switched to EMA weights
Inference: Restored training weights
Inference: Switched to EMA weights
Inference: Restored training weights
val: {'epoch': 0, 'time_epoch': 28.96242, 'loss': 19.0952397, 'lr': 0, 'params': 1823862, 'time_iter': 7.24061, 'mae': 19.09524, 'r2': -103.68142, 'spearmanr': 0.35286, 'mse': 412.31451, 'rmse': 20.30553}
...computing epoch stats took: 0.01s
Inference: Switched to EMA weights
Inference: Restored training weights
Inference: Switched to EMA weights
Inference: Restored training weights
Inference: Switched to EMA weights
Inference: Restored training weights
Inference: Switched to EMA weights
Inference: Restored training weights
test: {'epoch': 0, 'time_epoch': 29.03314, 'loss': 19.23794672, 'lr': 0, 'params': 1823862, 'time_iter': 7.25829, 'mae': 19.23795, 'r2': -101.58124, 'spearmanr': 0.37455, 'mse': 417.33121, 'rmse': 20.42869}
...computing epoch stats took: 0.00s
> Epoch 0: took 84.6s (avg 84.6s) | Best so far: epoch 0	train_loss: 1532.8726 train_mae: 18.4657	val_loss: 19.0952 val_mae: 19.0952	test_loss: 19.2379 test_mae: 19.2380
train: {'epoch': 1, 'time_epoch': 19.24097, 'eta': 4536.58597, 'eta_hours': 1.26016, 'loss': 969.27054434, 'lr': 2e-06, 'params': 1823862, 'time_iter': 0.48102, 'mae': 14.2021, 'r2': -57.49874, 'spearmanr': 0.30789, 'mse': 236.53363, 'rmse': 15.37965, 'loss_node': 5.556771769714356, 'loss_edge': 1.1452994430541992, 'loss_graph': 934.1642611328125, 'loss_task': 14.202101123046875, 'loss_encoder': 0.0}
...computing epoch stats took: 0.00s
train: {'epoch': 2, 'time_epoch': 18.9404, 'eta': 4252.86872, 'eta_hours': 1.18135, 'loss': 165.38315505, 'lr': 4e-06, 'params': 1823862, 'time_iter': 0.47351, 'mae': 3.50514, 'r2': -5.04409, 'spearmanr': 0.25485, 'mse': 24.43867, 'rmse': 4.94355, 'loss_node': 5.530239521789551, 'loss_edge': 1.0867665243148803, 'loss_graph': 151.7558660522461, 'loss_task': 3.505140326309204, 'loss_encoder': 0.0}
...computing epoch stats took: 0.01s
train: {'epoch': 3, 'time_epoch': 18.9558, 'eta': 4102.29457, 'eta_hours': 1.13953, 'loss': 78.40698435, 'lr': 6e-06, 'params': 1823862, 'time_iter': 0.47389, 'mae': 1.42415, 'r2': 0.0385, 'spearmanr': 0.78543, 'mse': 3.88773, 'rmse': 1.97173, 'loss_node': 5.5636050956726075, 'loss_edge': 1.084924151992798, 'loss_graph': 68.91016372680664, 'loss_task': 1.424145378112793, 'loss_encoder': 0.0}
train: {'epoch': 4, 'time_epoch': 18.95415, 'eta': 4004.30346, 'eta_hours': 1.11231, 'loss': 70.10191758, 'lr': 8e-06, 'params': 1823862, 'time_iter': 0.47385, 'mae': 1.20796, 'r2': 0.10917, 'spearmanr': 0.7184, 'mse': 3.60198, 'rmse': 1.89789, 'loss_node': 5.593259992980957, 'loss_edge': 1.0784823475837708, 'loss_graph': 61.014250463867185, 'loss_task': 1.207962808227539, 'loss_encoder': 0.0}
train: {'epoch': 5, 'time_epoch': 18.94139, 'eta': 3932.24527, 'eta_hours': 1.09229, 'loss': 62.90482416, 'lr': 1e-05, 'params': 1823862, 'time_iter': 0.47353, 'mae': 1.20135, 'r2': 0.0695, 'spearmanr': 0.69463, 'mse': 3.76238, 'rmse': 1.93969, 'loss_node': 5.623043809509277, 'loss_edge': 1.0910815200805664, 'loss_graph': 53.78799033203125, 'loss_task': 1.2013538328170776, 'loss_encoder': 0.0}
train: {'epoch': 6, 'time_epoch': 18.97032, 'eta': 3876.16102, 'eta_hours': 1.07671, 'loss': 57.91207967, 'lr': 1.2e-05, 'params': 1823862, 'time_iter': 0.47426, 'mae': 1.04609, 'r2': 0.25835, 'spearmanr': 0.78728, 'mse': 2.99879, 'rmse': 1.7317, 'loss_node': 5.679766777801514, 'loss_edge': 1.0959045362710953, 'loss_graph': 49.04422465209961, 'loss_task': 1.046092324256897, 'loss_encoder': 0.0}
train: {'epoch': 7, 'time_epoch': 18.96866, 'eta': 3829.31554, 'eta_hours': 1.0637, 'loss': 54.15190221, 'lr': 1.4e-05, 'params': 1823862, 'time_iter': 0.47422, 'mae': 0.9592, 'r2': 0.36511, 'spearmanr': 0.82698, 'mse': 2.56713, 'rmse': 1.60223, 'loss_node': 5.786208493804931, 'loss_edge': 1.0988982979774475, 'loss_graph': 45.348394604492185, 'loss_task': 0.9592004877090454, 'loss_encoder': 0.0}
train: {'epoch': 8, 'time_epoch': 19.60836, 'eta': 3802.24063, 'eta_hours': 1.05618, 'loss': 51.67476706, 'lr': 1.6e-05, 'params': 1823862, 'time_iter': 0.49021, 'mae': 0.93306, 'r2': 0.39956, 'spearmanr': 0.82753, 'mse': 2.42782, 'rmse': 1.55815, 'loss_node': 5.913064077758789, 'loss_edge': 1.0945678371429444, 'loss_graph': 42.8010181350708, 'loss_task': 0.9330585890769959, 'loss_encoder': 0.0}
train: {'epoch': 9, 'time_epoch': 18.95442, 'eta': 3764.23414, 'eta_hours': 1.04562, 'loss': 50.23362194, 'lr': 1.8e-05, 'params': 1823862, 'time_iter': 0.47386, 'mae': 0.94383, 'r2': 0.41277, 'spearmanr': 0.82154, 'mse': 2.37439, 'rmse': 1.5409, 'loss_node': 6.0017159629821775, 'loss_edge': 1.114737974357605, 'loss_graph': 41.229500552368165, 'loss_task': 0.9438340149879455, 'loss_encoder': 0.0}
Inference: Switched to EMA weights
Inference: Restored training weights
Inference: Switched to EMA weights
Inference: Restored training weights
Inference: Switched to EMA weights
Inference: Restored training weights
Inference: Switched to EMA weights
Inference: Restored training weights
val: {'epoch': 9, 'time_epoch': 28.79654, 'loss': 0.94104931, 'lr': 0, 'params': 1823862, 'time_iter': 7.19914, 'mae': 0.94105, 'r2': 0.38424, 'spearmanr': 0.8241, 'mse': 2.42533, 'rmse': 1.55735}
Inference: Switched to EMA weights
Inference: Restored training weights
Inference: Switched to EMA weights
Inference: Restored training weights
Inference: Switched to EMA weights
Inference: Restored training weights
Inference: Switched to EMA weights
Inference: Restored training weights
test: {'epoch': 9, 'time_epoch': 28.86347, 'loss': 0.99502381, 'lr': 0, 'params': 1823862, 'time_iter': 7.21587, 'mae': 0.99502, 'r2': 0.40023, 'spearmanr': 0.83848, 'mse': 2.44005, 'rmse': 1.56207}
> Epoch 9: took 76.6s (avg 31.4s) | Best so far: epoch 9	train_loss: 50.2336 train_mae: 0.9438	val_loss: 0.9410 val_mae: 0.9411	test_loss: 0.9950 test_mae: 0.9950
train: {'epoch': 10, 'time_epoch': 18.9688, 'eta': 3729.93877, 'eta_hours': 1.03609, 'loss': 48.9900723, 'lr': 2e-05, 'params': 1823862, 'time_iter': 0.47422, 'mae': 0.97869, 'r2': 0.38295, 'spearmanr': 0.80111, 'mse': 2.49496, 'rmse': 1.57954, 'loss_node': 6.076364388275146, 'loss_edge': 1.11213295378685, 'loss_graph': 39.844185733032226, 'loss_task': 0.9786942787170411, 'loss_encoder': 0.0}
train: {'epoch': 11, 'time_epoch': 18.96876, 'eta': 3698.19726, 'eta_hours': 1.02728, 'loss': 47.8313634, 'lr': 2.2e-05, 'params': 1823862, 'time_iter': 0.47422, 'mae': 0.99859, 'r2': 0.35802, 'spearmanr': 0.77789, 'mse': 2.59578, 'rmse': 1.61114, 'loss_node': 6.144598860168457, 'loss_edge': 1.1229856338500976, 'loss_graph': 38.56660419006348, 'loss_task': 0.9985873485565185, 'loss_encoder': 0.0}
train: {'epoch': 12, 'time_epoch': 18.94439, 'eta': 3668.07021, 'eta_hours': 1.01891, 'loss': 46.65796391, 'lr': 2.4e-05, 'params': 1823862, 'time_iter': 0.47361, 'mae': 0.99159, 'r2': 0.34729, 'spearmanr': 0.78044, 'mse': 2.63918, 'rmse': 1.62456, 'loss_node': 6.206773708343506, 'loss_edge': 1.131685244822502, 'loss_graph': 37.33631672363281, 'loss_task': 0.991594072341919, 'loss_encoder': 0.0}
train: {'epoch': 13, 'time_epoch': 18.96023, 'eta': 3639.75114, 'eta_hours': 1.01104, 'loss': 45.5494051, 'lr': 2.6e-05, 'params': 1823862, 'time_iter': 0.47401, 'mae': 0.9979, 'r2': 0.32708, 'spearmanr': 0.76972, 'mse': 2.7209, 'rmse': 1.64951, 'loss_node': 6.245899722290039, 'loss_edge': 1.1368436923027039, 'loss_graph': 36.17085720520019, 'loss_task': 0.9979021043777466, 'loss_encoder': 0.0}
train: {'epoch': 14, 'time_epoch': 19.11941, 'eta': 3614.64311, 'eta_hours': 1.00407, 'loss': 44.16632733, 'lr': 2.8e-05, 'params': 1823862, 'time_iter': 0.47799, 'mae': 0.99398, 'r2': 0.32463, 'spearmanr': 0.77353, 'mse': 2.73077, 'rmse': 1.65251, 'loss_node': 6.27003681564331, 'loss_edge': 1.1462400605678558, 'loss_graph': 34.76208405609131, 'loss_task': 0.9939832268714904, 'loss_encoder': 0.0}
train: {'epoch': 15, 'time_epoch': 18.9458, 'eta': 3588.28721, 'eta_hours': 0.99675, 'loss': 42.55214208, 'lr': 3e-05, 'params': 1823862, 'time_iter': 0.47365, 'mae': 0.96958, 'r2': 0.32432, 'spearmanr': 0.78948, 'mse': 2.73204, 'rmse': 1.65289, 'loss_node': 6.256967276000976, 'loss_edge': 1.1425027509689332, 'loss_graph': 33.21350414733887, 'loss_task': 0.9695841392517089, 'loss_encoder': 0.0}
train: {'epoch': 16, 'time_epoch': 18.96525, 'eta': 3563.01238, 'eta_hours': 0.98973, 'loss': 40.75315414, 'lr': 3.2e-05, 'params': 1823862, 'time_iter': 0.47413, 'mae': 0.9314, 'r2': 0.34172, 'spearmanr': 0.8135, 'mse': 2.66169, 'rmse': 1.63147, 'loss_node': 6.226689786529541, 'loss_edge': 1.1479165550231933, 'loss_graph': 31.51573843383789, 'loss_task': 0.9314046207427978, 'loss_encoder': 0.0}
train: {'epoch': 17, 'time_epoch': 18.91391, 'eta': 3537.9195, 'eta_hours': 0.98276, 'loss': 39.09358356, 'lr': 3.4e-05, 'params': 1823862, 'time_iter': 0.47285, 'mae': 0.91883, 'r2': 0.34724, 'spearmanr': 0.81699, 'mse': 2.63936, 'rmse': 1.62461, 'loss_node': 6.218788841247559, 'loss_edge': 1.164771805000305, 'loss_graph': 29.872357684326172, 'loss_task': 0.9188324939727783, 'loss_encoder': 0.0}
train: {'epoch': 18, 'time_epoch': 18.95377, 'eta': 3513.85676, 'eta_hours': 0.97607, 'loss': 37.33294919, 'lr': 3.6e-05, 'params': 1823862, 'time_iter': 0.47384, 'mae': 0.8906, 'r2': 0.35894, 'spearmanr': 0.82441, 'mse': 2.59207, 'rmse': 1.60999, 'loss_node': 6.22797117767334, 'loss_edge': 1.158534695625305, 'loss_graph': 28.165247463989257, 'loss_task': 0.8905980895996094, 'loss_encoder': 0.0}
train: {'epoch': 19, 'time_epoch': 18.93725, 'eta': 3490.15629, 'eta_hours': 0.96949, 'loss': 35.74916333, 'lr': 3.8e-05, 'params': 1823862, 'time_iter': 0.47343, 'mae': 0.88135, 'r2': 0.36875, 'spearmanr': 0.82937, 'mse': 2.55241, 'rmse': 1.59763, 'loss_node': 6.217474949645996, 'loss_edge': 1.1594209843158723, 'loss_graph': 26.609568096923827, 'loss_task': 0.8813496429443359, 'loss_encoder': 0.0}
Inference: Switched to EMA weights
Inference: Restored training weights
Inference: Switched to EMA weights
Inference: Restored training weights
Inference: Switched to EMA weights
Inference: Restored training weights
Inference: Switched to EMA weights
Inference: Restored training weights
val: {'epoch': 19, 'time_epoch': 28.7356, 'loss': 0.94088914, 'lr': 0, 'params': 1823862, 'time_iter': 7.1839, 'mae': 0.94089, 'r2': 0.31564, 'spearmanr': 0.83977, 'mse': 2.69554, 'rmse': 1.64181}
Inference: Switched to EMA weights
Inference: Restored training weights
Inference: Switched to EMA weights
Inference: Restored training weights
Inference: Switched to EMA weights
Inference: Restored training weights
Inference: Switched to EMA weights
Inference: Restored training weights
test: {'epoch': 19, 'time_epoch': 28.82998, 'loss': 1.00551682, 'lr': 0, 'params': 1823862, 'time_iter': 7.20749, 'mae': 1.00552, 'r2': 0.32351, 'spearmanr': 0.83108, 'mse': 2.75215, 'rmse': 1.65896}
> Epoch 19: took 76.5s (avg 28.1s) | Best so far: epoch 19	train_loss: 35.7492 train_mae: 0.8813	val_loss: 0.9409 val_mae: 0.9409	test_loss: 1.0055 test_mae: 1.0055
train: {'epoch': 20, 'time_epoch': 18.98568, 'eta': 3467.32225, 'eta_hours': 0.96315, 'loss': 34.38101001, 'lr': 4e-05, 'params': 1823862, 'time_iter': 0.47464, 'mae': 0.83772, 'r2': 0.38469, 'spearmanr': 0.84604, 'mse': 2.48795, 'rmse': 1.57732, 'loss_node': 6.190109848785401, 'loss_edge': 1.1616405075073242, 'loss_graph': 25.353810275268554, 'loss_task': 0.8377244150161743, 'loss_encoder': 0.0}
train: {'epoch': 21, 'time_epoch': 18.91401, 'eta': 3444.25816, 'eta_hours': 0.95674, 'loss': 32.8652732, 'lr': 4.2e-05, 'params': 1823862, 'time_iter': 0.47285, 'mae': 0.82444, 'r2': 0.39071, 'spearmanr': 0.85358, 'mse': 2.46362, 'rmse': 1.56959, 'loss_node': 6.171992435455322, 'loss_edge': 1.163595671892166, 'loss_graph': 23.880811113739014, 'loss_task': 0.824436879825592, 'loss_encoder': 0.0}
train: {'epoch': 22, 'time_epoch': 18.91588, 'eta': 3421.5694, 'eta_hours': 0.95044, 'loss': 31.3486769, 'lr': 4.4e-05, 'params': 1823862, 'time_iter': 0.4729, 'mae': 0.80474, 'r2': 0.40581, 'spearmanr': 0.86192, 'mse': 2.40254, 'rmse': 1.55001, 'loss_node': 6.128106204986572, 'loss_edge': 1.16992391872406, 'loss_graph': 22.44115676269531, 'loss_task': 0.8047447036743164, 'loss_encoder': 0.0}
train: {'epoch': 23, 'time_epoch': 19.12964, 'eta': 3400.76257, 'eta_hours': 0.94466, 'loss': 29.79717815, 'lr': 4.6e-05, 'params': 1823862, 'time_iter': 0.47824, 'mae': 0.77511, 'r2': 0.43016, 'spearmanr': 0.87559, 'mse': 2.30408, 'rmse': 1.51792, 'loss_node': 6.0792487449646, 'loss_edge': 1.168323946762085, 'loss_graph': 20.99939463195801, 'loss_task': 0.7751055015563965, 'loss_encoder': 0.0}
train: {'epoch': 24, 'time_epoch': 18.93613, 'eta': 3378.73537, 'eta_hours': 0.93854, 'loss': 28.14364741, 'lr': 4.8e-05, 'params': 1823862, 'time_iter': 0.4734, 'mae': 0.72987, 'r2': 0.45117, 'spearmanr': 0.88506, 'mse': 2.21912, 'rmse': 1.48967, 'loss_node': 6.028942140197754, 'loss_edge': 1.1722462326049805, 'loss_graph': 19.48271286468506, 'loss_task': 0.7298728284835816, 'loss_encoder': 0.0}
train: {'epoch': 25, 'time_epoch': 18.93243, 'eta': 3356.92118, 'eta_hours': 0.93248, 'loss': 26.45277286, 'lr': 5e-05, 'params': 1823862, 'time_iter': 0.47331, 'mae': 0.68955, 'r2': 0.50491, 'spearmanr': 0.89967, 'mse': 2.00185, 'rmse': 1.41487, 'loss_node': 5.9660901252746585, 'loss_edge': 1.1659007301330566, 'loss_graph': 17.94168035736084, 'loss_task': 0.689550774383545, 'loss_encoder': 0.0}
train: {'epoch': 26, 'time_epoch': 18.94378, 'eta': 3335.39318, 'eta_hours': 0.9265, 'loss': 25.83447154, 'lr': 5.2e-05, 'params': 1823862, 'time_iter': 0.47359, 'mae': 0.67991, 'r2': 0.53909, 'spearmanr': 0.90559, 'mse': 1.86365, 'rmse': 1.36516, 'loss_node': 5.9306652595520015, 'loss_edge': 1.1565658163070678, 'loss_graph': 17.387410936737062, 'loss_task': 0.6799147287845612, 'loss_encoder': 0.0}
train: {'epoch': 27, 'time_epoch': 18.96513, 'eta': 3314.18092, 'eta_hours': 0.92061, 'loss': 24.46720575, 'lr': 5.4e-05, 'params': 1823862, 'time_iter': 0.47413, 'mae': 0.65488, 'r2': 0.54379, 'spearmanr': 0.90852, 'mse': 1.84466, 'rmse': 1.35818, 'loss_node': 5.8814888847351074, 'loss_edge': 1.155516344165802, 'loss_graph': 16.120442911338806, 'loss_task': 0.6548789121627807, 'loss_encoder': 0.0}
train: {'epoch': 28, 'time_epoch': 18.91139, 'eta': 3292.80672, 'eta_hours': 0.91467, 'loss': 23.09522806, 'lr': 5.6e-05, 'params': 1823862, 'time_iter': 0.47278, 'mae': 0.62183, 'r2': 0.57083, 'spearmanr': 0.91694, 'mse': 1.7353, 'rmse': 1.31731, 'loss_node': 5.854564672851563, 'loss_edge': 1.1551079789161682, 'loss_graph': 14.84189416847229, 'loss_task': 0.621830721282959, 'loss_encoder': 0.0}
train: {'epoch': 29, 'time_epoch': 18.90682, 'eta': 3271.57086, 'eta_hours': 0.90877, 'loss': 22.05917216, 'lr': 5.8e-05, 'params': 1823862, 'time_iter': 0.47267, 'mae': 0.5977, 'r2': 0.60155, 'spearmanr': 0.92346, 'mse': 1.61111, 'rmse': 1.2693, 'loss_node': 5.820335308074951, 'loss_edge': 1.1469795694351197, 'loss_graph': 13.89645386428833, 'loss_task': 0.5977017834663391, 'loss_encoder': 0.0}
Inference: Switched to EMA weights
Inference: Restored training weights
Inference: Switched to EMA weights
Inference: Restored training weights
Inference: Switched to EMA weights
Inference: Restored training weights
Inference: Switched to EMA weights
Inference: Restored training weights
val: {'epoch': 29, 'time_epoch': 28.75735, 'loss': 0.66816972, 'lr': 0, 'params': 1823862, 'time_iter': 7.18934, 'mae': 0.66817, 'r2': 0.51217, 'spearmanr': 0.91697, 'mse': 1.92144, 'rmse': 1.38616}
Inference: Switched to EMA weights
Inference: Restored training weights
Inference: Switched to EMA weights
Inference: Restored training weights
Inference: Switched to EMA weights
Inference: Restored training weights
Inference: Switched to EMA weights
Inference: Restored training weights
test: {'epoch': 29, 'time_epoch': 28.83033, 'loss': 0.72979299, 'lr': 0, 'params': 1823862, 'time_iter': 7.20758, 'mae': 0.72979, 'r2': 0.54845, 'spearmanr': 0.90895, 'mse': 1.83702, 'rmse': 1.35537}
> Epoch 29: took 76.5s (avg 26.9s) | Best so far: epoch 29	train_loss: 22.0592 train_mae: 0.5977	val_loss: 0.6682 val_mae: 0.6682	test_loss: 0.7298 test_mae: 0.7298
train: {'epoch': 30, 'time_epoch': 18.9588, 'eta': 3250.76862, 'eta_hours': 0.90299, 'loss': 21.27862521, 'lr': 6e-05, 'params': 1823862, 'time_iter': 0.47397, 'mae': 0.59715, 'r2': 0.60709, 'spearmanr': 0.92409, 'mse': 1.5887, 'rmse': 1.26043, 'loss_node': 5.799630197906494, 'loss_edge': 1.1489202387809754, 'loss_graph': 13.135775881385804, 'loss_task': 0.5971496421813964, 'loss_encoder': 0.0}
train: {'epoch': 31, 'time_epoch': 18.93179, 'eta': 3229.93977, 'eta_hours': 0.89721, 'loss': 20.31930365, 'lr': 6.2e-05, 'params': 1823862, 'time_iter': 0.47329, 'mae': 0.57011, 'r2': 0.62992, 'spearmanr': 0.92998, 'mse': 1.49637, 'rmse': 1.22326, 'loss_node': 5.770748291015625, 'loss_edge': 1.1487218212127686, 'loss_graph': 12.259613809585572, 'loss_task': 0.5701101296424865, 'loss_encoder': 0.0}
train: {'epoch': 32, 'time_epoch': 18.92194, 'eta': 3209.17605, 'eta_hours': 0.89144, 'loss': 19.63306716, 'lr': 6.4e-05, 'params': 1823862, 'time_iter': 0.47305, 'mae': 0.54972, 'r2': 0.64797, 'spearmanr': 0.93586, 'mse': 1.42341, 'rmse': 1.19307, 'loss_node': 5.744559065246582, 'loss_edge': 1.146880439376831, 'loss_graph': 11.642182424926759, 'loss_task': 0.5497226678848267, 'loss_encoder': 0.0}
train: {'epoch': 33, 'time_epoch': 19.12306, 'eta': 3189.50264, 'eta_hours': 0.88597, 'loss': 18.77729707, 'lr': 6.6e-05, 'params': 1823862, 'time_iter': 0.47808, 'mae': 0.52611, 'r2': 0.67804, 'spearmanr': 0.94301, 'mse': 1.30181, 'rmse': 1.14097, 'loss_node': 5.718485623931885, 'loss_edge': 1.1463335430145263, 'loss_graph': 10.860248674583435, 'loss_task': 0.5261145550251007, 'loss_encoder': 0.0}
train: {'epoch': 34, 'time_epoch': 18.94088, 'eta': 3169.00179, 'eta_hours': 0.88028, 'loss': 18.42588954, 'lr': 6.8e-05, 'params': 1823862, 'time_iter': 0.47352, 'mae': 0.55313, 'r2': 0.67254, 'spearmanr': 0.93393, 'mse': 1.32405, 'rmse': 1.15067, 'loss_node': 5.701944954681396, 'loss_edge': 1.1514037375450135, 'loss_graph': 10.466285808181762, 'loss_task': 0.553127515411377, 'loss_encoder': 0.0}
train: {'epoch': 35, 'time_epoch': 18.91756, 'eta': 3148.4814, 'eta_hours': 0.87458, 'loss': 17.73157125, 'lr': 7e-05, 'params': 1823862, 'time_iter': 0.47294, 'mae': 0.5138, 'r2': 0.69909, 'spearmanr': 0.94763, 'mse': 1.21671, 'rmse': 1.10304, 'loss_node': 5.678701310729981, 'loss_edge': 1.1422356601715087, 'loss_graph': 9.883039487075806, 'loss_task': 0.5137973601341248, 'loss_encoder': 0.0}
train: {'epoch': 36, 'time_epoch': 18.92246, 'eta': 3128.06925, 'eta_hours': 0.86891, 'loss': 17.15713712, 'lr': 7.2e-05, 'params': 1823862, 'time_iter': 0.47306, 'mae': 0.50534, 'r2': 0.71275, 'spearmanr': 0.94407, 'mse': 1.16148, 'rmse': 1.07772, 'loss_node': 5.664167572021484, 'loss_edge': 1.1406814111709596, 'loss_graph': 9.341614379882813, 'loss_task': 0.5053368624687194, 'loss_encoder': 0.0}
train: {'epoch': 37, 'time_epoch': 19.59674, 'eta': 3110.61003, 'eta_hours': 0.86406, 'loss': 16.54028593, 'lr': 7.4e-05, 'params': 1823862, 'time_iter': 0.48992, 'mae': 0.48222, 'r2': 0.7229, 'spearmanr': 0.94862, 'mse': 1.12041, 'rmse': 1.0585, 'loss_node': 5.644863938140869, 'loss_edge': 1.1437102138519286, 'loss_graph': 8.787263293075561, 'loss_task': 0.4822241852760315, 'loss_encoder': 0.0}
train: {'epoch': 38, 'time_epoch': 18.94107, 'eta': 3090.33446, 'eta_hours': 0.85843, 'loss': 15.98659041, 'lr': 7.6e-05, 'params': 1823862, 'time_iter': 0.47353, 'mae': 0.48308, 'r2': 0.72805, 'spearmanr': 0.94812, 'mse': 1.09959, 'rmse': 1.04861, 'loss_node': 5.622563645935059, 'loss_edge': 1.1419551750183106, 'loss_graph': 8.255901937866211, 'loss_task': 0.48308449726104735, 'loss_encoder': 0.0}
train: {'epoch': 39, 'time_epoch': 19.1351, 'eta': 3070.90173, 'eta_hours': 0.85303, 'loss': 15.49860246, 'lr': 7.8e-05, 'params': 1823862, 'time_iter': 0.47838, 'mae': 0.47082, 'r2': 0.74898, 'spearmanr': 0.94933, 'mse': 1.01496, 'rmse': 1.00745, 'loss_node': 5.59736153717041, 'loss_edge': 1.1360074508190154, 'loss_graph': 7.8235844118118285, 'loss_task': 0.4708246796607971, 'loss_encoder': 0.0}
Inference: Switched to EMA weights
Inference: Restored training weights
Inference: Switched to EMA weights
Inference: Restored training weights
Inference: Switched to EMA weights
Inference: Restored training weights
Inference: Switched to EMA weights
Inference: Restored training weights
val: {'epoch': 39, 'time_epoch': 28.74073, 'loss': 0.53188239, 'lr': 0, 'params': 1823862, 'time_iter': 7.18518, 'mae': 0.53188, 'r2': 0.67826, 'spearmanr': 0.93015, 'mse': 1.26724, 'rmse': 1.12572}
Inference: Switched to EMA weights
Inference: Restored training weights
Inference: Switched to EMA weights
Inference: Restored training weights
Inference: Switched to EMA weights
Inference: Restored training weights
Inference: Switched to EMA weights
Inference: Restored training weights
test: {'epoch': 39, 'time_epoch': 28.82749, 'loss': 0.53097222, 'lr': 0, 'params': 1823862, 'time_iter': 7.20687, 'mae': 0.53097, 'r2': 0.80607, 'spearmanr': 0.94257, 'mse': 0.78896, 'rmse': 0.88823}
> Epoch 39: took 76.7s (avg 26.4s) | Best so far: epoch 39	train_loss: 15.4986 train_mae: 0.4708	val_loss: 0.5319 val_mae: 0.5319	test_loss: 0.5310 test_mae: 0.5310
train: {'epoch': 40, 'time_epoch': 18.94107, 'eta': 3050.73109, 'eta_hours': 0.84743, 'loss': 15.10173307, 'lr': 8e-05, 'params': 1823862, 'time_iter': 0.47353, 'mae': 0.45179, 'r2': 0.75933, 'spearmanr': 0.95374, 'mse': 0.97311, 'rmse': 0.98646, 'loss_node': 5.587983039093017, 'loss_edge': 1.1403769607543945, 'loss_graph': 7.469799738788605, 'loss_task': 0.45178684124946594, 'loss_encoder': 0.0}
train: {'epoch': 41, 'time_epoch': 18.94176, 'eta': 3030.62158, 'eta_hours': 0.84184, 'loss': 14.80719776, 'lr': 8.2e-05, 'params': 1823862, 'time_iter': 0.47354, 'mae': 0.45044, 'r2': 0.76481, 'spearmanr': 0.95168, 'mse': 0.95097, 'rmse': 0.97518, 'loss_node': 5.572698377990723, 'loss_edge': 1.1364600029468537, 'loss_graph': 7.1971630753993985, 'loss_task': 0.4504381064414978, 'loss_encoder': 0.0}
train: {'epoch': 42, 'time_epoch': 18.95608, 'eta': 3010.61868, 'eta_hours': 0.83628, 'loss': 14.65301295, 'lr': 8.4e-05, 'params': 1823862, 'time_iter': 0.4739, 'mae': 0.44868, 'r2': 0.77095, 'spearmanr': 0.9508, 'mse': 0.92615, 'rmse': 0.96237, 'loss_node': 5.560521641540527, 'loss_edge': 1.1423086414337158, 'loss_graph': 7.052826543045044, 'loss_task': 0.44867790832519533, 'loss_encoder': 0.0}
train: {'epoch': 43, 'time_epoch': 18.91915, 'eta': 2990.53243, 'eta_hours': 0.8307, 'loss': 14.71459217, 'lr': 8.6e-05, 'params': 1823862, 'time_iter': 0.47298, 'mae': 0.51358, 'r2': 0.75527, 'spearmanr': 0.93525, 'mse': 0.98953, 'rmse': 0.99475, 'loss_node': 5.54881604309082, 'loss_edge': 1.1456838268041611, 'loss_graph': 6.9929345556736, 'loss_task': 0.5135789388656616, 'loss_encoder': 0.0}
train: {'epoch': 44, 'time_epoch': 18.92888, 'eta': 2970.53154, 'eta_hours': 0.82515, 'loss': 14.02539601, 'lr': 8.8e-05, 'params': 1823862, 'time_iter': 0.47322, 'mae': 0.43506, 'r2': 0.77763, 'spearmanr': 0.95507, 'mse': 0.89913, 'rmse': 0.94823, 'loss_node': 5.532537364196777, 'loss_edge': 1.1413006399154664, 'loss_graph': 6.481428379440308, 'loss_task': 0.43506472311019895, 'loss_encoder': 0.0}
train: {'epoch': 45, 'time_epoch': 19.06801, 'eta': 2951.04306, 'eta_hours': 0.81973, 'loss': 13.82121464, 'lr': 9e-05, 'params': 1823862, 'time_iter': 0.4767, 'mae': 0.43766, 'r2': 0.77893, 'spearmanr': 0.95511, 'mse': 0.89388, 'rmse': 0.94545, 'loss_node': 5.508813026428222, 'loss_edge': 1.137223858642578, 'loss_graph': 6.2998613237380985, 'loss_task': 0.43765813674926757, 'loss_encoder': 0.0}
train: {'epoch': 46, 'time_epoch': 18.94209, 'eta': 2931.16255, 'eta_hours': 0.81421, 'loss': 13.43564857, 'lr': 9.2e-05, 'params': 1823862, 'time_iter': 0.47355, 'mae': 0.42034, 'r2': 0.79007, 'spearmanr': 0.95547, 'mse': 0.84883, 'rmse': 0.92132, 'loss_node': 5.488697225952149, 'loss_edge': 1.1332388273239136, 'loss_graph': 5.973026984977722, 'loss_task': 0.4203428569793701, 'loss_encoder': 0.0}
train: {'epoch': 47, 'time_epoch': 18.91932, 'eta': 2911.24905, 'eta_hours': 0.80868, 'loss': 13.46903005, 'lr': 9.4e-05, 'params': 1823862, 'time_iter': 0.47298, 'mae': 0.42954, 'r2': 0.78575, 'spearmanr': 0.95727, 'mse': 0.86628, 'rmse': 0.93074, 'loss_node': 5.4587017524719235, 'loss_edge': 1.1368943159103393, 'loss_graph': 6.014350872612, 'loss_task': 0.4295415675163269, 'loss_encoder': 0.0}
train: {'epoch': 48, 'time_epoch': 18.9238, 'eta': 2891.38992, 'eta_hours': 0.80316, 'loss': 13.72985772, 'lr': 9.6e-05, 'params': 1823862, 'time_iter': 0.47309, 'mae': 0.4621, 'r2': 0.77816, 'spearmanr': 0.94659, 'mse': 0.89697, 'rmse': 0.94709, 'loss_node': 5.42801742401123, 'loss_edge': 1.1353467399597168, 'loss_graph': 6.242299247169495, 'loss_task': 0.4620971674919128, 'loss_encoder': 0.0}
train: {'epoch': 49, 'time_epoch': 18.95116, 'eta': 2871.65029, 'eta_hours': 0.79768, 'loss': 12.96145704, 'lr': 9.8e-05, 'params': 1823862, 'time_iter': 0.47378, 'mae': 0.42215, 'r2': 0.7941, 'spearmanr': 0.95644, 'mse': 0.83252, 'rmse': 0.91243, 'loss_node': 5.410385536956787, 'loss_edge': 1.1324399470329285, 'loss_graph': 5.574330766391754, 'loss_task': 0.4221504192352295, 'loss_encoder': 0.0}
Inference: Switched to EMA weights
Inference: Restored training weights
Inference: Switched to EMA weights
Inference: Restored training weights
Inference: Switched to EMA weights
Inference: Restored training weights
Inference: Switched to EMA weights
Inference: Restored training weights
val: {'epoch': 49, 'time_epoch': 28.73033, 'loss': 0.44889469, 'lr': 0, 'params': 1823862, 'time_iter': 7.18258, 'mae': 0.44889, 'r2': 0.76434, 'spearmanr': 0.94063, 'mse': 0.92822, 'rmse': 0.96344}
Inference: Switched to EMA weights
Inference: Restored training weights
Inference: Switched to EMA weights
Inference: Restored training weights
Inference: Switched to EMA weights
Inference: Restored training weights
Inference: Switched to EMA weights
Inference: Restored training weights
test: {'epoch': 49, 'time_epoch': 28.81479, 'loss': 0.42832731, 'lr': 0, 'params': 1823862, 'time_iter': 7.2037, 'mae': 0.42833, 'r2': 0.91024, 'spearmanr': 0.95031, 'mse': 0.36517, 'rmse': 0.60429}
> Epoch 49: took 76.5s (avg 26.1s) | Best so far: epoch 49	train_loss: 12.9615 train_mae: 0.4222	val_loss: 0.4489 val_mae: 0.4489	test_loss: 0.4283 test_mae: 0.4283
train: {'epoch': 50, 'time_epoch': 18.90776, 'eta': 2851.8148, 'eta_hours': 0.79217, 'loss': 12.88899741, 'lr': 0.0001, 'params': 1823862, 'time_iter': 0.47269, 'mae': 0.42011, 'r2': 0.79429, 'spearmanr': 0.95724, 'mse': 0.83177, 'rmse': 0.91201, 'loss_node': 5.3782551475524905, 'loss_edge': 1.1341286792755128, 'loss_graph': 5.536387368440628, 'loss_task': 0.4201130582809448, 'loss_encoder': 0.0}
train: {'epoch': 51, 'time_epoch': 19.09162, 'eta': 2832.53826, 'eta_hours': 0.78682, 'loss': 12.8124691, 'lr': 9.999e-05, 'params': 1823862, 'time_iter': 0.47729, 'mae': 0.47233, 'r2': 0.78646, 'spearmanr': 0.94624, 'mse': 0.86342, 'rmse': 0.9292, 'loss_node': 5.343646389007568, 'loss_edge': 1.1347631836891174, 'loss_graph': 5.389398766326904, 'loss_task': 0.47233058128356936, 'loss_encoder': 0.0}
train: {'epoch': 52, 'time_epoch': 18.954, 'eta': 2812.887, 'eta_hours': 0.78136, 'loss': 12.37549383, 'lr': 9.996e-05, 'params': 1823862, 'time_iter': 0.47385, 'mae': 0.39978, 'r2': 0.81517, 'spearmanr': 0.95833, 'mse': 0.74732, 'rmse': 0.86448, 'loss_node': 5.320303211212158, 'loss_edge': 1.1344665406227112, 'loss_graph': 5.121168270540237, 'loss_task': 0.39977800002098085, 'loss_encoder': 0.0}
train: {'epoch': 53, 'time_epoch': 18.8975, 'eta': 2793.10881, 'eta_hours': 0.77586, 'loss': 12.23643792, 'lr': 9.99e-05, 'params': 1823862, 'time_iter': 0.47244, 'mae': 0.39158, 'r2': 0.8258, 'spearmanr': 0.96039, 'mse': 0.70436, 'rmse': 0.83926, 'loss_node': 5.2795830307006835, 'loss_edge': 1.135012749171257, 'loss_graph': 5.038684428024292, 'loss_task': 0.39157893633842467, 'loss_encoder': 0.0}
train: {'epoch': 54, 'time_epoch': 18.92972, 'eta': 2773.44758, 'eta_hours': 0.7704, 'loss': 12.04609244, 'lr': 9.982e-05, 'params': 1823862, 'time_iter': 0.47324, 'mae': 0.39481, 'r2': 0.82, 'spearmanr': 0.96086, 'mse': 0.7278, 'rmse': 0.85311, 'loss_node': 5.242872976684571, 'loss_edge': 1.1314075105667114, 'loss_graph': 4.882191395282745, 'loss_task': 0.3948104679584503, 'loss_encoder': 0.0}
train: {'epoch': 55, 'time_epoch': 18.89745, 'eta': 2753.72952, 'eta_hours': 0.76492, 'loss': 11.83982356, 'lr': 9.973e-05, 'params': 1823862, 'time_iter': 0.47244, 'mae': 0.40032, 'r2': 0.82763, 'spearmanr': 0.95785, 'mse': 0.69697, 'rmse': 0.83484, 'loss_node': 5.208308993530274, 'loss_edge': 1.1325456062316894, 'loss_graph': 4.698327342128754, 'loss_task': 0.4003208980083466, 'loss_encoder': 0.0}
train: {'epoch': 56, 'time_epoch': 18.925, 'eta': 2734.10935, 'eta_hours': 0.75947, 'loss': 11.72882931, 'lr': 9.961e-05, 'params': 1823862, 'time_iter': 0.47312, 'mae': 0.3827, 'r2': 0.82802, 'spearmanr': 0.96028, 'mse': 0.69537, 'rmse': 0.83389, 'loss_node': 5.175648285675049, 'loss_edge': 1.1284313953399658, 'loss_graph': 4.659353427600861, 'loss_task': 0.3826981463432312, 'loss_encoder': 0.0}
train: {'epoch': 57, 'time_epoch': 18.89782, 'eta': 2714.44662, 'eta_hours': 0.75401, 'loss': 11.65229131, 'lr': 9.946e-05, 'params': 1823862, 'time_iter': 0.47245, 'mae': 0.40436, 'r2': 0.82766, 'spearmanr': 0.95731, 'mse': 0.69684, 'rmse': 0.83477, 'loss_node': 5.142703937530517, 'loss_edge': 1.1286788973331452, 'loss_graph': 4.572195280742645, 'loss_task': 0.4043564959526062, 'loss_encoder': 0.0}
train: {'epoch': 58, 'time_epoch': 18.92052, 'eta': 2694.86405, 'eta_hours': 0.74857, 'loss': 11.44231705, 'lr': 9.93e-05, 'params': 1823862, 'time_iter': 0.47301, 'mae': 0.39766, 'r2': 0.83415, 'spearmanr': 0.95736, 'mse': 0.6706, 'rmse': 0.8189, 'loss_node': 5.1152654632568355, 'loss_edge': 1.1272495567798615, 'loss_graph': 4.404473811483383, 'loss_task': 0.39766415312290193, 'loss_encoder': 0.0}
train: {'epoch': 59, 'time_epoch': 18.89984, 'eta': 2675.25531, 'eta_hours': 0.74313, 'loss': 11.37735094, 'lr': 9.911e-05, 'params': 1823862, 'time_iter': 0.4725, 'mae': 0.40735, 'r2': 0.83717, 'spearmanr': 0.95796, 'mse': 0.65838, 'rmse': 0.81141, 'loss_node': 5.086825696563721, 'loss_edge': 1.1361893619537353, 'loss_graph': 4.339639188480377, 'loss_task': 0.4073483853816986, 'loss_encoder': 0.0}
Inference: Switched to EMA weights
Inference: Restored training weights
Inference: Switched to EMA weights
Inference: Restored training weights
Inference: Switched to EMA weights
Inference: Restored training weights
Inference: Switched to EMA weights
Inference: Restored training weights
val: {'epoch': 59, 'time_epoch': 28.7384, 'loss': 0.5043513, 'lr': 0, 'params': 1823862, 'time_iter': 7.1846, 'mae': 0.50435, 'r2': 0.77137, 'spearmanr': 0.9497, 'mse': 0.9005, 'rmse': 0.94895}
Inference: Switched to EMA weights
Inference: Restored training weights
Inference: Switched to EMA weights
Inference: Restored training weights
Inference: Switched to EMA weights
Inference: Restored training weights
Inference: Switched to EMA weights
Inference: Restored training weights
test: {'epoch': 59, 'time_epoch': 28.80807, 'loss': 0.44794694, 'lr': 0, 'params': 1823862, 'time_iter': 7.20202, 'mae': 0.44795, 'r2': 0.921, 'spearmanr': 0.95807, 'mse': 0.32139, 'rmse': 0.56691}
> Epoch 59: took 76.5s (avg 25.8s) | Best so far: epoch 49	train_loss: 12.9615 train_mae: 0.4222	val_loss: 0.4489 val_mae: 0.4489	test_loss: 0.4283 test_mae: 0.4283
train: {'epoch': 60, 'time_epoch': 18.89312, 'eta': 2655.6545, 'eta_hours': 0.73768, 'loss': 11.27494257, 'lr': 9.891e-05, 'params': 1823862, 'time_iter': 0.47233, 'mae': 0.41194, 'r2': 0.82752, 'spearmanr': 0.95786, 'mse': 0.69739, 'rmse': 0.8351, 'loss_node': 5.051701433563232, 'loss_edge': 1.13424031791687, 'loss_graph': 4.2651141681671145, 'loss_task': 0.411943247795105, 'loss_encoder': 0.0}
train: {'epoch': 61, 'time_epoch': 18.91946, 'eta': 2636.13514, 'eta_hours': 0.73226, 'loss': 11.09184793, 'lr': 9.868e-05, 'params': 1823862, 'time_iter': 0.47299, 'mae': 0.3963, 'r2': 0.83663, 'spearmanr': 0.95839, 'mse': 0.66058, 'rmse': 0.81276, 'loss_node': 5.016281419563294, 'loss_edge': 1.1302807548999787, 'loss_graph': 4.152682977986336, 'loss_task': 0.39630146226882934, 'loss_encoder': 0.0}
train: {'epoch': 62, 'time_epoch': 19.12094, 'eta': 2617.07297, 'eta_hours': 0.72696, 'loss': 10.87718937, 'lr': 9.843e-05, 'params': 1823862, 'time_iter': 0.47802, 'mae': 0.38593, 'r2': 0.84362, 'spearmanr': 0.96166, 'mse': 0.63229, 'rmse': 0.79517, 'loss_node': 4.978029901885987, 'loss_edge': 1.126561773777008, 'loss_graph': 4.00073254942894, 'loss_task': 0.3859325471401215, 'loss_encoder': 0.0}
train: {'epoch': 63, 'time_epoch': 18.90854, 'eta': 2597.55761, 'eta_hours': 0.72154, 'loss': 10.77157978, 'lr': 9.816e-05, 'params': 1823862, 'time_iter': 0.47271, 'mae': 0.38797, 'r2': 0.84602, 'spearmanr': 0.95966, 'mse': 0.62261, 'rmse': 0.78905, 'loss_node': 4.933042707824707, 'loss_edge': 1.131950955104828, 'loss_graph': 3.9306472966909407, 'loss_task': 0.38796940813064573, 'loss_encoder': 0.0}
train: {'epoch': 64, 'time_epoch': 18.92326, 'eta': 2578.0915, 'eta_hours': 0.71614, 'loss': 10.81573904, 'lr': 9.787e-05, 'params': 1823862, 'time_iter': 0.47308, 'mae': 0.39078, 'r2': 0.84969, 'spearmanr': 0.95803, 'mse': 0.60778, 'rmse': 0.7796, 'loss_node': 4.898627921295166, 'loss_edge': 1.1283517859458922, 'loss_graph': 4.007197904443741, 'loss_task': 0.3907806981086731, 'loss_encoder': 0.0}
train: {'epoch': 65, 'time_epoch': 18.91972, 'eta': 2558.63465, 'eta_hours': 0.71073, 'loss': 10.54198879, 'lr': 9.755e-05, 'params': 1823862, 'time_iter': 0.47299, 'mae': 0.3881, 'r2': 0.852, 'spearmanr': 0.95957, 'mse': 0.59841, 'rmse': 0.77357, 'loss_node': 4.8584403194427495, 'loss_edge': 1.121695766210556, 'loss_graph': 3.7856472640037535, 'loss_task': 0.3881027585029602, 'loss_encoder': 0.0}
train: {'epoch': 66, 'time_epoch': 18.92758, 'eta': 2539.20943, 'eta_hours': 0.70534, 'loss': 10.44316957, 'lr': 9.722e-05, 'params': 1823862, 'time_iter': 0.47319, 'mae': 0.38982, 'r2': 0.85465, 'spearmanr': 0.95858, 'mse': 0.5877, 'rmse': 0.76661, 'loss_node': 4.820053480529785, 'loss_edge': 1.1247437440872192, 'loss_graph': 3.7187228949546816, 'loss_task': 0.38982457432746886, 'loss_encoder': 0.0}
train: {'epoch': 67, 'time_epoch': 18.92649, 'eta': 2519.79674, 'eta_hours': 0.69994, 'loss': 10.34948531, 'lr': 9.686e-05, 'params': 1823862, 'time_iter': 0.47316, 'mae': 0.37775, 'r2': 0.85945, 'spearmanr': 0.962, 'mse': 0.56831, 'rmse': 0.75386, 'loss_node': 4.779365108489991, 'loss_edge': 1.125212410068512, 'loss_graph': 3.6894082666397097, 'loss_task': 0.3777497133255005, 'loss_encoder': 0.0}
train: {'epoch': 68, 'time_epoch': 18.94172, 'eta': 2500.42705, 'eta_hours': 0.69456, 'loss': 10.10541977, 'lr': 9.649e-05, 'params': 1823862, 'time_iter': 0.47354, 'mae': 0.36919, 'r2': 0.86898, 'spearmanr': 0.96249, 'mse': 0.52978, 'rmse': 0.72786, 'loss_node': 4.746597094345093, 'loss_edge': 1.115323992562294, 'loss_graph': 3.5051232328414916, 'loss_task': 0.3691876965522766, 'loss_encoder': 0.0}
train: {'epoch': 69, 'time_epoch': 18.94783, 'eta': 2481.08093, 'eta_hours': 0.68919, 'loss': 10.07822652, 'lr': 9.609e-05, 'params': 1823862, 'time_iter': 0.4737, 'mae': 0.39799, 'r2': 0.86214, 'spearmanr': 0.95588, 'mse': 0.55744, 'rmse': 0.74662, 'loss_node': 4.705665605163574, 'loss_edge': 1.1199728298187255, 'loss_graph': 3.4566007375240324, 'loss_task': 0.3979936221122742, 'loss_encoder': 0.0}
Inference: Switched to EMA weights
Inference: Restored training weights
Inference: Switched to EMA weights
Inference: Restored training weights
Inference: Switched to EMA weights
Inference: Restored training weights
Inference: Switched to EMA weights
Inference: Restored training weights
val: {'epoch': 69, 'time_epoch': 28.72565, 'loss': 0.50775881, 'lr': 0, 'params': 1823862, 'time_iter': 7.18141, 'mae': 0.50776, 'r2': 0.81192, 'spearmanr': 0.95494, 'mse': 0.74079, 'rmse': 0.86069}
Inference: Switched to EMA weights
Inference: Restored training weights
Inference: Switched to EMA weights
Inference: Restored training weights
Inference: Switched to EMA weights
Inference: Restored training weights
Inference: Switched to EMA weights
Inference: Restored training weights
test: {'epoch': 69, 'time_epoch': 28.8068, 'loss': 0.47810141, 'lr': 0, 'params': 1823862, 'time_iter': 7.2017, 'mae': 0.4781, 'r2': 0.91532, 'spearmanr': 0.95924, 'mse': 0.34449, 'rmse': 0.58693}
> Epoch 69: took 76.5s (avg 25.7s) | Best so far: epoch 49	train_loss: 12.9615 train_mae: 0.4222	val_loss: 0.4489 val_mae: 0.4489	test_loss: 0.4283 test_mae: 0.4283
train: {'epoch': 70, 'time_epoch': 18.91593, 'eta': 2461.68808, 'eta_hours': 0.6838, 'loss': 9.99950284, 'lr': 9.568e-05, 'params': 1823862, 'time_iter': 0.4729, 'mae': 0.3874, 'r2': 0.86753, 'spearmanr': 0.95938, 'mse': 0.53565, 'rmse': 0.73188, 'loss_node': 4.672775448608398, 'loss_edge': 1.1215124996900558, 'loss_graph': 3.4304110114097597, 'loss_task': 0.3874018826961517, 'loss_encoder': 0.0}
train: {'epoch': 71, 'time_epoch': 18.93872, 'eta': 2442.349, 'eta_hours': 0.67843, 'loss': 9.79638827, 'lr': 9.524e-05, 'params': 1823862, 'time_iter': 0.47347, 'mae': 0.36853, 'r2': 0.87462, 'spearmanr': 0.96136, 'mse': 0.50697, 'rmse': 0.71202, 'loss_node': 4.6402401496887205, 'loss_edge': 1.117619495868683, 'loss_graph': 3.3014722434043886, 'loss_task': 0.3685281309604645, 'loss_encoder': 0.0}
train: {'epoch': 72, 'time_epoch': 19.15736, 'eta': 2423.40125, 'eta_hours': 0.67317, 'loss': 9.70958384, 'lr': 9.479e-05, 'params': 1823862, 'time_iter': 0.47893, 'mae': 0.37869, 'r2': 0.86732, 'spearmanr': 0.96141, 'mse': 0.53647, 'rmse': 0.73244, 'loss_node': 4.608249342346191, 'loss_edge': 1.1221637981891632, 'loss_graph': 3.2217869166135786, 'loss_task': 0.3786919772624969, 'loss_encoder': 0.0}
train: {'epoch': 73, 'time_epoch': 18.89676, 'eta': 2404.00412, 'eta_hours': 0.66778, 'loss': 9.61037987, 'lr': 9.431e-05, 'params': 1823862, 'time_iter': 0.47242, 'mae': 0.39651, 'r2': 0.86653, 'spearmanr': 0.95755, 'mse': 0.53967, 'rmse': 0.73462, 'loss_node': 4.572523741912842, 'loss_edge': 1.1145210659623146, 'loss_graph': 3.1303224066734314, 'loss_task': 0.39650620861053465, 'loss_encoder': 0.0}
train: {'epoch': 74, 'time_epoch': 18.9032, 'eta': 2384.63106, 'eta_hours': 0.6624, 'loss': 9.51716899, 'lr': 9.382e-05, 'params': 1823862, 'time_iter': 0.47258, 'mae': 0.37688, 'r2': 0.87015, 'spearmanr': 0.9621, 'mse': 0.52502, 'rmse': 0.72458, 'loss_node': 4.542368197631836, 'loss_edge': 1.1188531779289246, 'loss_graph': 3.1021838240146637, 'loss_task': 0.3768819450378418, 'loss_encoder': 0.0}
train: {'epoch': 75, 'time_epoch': 18.86578, 'eta': 2365.20931, 'eta_hours': 0.657, 'loss': 9.32252392, 'lr': 9.33e-05, 'params': 1823862, 'time_iter': 0.47164, 'mae': 0.37541, 'r2': 0.87412, 'spearmanr': 0.96111, 'mse': 0.509, 'rmse': 0.71344, 'loss_node': 4.506350580978394, 'loss_edge': 1.1130729454994202, 'loss_graph': 2.9522788001537323, 'loss_task': 0.3754108239173889, 'loss_encoder': 0.0}
train: {'epoch': 76, 'time_epoch': 18.91537, 'eta': 2345.88122, 'eta_hours': 0.65163, 'loss': 9.16635732, 'lr': 9.277e-05, 'params': 1823862, 'time_iter': 0.47288, 'mae': 0.36235, 'r2': 0.879, 'spearmanr': 0.96306, 'mse': 0.48927, 'rmse': 0.69948, 'loss_node': 4.467084832000732, 'loss_edge': 1.1143681047439575, 'loss_graph': 2.860206702685356, 'loss_task': 0.36234883756637576, 'loss_encoder': 0.0}
train: {'epoch': 77, 'time_epoch': 18.91047, 'eta': 2326.55604, 'eta_hours': 0.64627, 'loss': 9.27533398, 'lr': 9.222e-05, 'params': 1823862, 'time_iter': 0.47276, 'mae': 0.36778, 'r2': 0.87926, 'spearmanr': 0.96265, 'mse': 0.48818, 'rmse': 0.6987, 'loss_node': 4.43083106803894, 'loss_edge': 1.1166267813801765, 'loss_graph': 2.992322269797325, 'loss_task': 0.36777695488929746, 'loss_encoder': 0.0}
train: {'epoch': 78, 'time_epoch': 18.89539, 'eta': 2307.21827, 'eta_hours': 0.64089, 'loss': 9.19515758, 'lr': 9.165e-05, 'params': 1823862, 'time_iter': 0.47238, 'mae': 0.38827, 'r2': 0.87123, 'spearmanr': 0.9596, 'mse': 0.52068, 'rmse': 0.72158, 'loss_node': 4.406146181106568, 'loss_edge': 1.1163169210910797, 'loss_graph': 2.8961477266788482, 'loss_task': 0.3882733079910278, 'loss_encoder': 0.0}
train: {'epoch': 79, 'time_epoch': 19.03636, 'eta': 2288.10301, 'eta_hours': 0.63558, 'loss': 8.92362795, 'lr': 9.106e-05, 'params': 1823862, 'time_iter': 0.47591, 'mae': 0.36516, 'r2': 0.87872, 'spearmanr': 0.96163, 'mse': 0.49039, 'rmse': 0.70028, 'loss_node': 4.3791563583374025, 'loss_edge': 1.1105877908706665, 'loss_graph': 2.7035683275461198, 'loss_task': 0.3651578125, 'loss_encoder': 0.0}
Inference: Switched to EMA weights
Inference: Restored training weights
Inference: Switched to EMA weights
Inference: Restored training weights
Inference: Switched to EMA weights
Inference: Restored training weights
Inference: Switched to EMA weights
Inference: Restored training weights
val: {'epoch': 79, 'time_epoch': 28.72456, 'loss': 0.49349658, 'lr': 0, 'params': 1823862, 'time_iter': 7.18114, 'mae': 0.4935, 'r2': 0.83087, 'spearmanr': 0.95783, 'mse': 0.66617, 'rmse': 0.81619}
Inference: Switched to EMA weights
Inference: Restored training weights
Inference: Switched to EMA weights
Inference: Restored training weights
Inference: Switched to EMA weights
Inference: Restored training weights
Inference: Switched to EMA weights
Inference: Restored training weights
test: {'epoch': 79, 'time_epoch': 28.7923, 'loss': 0.472405, 'lr': 0, 'params': 1823862, 'time_iter': 7.19807, 'mae': 0.4724, 'r2': 0.91678, 'spearmanr': 0.95663, 'mse': 0.33858, 'rmse': 0.58187}
> Epoch 79: took 76.6s (avg 25.6s) | Best so far: epoch 49	train_loss: 12.9615 train_mae: 0.4222	val_loss: 0.4489 val_mae: 0.4489	test_loss: 0.4283 test_mae: 0.4283
train: {'epoch': 80, 'time_epoch': 18.89345, 'eta': 2268.77975, 'eta_hours': 0.63022, 'loss': 8.81533503, 'lr': 9.045e-05, 'params': 1823862, 'time_iter': 0.47234, 'mae': 0.37597, 'r2': 0.88095, 'spearmanr': 0.95845, 'mse': 0.48135, 'rmse': 0.69379, 'loss_node': 4.347627239227295, 'loss_edge': 1.1105730999469756, 'loss_graph': 2.6051961605548857, 'loss_task': 0.3759693387508392, 'loss_encoder': 0.0}
train: {'epoch': 81, 'time_epoch': 18.87758, 'eta': 2249.44413, 'eta_hours': 0.62485, 'loss': 8.833186, 'lr': 8.983e-05, 'params': 1823862, 'time_iter': 0.47194, 'mae': 0.37595, 'r2': 0.87994, 'spearmanr': 0.96021, 'mse': 0.48545, 'rmse': 0.69674, 'loss_node': 4.318486545562744, 'loss_edge': 1.1151030660629273, 'loss_graph': 2.6476911918640136, 'loss_task': 0.3759525279521942, 'loss_encoder': 0.0}
train: {'epoch': 82, 'time_epoch': 18.89548, 'eta': 2230.14478, 'eta_hours': 0.61948, 'loss': 8.66141966, 'lr': 8.918e-05, 'params': 1823862, 'time_iter': 0.47239, 'mae': 0.36988, 'r2': 0.88149, 'spearmanr': 0.96181, 'mse': 0.47917, 'rmse': 0.69222, 'loss_node': 4.292548275375366, 'loss_edge': 1.1092781234264373, 'loss_graph': 2.519824139046669, 'loss_task': 0.36988450841903686, 'loss_encoder': 0.0}
train: {'epoch': 83, 'time_epoch': 18.89419, 'eta': 2210.85326, 'eta_hours': 0.61413, 'loss': 8.6206224, 'lr': 8.853e-05, 'params': 1823862, 'time_iter': 0.47235, 'mae': 0.37751, 'r2': 0.88076, 'spearmanr': 0.96012, 'mse': 0.48213, 'rmse': 0.69436, 'loss_node': 4.265528060913086, 'loss_edge': 1.1095914231300354, 'loss_graph': 2.4904904916763306, 'loss_task': 0.37750608384609224, 'loss_encoder': 0.0}
train: {'epoch': 84, 'time_epoch': 18.91947, 'eta': 2191.6053, 'eta_hours': 0.60878, 'loss': 8.63088242, 'lr': 8.785e-05, 'params': 1823862, 'time_iter': 0.47299, 'mae': 0.36681, 'r2': 0.88276, 'spearmanr': 0.9621, 'mse': 0.47405, 'rmse': 0.68851, 'loss_node': 4.241537450790405, 'loss_edge': 1.1053809403419494, 'loss_graph': 2.5503485867500304, 'loss_task': 0.36680773429870606, 'loss_encoder': 0.0}
train: {'epoch': 85, 'time_epoch': 19.04146, 'eta': 2172.52668, 'eta_hours': 0.60348, 'loss': 8.3841003, 'lr': 8.716e-05, 'params': 1823862, 'time_iter': 0.47604, 'mae': 0.36104, 'r2': 0.88912, 'spearmanr': 0.96123, 'mse': 0.44833, 'rmse': 0.66957, 'loss_node': 4.220773538970947, 'loss_edge': 1.1088522909164429, 'loss_graph': 2.3324000031709673, 'loss_task': 0.3610372570037842, 'loss_encoder': 0.0}
train: {'epoch': 86, 'time_epoch': 18.85453, 'eta': 2153.20611, 'eta_hours': 0.59811, 'loss': 8.39184154, 'lr': 8.645e-05, 'params': 1823862, 'time_iter': 0.47136, 'mae': 0.37553, 'r2': 0.87911, 'spearmanr': 0.96022, 'mse': 0.48882, 'rmse': 0.69916, 'loss_node': 4.194253005599975, 'loss_edge': 1.0997944492340088, 'loss_graph': 2.3467357002854348, 'loss_task': 0.3755291818141937, 'loss_encoder': 0.0}
train: {'epoch': 87, 'time_epoch': 18.88171, 'eta': 2133.93074, 'eta_hours': 0.59276, 'loss': 8.28384846, 'lr': 8.572e-05, 'params': 1823862, 'time_iter': 0.47204, 'mae': 0.36564, 'r2': 0.88466, 'spearmanr': 0.9625, 'mse': 0.46635, 'rmse': 0.6829, 'loss_node': 4.1677623046875, 'loss_edge': 1.100106515789032, 'loss_graph': 2.2847005525112154, 'loss_task': 0.36563934898376466, 'loss_encoder': 0.0}
train: {'epoch': 88, 'time_epoch': 18.84726, 'eta': 2114.62125, 'eta_hours': 0.58739, 'loss': 8.22766275, 'lr': 8.498e-05, 'params': 1823862, 'time_iter': 0.47118, 'mae': 0.35959, 'r2': 0.88901, 'spearmanr': 0.96172, 'mse': 0.44878, 'rmse': 0.66991, 'loss_node': 4.145041764068604, 'loss_edge': 1.1024083806991578, 'loss_graph': 2.261028267288208, 'loss_task': 0.3595921998500824, 'loss_encoder': 0.0}
train: {'epoch': 89, 'time_epoch': 18.90504, 'eta': 2095.39266, 'eta_hours': 0.58205, 'loss': 8.1359429, 'lr': 8.423e-05, 'params': 1823862, 'time_iter': 0.47263, 'mae': 0.36014, 'r2': 0.88994, 'spearmanr': 0.96169, 'mse': 0.44502, 'rmse': 0.6671, 'loss_node': 4.119141771316528, 'loss_edge': 1.1034873378753662, 'loss_graph': 2.193034708237648, 'loss_task': 0.3601394945144653, 'loss_encoder': 0.0}
Inference: Switched to EMA weights
Inference: Restored training weights
Inference: Switched to EMA weights
Inference: Restored training weights
Inference: Switched to EMA weights
Inference: Restored training weights
Inference: Switched to EMA weights
Inference: Restored training weights
val: {'epoch': 89, 'time_epoch': 28.72288, 'loss': 0.48611204, 'lr': 0, 'params': 1823862, 'time_iter': 7.18072, 'mae': 0.48611, 'r2': 0.85844, 'spearmanr': 0.9518, 'mse': 0.55756, 'rmse': 0.7467}
Inference: Switched to EMA weights
Inference: Restored training weights
Inference: Switched to EMA weights
Inference: Restored training weights
Inference: Switched to EMA weights
Inference: Restored training weights
Inference: Switched to EMA weights
Inference: Restored training weights
test: {'epoch': 89, 'time_epoch': 28.78743, 'loss': 0.44695746, 'lr': 0, 'params': 1823862, 'time_iter': 7.19686, 'mae': 0.44696, 'r2': 0.92469, 'spearmanr': 0.96206, 'mse': 0.30639, 'rmse': 0.55353}
> Epoch 89: took 76.4s (avg 25.5s) | Best so far: epoch 49	train_loss: 12.9615 train_mae: 0.4222	val_loss: 0.4489 val_mae: 0.4489	test_loss: 0.4283 test_mae: 0.4283
train: {'epoch': 90, 'time_epoch': 18.85837, 'eta': 2076.11527, 'eta_hours': 0.5767, 'loss': 8.10869754, 'lr': 8.346e-05, 'params': 1823862, 'time_iter': 0.47146, 'mae': 0.37065, 'r2': 0.88745, 'spearmanr': 0.95816, 'mse': 0.45509, 'rmse': 0.6746, 'loss_node': 4.095977494812011, 'loss_edge': 1.1000642166614532, 'loss_graph': 2.1713535599946976, 'loss_task': 0.37065114221572876, 'loss_encoder': 0.0}
train: {'epoch': 91, 'time_epoch': 19.02436, 'eta': 2057.04185, 'eta_hours': 0.5714, 'loss': 7.94262718, 'lr': 8.267e-05, 'params': 1823862, 'time_iter': 0.47561, 'mae': 0.36513, 'r2': 0.89129, 'spearmanr': 0.95943, 'mse': 0.43956, 'rmse': 0.66299, 'loss_node': 4.070154843902588, 'loss_edge': 1.095168265914917, 'loss_graph': 2.0470439556598663, 'loss_task': 0.36513013515472414, 'loss_encoder': 0.0}
train: {'epoch': 92, 'time_epoch': 18.84372, 'eta': 2037.76165, 'eta_hours': 0.56604, 'loss': 7.86735287, 'lr': 8.187e-05, 'params': 1823862, 'time_iter': 0.47109, 'mae': 0.35722, 'r2': 0.89004, 'spearmanr': 0.9618, 'mse': 0.4446, 'rmse': 0.66679, 'loss_node': 4.043242492675781, 'loss_edge': 1.1007318982124328, 'loss_graph': 2.0089316359043123, 'loss_task': 0.35722335052490234, 'loss_encoder': 0.0}
train: {'epoch': 93, 'time_epoch': 18.88089, 'eta': 2018.53265, 'eta_hours': 0.5607, 'loss': 7.75249428, 'lr': 8.106e-05, 'params': 1823862, 'time_iter': 0.47202, 'mae': 0.35779, 'r2': 0.88813, 'spearmanr': 0.96253, 'mse': 0.45232, 'rmse': 0.67255, 'loss_node': 4.0118201606750485, 'loss_edge': 1.0971610475540161, 'loss_graph': 1.9279274221658707, 'loss_task': 0.35779280467033386, 'loss_encoder': 0.0}
train: {'epoch': 94, 'time_epoch': 18.88652, 'eta': 1999.31721, 'eta_hours': 0.55537, 'loss': 7.80152837, 'lr': 8.023e-05, 'params': 1823862, 'time_iter': 0.47216, 'mae': 0.36559, 'r2': 0.88313, 'spearmanr': 0.96024, 'mse': 0.47257, 'rmse': 0.68743, 'loss_node': 3.983689784812927, 'loss_edge': 1.0905869504332542, 'loss_graph': 1.9960812923192979, 'loss_task': 0.36558521585464476, 'loss_encoder': 0.0}
train: {'epoch': 95, 'time_epoch': 18.87013, 'eta': 1980.09085, 'eta_hours': 0.55003, 'loss': 7.85235132, 'lr': 7.939e-05, 'params': 1823862, 'time_iter': 0.47175, 'mae': 0.37988, 'r2': 0.89247, 'spearmanr': 0.95924, 'mse': 0.43479, 'rmse': 0.65939, 'loss_node': 3.955420039367676, 'loss_edge': 1.0980494747161864, 'loss_graph': 2.0391284637451172, 'loss_task': 0.37987668223381044, 'loss_encoder': 0.0}
train: {'epoch': 96, 'time_epoch': 18.90871, 'eta': 1960.91281, 'eta_hours': 0.5447, 'loss': 7.58082907, 'lr': 7.854e-05, 'params': 1823862, 'time_iter': 0.47272, 'mae': 0.36327, 'r2': 0.88854, 'spearmanr': 0.96096, 'mse': 0.45069, 'rmse': 0.67133, 'loss_node': 3.934847858428955, 'loss_edge': 1.0844933563232422, 'loss_graph': 1.8349521085739136, 'loss_task': 0.3632678563117981, 'loss_encoder': 0.0}
train: {'epoch': 97, 'time_epoch': 18.87834, 'eta': 1941.70866, 'eta_hours': 0.53936, 'loss': 7.58551945, 'lr': 7.767e-05, 'params': 1823862, 'time_iter': 0.47196, 'mae': 0.3549, 'r2': 0.89485, 'spearmanr': 0.96232, 'mse': 0.42518, 'rmse': 0.65206, 'loss_node': 3.911040919113159, 'loss_edge': 1.092998853325844, 'loss_graph': 1.8716852645874023, 'loss_task': 0.354897142124176, 'loss_encoder': 0.0}
train: {'epoch': 98, 'time_epoch': 19.06037, 'eta': 1922.6968, 'eta_hours': 0.53408, 'loss': 7.49614857, 'lr': 7.679e-05, 'params': 1823862, 'time_iter': 0.47651, 'mae': 0.36187, 'r2': 0.89292, 'spearmanr': 0.96163, 'mse': 0.43295, 'rmse': 0.65799, 'loss_node': 3.884626963806152, 'loss_edge': 1.0912403487682343, 'loss_graph': 1.7965322357416154, 'loss_task': 0.36187450733184817, 'loss_encoder': 0.0}
train: {'epoch': 99, 'time_epoch': 18.86856, 'eta': 1903.49216, 'eta_hours': 0.52875, 'loss': 7.44724713, 'lr': 7.59e-05, 'params': 1823862, 'time_iter': 0.47171, 'mae': 0.3546, 'r2': 0.89455, 'spearmanr': 0.96201, 'mse': 0.42637, 'rmse': 0.65297, 'loss_node': 3.859870777130127, 'loss_edge': 1.0874582370758057, 'loss_graph': 1.7907087815284728, 'loss_task': 0.35460472722053527, 'loss_encoder': 0.0}
Inference: Switched to EMA weights
Inference: Restored training weights
Inference: Switched to EMA weights
Inference: Restored training weights
Inference: Switched to EMA weights
Inference: Restored training weights
Inference: Switched to EMA weights
Inference: Restored training weights
val: {'epoch': 99, 'time_epoch': 28.70762, 'loss': 0.4702592, 'lr': 0, 'params': 1823862, 'time_iter': 7.17691, 'mae': 0.47026, 'r2': 0.89672, 'spearmanr': 0.95814, 'mse': 0.40679, 'rmse': 0.6378}
Inference: Switched to EMA weights
Inference: Restored training weights
Inference: Switched to EMA weights
Inference: Restored training weights
Inference: Switched to EMA weights
Inference: Restored training weights
Inference: Switched to EMA weights
Inference: Restored training weights
test: {'epoch': 99, 'time_epoch': 28.79334, 'loss': 0.42464548, 'lr': 0, 'params': 1823862, 'time_iter': 7.19833, 'mae': 0.42465, 'r2': 0.93106, 'spearmanr': 0.96188, 'mse': 0.28045, 'rmse': 0.52957}
> Epoch 99: took 76.4s (avg 25.4s) | Best so far: epoch 49	train_loss: 12.9615 train_mae: 0.4222	val_loss: 0.4489 val_mae: 0.4489	test_loss: 0.4283 test_mae: 0.4283
train: {'epoch': 100, 'time_epoch': 18.85596, 'eta': 1884.28182, 'eta_hours': 0.52341, 'loss': 7.32266064, 'lr': 7.5e-05, 'params': 1823862, 'time_iter': 0.4714, 'mae': 0.35381, 'r2': 0.89423, 'spearmanr': 0.96197, 'mse': 0.42766, 'rmse': 0.65396, 'loss_node': 3.835089971923828, 'loss_edge': 1.0862585898399353, 'loss_graph': 1.6937001350402832, 'loss_task': 0.35380599975585936, 'loss_encoder': 0.0}
train: {'epoch': 101, 'time_epoch': 18.84793, 'eta': 1865.07071, 'eta_hours': 0.51808, 'loss': 7.37926248, 'lr': 7.409e-05, 'params': 1823862, 'time_iter': 0.4712, 'mae': 0.36705, 'r2': 0.88977, 'spearmanr': 0.96026, 'mse': 0.44569, 'rmse': 0.6676, 'loss_node': 3.8083080028533938, 'loss_edge': 1.0873149321079254, 'loss_graph': 1.7495367096424104, 'loss_task': 0.3670513981819153, 'loss_encoder': 0.0}
train: {'epoch': 102, 'time_epoch': 18.88824, 'eta': 1845.90461, 'eta_hours': 0.51275, 'loss': 7.44110257, 'lr': 7.316e-05, 'params': 1823862, 'time_iter': 0.47221, 'mae': 0.36477, 'r2': 0.89754, 'spearmanr': 0.96063, 'mse': 0.41428, 'rmse': 0.64365, 'loss_node': 3.783014323425293, 'loss_edge': 1.0924855049133302, 'loss_graph': 1.836068077659607, 'loss_task': 0.364767373752594, 'loss_encoder': 0.0}
train: {'epoch': 103, 'time_epoch': 18.88016, 'eta': 1826.7364, 'eta_hours': 0.50743, 'loss': 7.17967933, 'lr': 7.223e-05, 'params': 1823862, 'time_iter': 0.472, 'mae': 0.35792, 'r2': 0.89711, 'spearmanr': 0.96179, 'mse': 0.41604, 'rmse': 0.64501, 'loss_node': 3.7646597770690917, 'loss_edge': 1.0915320161819457, 'loss_graph': 1.6076447846412658, 'loss_task': 0.35792136764526367, 'loss_encoder': 0.0}
train: {'epoch': 104, 'time_epoch': 18.89255, 'eta': 1807.58489, 'eta_hours': 0.50211, 'loss': 7.1279792, 'lr': 7.129e-05, 'params': 1823862, 'time_iter': 0.47231, 'mae': 0.34745, 'r2': 0.90041, 'spearmanr': 0.96312, 'mse': 0.40269, 'rmse': 0.63458, 'loss_node': 3.737984758758545, 'loss_edge': 1.0873378830909728, 'loss_graph': 1.6077627014160156, 'loss_task': 0.3474469575405121, 'loss_encoder': 0.0}
train: {'epoch': 105, 'time_epoch': 18.86425, 'eta': 1788.41317, 'eta_hours': 0.49678, 'loss': 7.09171789, 'lr': 7.034e-05, 'params': 1823862, 'time_iter': 0.47161, 'mae': 0.35799, 'r2': 0.89353, 'spearmanr': 0.96192, 'mse': 0.43049, 'rmse': 0.65612, 'loss_node': 3.712189461135864, 'loss_edge': 1.087638525390625, 'loss_graph': 1.5759164772510528, 'loss_task': 0.35798669090270996, 'loss_encoder': 0.0}
train: {'epoch': 106, 'time_epoch': 18.86191, 'eta': 1769.24516, 'eta_hours': 0.49146, 'loss': 7.0097382, 'lr': 6.938e-05, 'params': 1823862, 'time_iter': 0.47155, 'mae': 0.34783, 'r2': 0.90579, 'spearmanr': 0.96381, 'mse': 0.38093, 'rmse': 0.6172, 'loss_node': 3.68998680267334, 'loss_edge': 1.0849435988426208, 'loss_graph': 1.5391469176530839, 'loss_task': 0.3478303849220276, 'loss_encoder': 0.0}
train: {'epoch': 107, 'time_epoch': 18.86476, 'eta': 1750.08525, 'eta_hours': 0.48613, 'loss': 6.91865281, 'lr': 6.841e-05, 'params': 1823862, 'time_iter': 0.47162, 'mae': 0.35199, 'r2': 0.90068, 'spearmanr': 0.96263, 'mse': 0.4016, 'rmse': 0.63372, 'loss_node': 3.660727866744995, 'loss_edge': 1.0903664073944093, 'loss_graph': 1.463583417081833, 'loss_task': 0.3519874830722809, 'loss_encoder': 0.0}
train: {'epoch': 108, 'time_epoch': 18.8742, 'eta': 1730.93864, 'eta_hours': 0.48082, 'loss': 6.84656462, 'lr': 6.743e-05, 'params': 1823862, 'time_iter': 0.47186, 'mae': 0.35173, 'r2': 0.90056, 'spearmanr': 0.96264, 'mse': 0.40208, 'rmse': 0.6341, 'loss_node': 3.631002210998535, 'loss_edge': 1.0832807235717774, 'loss_graph': 1.4288235510110856, 'loss_task': 0.35172907400131226, 'loss_encoder': 0.0}
train: {'epoch': 109, 'time_epoch': 19.06961, 'eta': 1711.95685, 'eta_hours': 0.47554, 'loss': 6.79830163, 'lr': 6.644e-05, 'params': 1823862, 'time_iter': 0.47674, 'mae': 0.34573, 'r2': 0.90465, 'spearmanr': 0.96371, 'mse': 0.38555, 'rmse': 0.62093, 'loss_node': 3.6005945873260496, 'loss_edge': 1.0836591561079025, 'loss_graph': 1.4225961485385894, 'loss_task': 0.3457258994102478, 'loss_encoder': 0.0}
Inference: Switched to EMA weights
Inference: Restored training weights
Inference: Switched to EMA weights
Inference: Restored training weights
Inference: Switched to EMA weights
Inference: Restored training weights
Inference: Switched to EMA weights
Inference: Restored training weights
val: {'epoch': 109, 'time_epoch': 28.70515, 'loss': 0.40596323, 'lr': 0, 'params': 1823862, 'time_iter': 7.17629, 'mae': 0.40596, 'r2': 0.91903, 'spearmanr': 0.96208, 'mse': 0.31891, 'rmse': 0.56472}
Inference: Switched to EMA weights
Inference: Restored training weights
Inference: Switched to EMA weights
Inference: Restored training weights
Inference: Switched to EMA weights
Inference: Restored training weights
Inference: Switched to EMA weights
Inference: Restored training weights
test: {'epoch': 109, 'time_epoch': 28.78616, 'loss': 0.40266711, 'lr': 0, 'params': 1823862, 'time_iter': 7.19654, 'mae': 0.40267, 'r2': 0.93806, 'spearmanr': 0.96436, 'mse': 0.252, 'rmse': 0.50199}
> Epoch 109: took 76.6s (avg 25.3s) | Best so far: epoch 109	train_loss: 6.7983 train_mae: 0.3457	val_loss: 0.4060 val_mae: 0.4060	test_loss: 0.4027 test_mae: 0.4027
train: {'epoch': 110, 'time_epoch': 18.87366, 'eta': 1692.81638, 'eta_hours': 0.47023, 'loss': 6.67726213, 'lr': 6.545e-05, 'params': 1823862, 'time_iter': 0.47184, 'mae': 0.35009, 'r2': 0.90789, 'spearmanr': 0.96367, 'mse': 0.37245, 'rmse': 0.61029, 'loss_node': 3.567713526535034, 'loss_edge': 1.085637402868271, 'loss_graph': 1.3237399550914764, 'loss_task': 0.35008560485839846, 'loss_encoder': 0.0}
train: {'epoch': 111, 'time_epoch': 18.89298, 'eta': 1673.69585, 'eta_hours': 0.46492, 'loss': 6.63046468, 'lr': 6.445e-05, 'params': 1823862, 'time_iter': 0.47232, 'mae': 0.34773, 'r2': 0.90713, 'spearmanr': 0.96322, 'mse': 0.37551, 'rmse': 0.61279, 'loss_node': 3.531985919189453, 'loss_edge': 1.0836040674209595, 'loss_graph': 1.3194212796568872, 'loss_task': 0.34772673144340516, 'loss_encoder': 0.0}
train: {'epoch': 112, 'time_epoch': 18.89758, 'eta': 1654.58289, 'eta_hours': 0.45961, 'loss': 6.62958792, 'lr': 6.345e-05, 'params': 1823862, 'time_iter': 0.47244, 'mae': 0.3656, 'r2': 0.90435, 'spearmanr': 0.96122, 'mse': 0.38677, 'rmse': 0.62191, 'loss_node': 3.497013680267334, 'loss_edge': 1.0829556856155396, 'loss_graph': 1.3184215072631835, 'loss_task': 0.36559853620529176, 'loss_encoder': 0.0}
train: {'epoch': 113, 'time_epoch': 18.86233, 'eta': 1635.44711, 'eta_hours': 0.45429, 'loss': 6.50076715, 'lr': 6.243e-05, 'params': 1823862, 'time_iter': 0.47156, 'mae': 0.3498, 'r2': 0.90901, 'spearmanr': 0.96419, 'mse': 0.3679, 'rmse': 0.60655, 'loss_node': 3.4625741344451906, 'loss_edge': 1.0755095297336579, 'loss_graph': 1.2630774708986283, 'loss_task': 0.34980300402641296, 'loss_encoder': 0.0}
