[wisteria] ROOT=/work/gp15/q25030
[wisteria] CODE=/work/gp15/q25030/LatentGraphDiffusion
[wisteria] DATA=/work/gp15/q25030/LatentGraphDiffusion/data
[wisteria] RUNS=/work/gp15/q25030/LatentGraphDiffusion/runs
[wisteria] RESULTS=/work/gp15/q25030/LatentGraphDiffusion/runs (unified with RUNS)
=== LGD Wisteria Job ===
Dataset     : zinc
Mode        : flow
Config      : cfg/my_zinc-flow_baseline.yaml
Checkpoint  : runs/zinc_encoder_20250918_130725/my_zinc-encoder_baseline/0/ckpt/49.ckpt
Repeat      : 1
Max Epoch   : 50
Experiment  : zinc_flow_20250918_151610
Out Dir     : /work/gp15/q25030/LatentGraphDiffusion/runs/zinc_flow_20250918_151610
W&B Name    : zinc_flow_zinc_flow_20250918_151610
Start time  : Thu Sep 18 15:16:10 JST 2025
[wandb] entity='shokuno-the-university-of-tokyo', mode='online'
Env check:
PyTorch: 2.0.1
CUDA available: True
CUDA device count: 8
PyG: 2.3.1
Using encoder checkpoint: runs/zinc_encoder_20250918_130725/my_zinc-encoder_baseline/0/ckpt/49.ckpt
Starting ZINC flow matching training...
Config: cfg/my_zinc-flow_baseline.yaml
Max Epoch: 50
Out dir: /workspace/runs/zinc_flow_20250918_151610
/opt/conda/lib/python3.10/site-packages/lightning_fabric/__init__.py:40: pkg_resources is deprecated as an API. See https://setuptools.pypa.io/en/latest/pkg_resources.html. The pkg_resources package is slated for removal as early as 2025-11-30. Refrain from using this package or pin to Setuptools<81.
Warning: Could not import san2_layer: cannot import name 'negate_edge_index' from 'lgd.utils' (/workspace/lgd/utils/__init__.py)
Warning: Could not import grit_layer: No module named 'opt_einsum'
Warning: Could not import san_layer: cannot import name 'negate_edge_index' from 'lgd.utils' (/workspace/lgd/utils/__init__.py)
WARNING:root:Layers after message passing should be >=1
./datasets/ZINC
[*] Loaded dataset 'subset' from 'PyG-ZINC':
/opt/conda/lib/python3.10/site-packages/torch_geometric/data/in_memory_dataset.py:157: UserWarning: It is not recommended to directly access the internal storage format `data` of an 'InMemoryDataset'. If you are absolutely certain what you are doing, access the internal storage via `InMemoryDataset._data` instead to suppress this warning. Alternatively, you can access stacked individual attributes of every graph via `dataset.{attr_name}`.
  warnings.warn(msg)
  Data(x=[277864, 1], edge_index=[2, 597970], edge_attr=[597970], y=[12000])
  undirected: True
  num graphs: 12000
/opt/conda/lib/python3.10/site-packages/torch_geometric/data/in_memory_dataset.py:157: UserWarning: It is not recommended to directly access the internal storage format `data` of an 'InMemoryDataset'. The data of the dataset is already cached, so any modifications to `data` will not be reflected when accessing its elements. Clearing the cache now by removing all elements in `dataset._data_list`. If you are absolutely certain what you are doing, access the internal storage via `InMemoryDataset._data` instead to suppress this warning. Alternatively, you can access stacked individual attributes of every graph via `dataset.{attr_name}`.
  warnings.warn(msg)
  avg num_nodes/graph: 23
  num node features: 1
  num edge features: 1
  num classes: (appears to be a regression task)
Precomputing Positional Encoding statistics: ['RRWP'] for all graphs...
  ...estimated to be undirected: True
  0%|          | 0/12000 [00:00<?, ?it/s]100%|██████████| 12000/12000 [00:07<00:00, 1523.48it/s]
Done! Took 00:00:08.43
Adding virtual node and edges
  0%|          | 0/12000 [00:00<?, ?it/s]100%|██████████| 12000/12000 [00:06<00:00, 1728.20it/s]
Preprocessing PE
  0%|          | 0/12000 [00:00<?, ?it/s]100%|██████████| 12000/12000 [00:03<00:00, 3679.11it/s]
[*] Run ID 0: seed=0, split_index=0
    Starting now: 2025-09-18 15:17:00.406034
/opt/conda/lib/python3.10/site-packages/torch/nn/init.py:405: UserWarning: Initializing zero-element tensors is a no-op
  warnings.warn("Initializing zero-element tensors is a no-op")
Restored encoder from runs/zinc_encoder_20250918_130725/my_zinc-encoder_baseline/0/ckpt/49.ckpt
Missing Keys: 0, Unexpected Keys: 0
Using first stage also as cond stage.
VelocityWrapper has 0.93 M params.
Keeping EMAs of 434.
LatentFlow(
  (first_stage_model): GraphTransformerEncoder(
    (act): ReLU()
    (node_emb): TypeDictNodeEncoder(
      (encoder): Embedding(27, 36, padding_idx=0)
    )
    (edge_emb): TypeDictEdgeEncoder(
      (encoder): Embedding(14, 36, padding_idx=0)
    )
    (prefix_emb): Embedding(1, 64, padding_idx=0)
    (label_embed_regression): Sequential(
      (0): Linear(in_features=1, out_features=128, bias=True)
      (1): ReLU()
      (2): Linear(in_features=128, out_features=64, bias=True)
      (3): Identity()
      (4): ReLU()
    )
    (label_embed_classification): Embedding(3, 64)
    (posenc_emb): Sequential(
      (0): Identity()
      (1): Linear(in_features=20, out_features=28, bias=True)
    )
    (posenc_emb_edge): Sequential(
      (0): Identity()
      (1): Linear(in_features=20, out_features=28, bias=True)
    )
    (node_in_mlp): Sequential(
      (0): Linear(in_features=64, out_features=128, bias=True)
      (1): ReLU()
      (2): Linear(in_features=128, out_features=64, bias=True)
    )
    (edge_in_mlp): Sequential(
      (0): Linear(in_features=64, out_features=128, bias=True)
      (1): ReLU()
      (2): Linear(in_features=128, out_features=64, bias=True)
    )
    (batch_norm_in_h): BatchNorm1d(64, eps=1e-05, momentum=0.1, affine=True, track_running_stats=True)
    (batch_norm_in_e): BatchNorm1d(64, eps=1e-05, momentum=0.1, affine=True, track_running_stats=True)
    (GTE_layers): ModuleList(
      (0-9): 10 x GraphTransformerEncoderLayer(in_channels=64, out_channels=64, heads=4, residual=True)
      [GraphTransformerEncoderLayer(
        (act): ReLU()
        (attention): GTE_Attention(
          (dropout): Dropout(p=0.5, inplace=False)
          (Q): Linear(in_features=64, out_features=64, bias=True)
          (K): Linear(in_features=64, out_features=64, bias=False)
          (E): Linear(in_features=64, out_features=128, bias=True)
          (V): Linear(in_features=64, out_features=64, bias=False)
          (act): ReLU()
        )
        (mpnn): GINE(
          (dropout): Dropout(p=0.0, inplace=False)
          (act): ReLU()
          (lin_edge): Linear(in_features=64, out_features=64, bias=True)
          (mlp): Sequential(
            (0): Linear(in_features=64, out_features=128, bias=True)
            (1): ReLU()
            (2): Linear(in_features=128, out_features=64, bias=True)
          )
        )
        (temb_proj_h): Linear(in_features=0, out_features=64, bias=True)
        (temb_proj_e): Linear(in_features=0, out_features=64, bias=True)
        (O_h): Linear(in_features=64, out_features=64, bias=True)
        (O_e): Linear(in_features=64, out_features=64, bias=True)
        (batch_norm1_h): BatchNorm1d(64, eps=1e-05, momentum=0.1, affine=True, track_running_stats=True)
        (batch_norm1_e): BatchNorm1d(64, eps=1e-05, momentum=0.1, affine=True, track_running_stats=True)
        (FFN_h_layer1): Linear(in_features=64, out_features=128, bias=True)
        (FFN_h_layer2): Linear(in_features=128, out_features=64, bias=True)
        (FFN_e_layer1): Linear(in_features=64, out_features=128, bias=True)
        (FFN_e_layer2): Linear(in_features=128, out_features=64, bias=True)
        (batch_norm2_h): BatchNorm1d(64, eps=1e-05, momentum=0.1, affine=True, track_running_stats=True)
        (batch_norm2_e): BatchNorm1d(64, eps=1e-05, momentum=0.1, affine=True, track_running_stats=True)
      )]
    )
    (final_layer_node): Sequential(
      (0): Linear(in_features=64, out_features=8, bias=True)
      (1): ReLU()
      (2): Linear(in_features=8, out_features=4, bias=True)
    )
    (final_layer_edge): Sequential(
      (0): Linear(in_features=64, out_features=8, bias=True)
      (1): ReLU()
      (2): Linear(in_features=8, out_features=4, bias=True)
    )
    (graph_out_mlp): Sequential(
      (0): Linear(in_features=4, out_features=8, bias=True)
      (1): ReLU()
      (2): Linear(in_features=8, out_features=4, bias=True)
    )
    (graph_out_mlp_2): Sequential(
      (0): Linear(in_features=4, out_features=8, bias=True)
      (1): ReLU()
      (2): Linear(in_features=8, out_features=4, bias=True)
    )
    (decode_node): Linear(in_features=4, out_features=31, bias=True)
    (decode_edge): Linear(in_features=4, out_features=14, bias=True)
    (decode_graph): Linear(in_features=4, out_features=1, bias=True)
  )
  (cond_stage_model): GraphTransformerEncoder(
    (act): ReLU()
    (node_emb): TypeDictNodeEncoder(
      (encoder): Embedding(27, 36, padding_idx=0)
    )
    (edge_emb): TypeDictEdgeEncoder(
      (encoder): Embedding(14, 36, padding_idx=0)
    )
    (prefix_emb): Embedding(1, 64, padding_idx=0)
    (label_embed_regression): Sequential(
      (0): Linear(in_features=1, out_features=128, bias=True)
      (1): ReLU()
      (2): Linear(in_features=128, out_features=64, bias=True)
      (3): Identity()
      (4): ReLU()
    )
    (label_embed_classification): Embedding(3, 64)
    (posenc_emb): Sequential(
      (0): Identity()
      (1): Linear(in_features=20, out_features=28, bias=True)
    )
    (posenc_emb_edge): Sequential(
      (0): Identity()
      (1): Linear(in_features=20, out_features=28, bias=True)
    )
    (node_in_mlp): Sequential(
      (0): Linear(in_features=64, out_features=128, bias=True)
      (1): ReLU()
      (2): Linear(in_features=128, out_features=64, bias=True)
    )
    (edge_in_mlp): Sequential(
      (0): Linear(in_features=64, out_features=128, bias=True)
      (1): ReLU()
      (2): Linear(in_features=128, out_features=64, bias=True)
    )
    (batch_norm_in_h): BatchNorm1d(64, eps=1e-05, momentum=0.1, affine=True, track_running_stats=True)
    (batch_norm_in_e): BatchNorm1d(64, eps=1e-05, momentum=0.1, affine=True, track_running_stats=True)
    (GTE_layers): ModuleList(
      (0-9): 10 x GraphTransformerEncoderLayer(in_channels=64, out_channels=64, heads=4, residual=True)
      [GraphTransformerEncoderLayer(
        (act): ReLU()
        (attention): GTE_Attention(
          (dropout): Dropout(p=0.5, inplace=False)
          (Q): Linear(in_features=64, out_features=64, bias=True)
          (K): Linear(in_features=64, out_features=64, bias=False)
          (E): Linear(in_features=64, out_features=128, bias=True)
          (V): Linear(in_features=64, out_features=64, bias=False)
          (act): ReLU()
        )
        (mpnn): GINE(
          (dropout): Dropout(p=0.0, inplace=False)
          (act): ReLU()
          (lin_edge): Linear(in_features=64, out_features=64, bias=True)
          (mlp): Sequential(
            (0): Linear(in_features=64, out_features=128, bias=True)
            (1): ReLU()
            (2): Linear(in_features=128, out_features=64, bias=True)
          )
        )
        (temb_proj_h): Linear(in_features=0, out_features=64, bias=True)
        (temb_proj_e): Linear(in_features=0, out_features=64, bias=True)
        (O_h): Linear(in_features=64, out_features=64, bias=True)
        (O_e): Linear(in_features=64, out_features=64, bias=True)
        (batch_norm1_h): BatchNorm1d(64, eps=1e-05, momentum=0.1, affine=True, track_running_stats=True)
        (batch_norm1_e): BatchNorm1d(64, eps=1e-05, momentum=0.1, affine=True, track_running_stats=True)
        (FFN_h_layer1): Linear(in_features=64, out_features=128, bias=True)
        (FFN_h_layer2): Linear(in_features=128, out_features=64, bias=True)
        (FFN_e_layer1): Linear(in_features=64, out_features=128, bias=True)
        (FFN_e_layer2): Linear(in_features=128, out_features=64, bias=True)
        (batch_norm2_h): BatchNorm1d(64, eps=1e-05, momentum=0.1, affine=True, track_running_stats=True)
        (batch_norm2_e): BatchNorm1d(64, eps=1e-05, momentum=0.1, affine=True, track_running_stats=True)
      )]
    )
    (final_layer_node): Sequential(
      (0): Linear(in_features=64, out_features=8, bias=True)
      (1): ReLU()
      (2): Linear(in_features=8, out_features=4, bias=True)
    )
    (final_layer_edge): Sequential(
      (0): Linear(in_features=64, out_features=8, bias=True)
      (1): ReLU()
      (2): Linear(in_features=8, out_features=4, bias=True)
    )
    (graph_out_mlp): Sequential(
      (0): Linear(in_features=4, out_features=8, bias=True)
      (1): ReLU()
      (2): Linear(in_features=8, out_features=4, bias=True)
    )
    (graph_out_mlp_2): Sequential(
      (0): Linear(in_features=4, out_features=8, bias=True)
      (1): ReLU()
      (2): Linear(in_features=8, out_features=4, bias=True)
    )
    (decode_node): Linear(in_features=4, out_features=31, bias=True)
    (decode_edge): Linear(in_features=4, out_features=14, bias=True)
    (decode_graph): Linear(in_features=4, out_features=1, bias=True)
  )
  (model): VelocityWrapper(
    (denoiser): DenoisingTransformer(
      (act): ReLU()
      (node_in_mlp): Sequential(
        (0): Linear(in_features=4, out_features=128, bias=True)
        (1): ReLU()
        (2): Linear(in_features=128, out_features=64, bias=True)
      )
      (edge_in_mlp): Sequential(
        (0): Linear(in_features=4, out_features=128, bias=True)
        (1): ReLU()
        (2): Linear(in_features=128, out_features=64, bias=True)
      )
      (cond_in_mlp): Sequential(
        (0): Linear(in_features=4, out_features=128, bias=True)
        (1): ReLU()
        (2): Linear(in_features=128, out_features=64, bias=True)
        (3): LayerNorm((64,), eps=1e-05, elementwise_affine=True)
        (4): ReLU()
      )
      (cond_in_mlp_2): Sequential(
        (0): Linear(in_features=4, out_features=128, bias=True)
        (1): ReLU()
        (2): Linear(in_features=128, out_features=64, bias=True)
        (3): LayerNorm((64,), eps=1e-05, elementwise_affine=True)
        (4): ReLU()
      )
      (cond_in_mlp_3): Sequential(
        (0): Linear(in_features=4, out_features=128, bias=True)
        (1): ReLU()
        (2): Linear(in_features=128, out_features=64, bias=True)
        (3): LayerNorm((64,), eps=1e-05, elementwise_affine=True)
        (4): ReLU()
      )
      (cond_res_mlp): Sequential(
        (0): Linear(in_features=4, out_features=8, bias=True)
        (1): ReLU()
        (2): Linear(in_features=8, out_features=4, bias=True)
        (3): LayerNorm((4,), eps=1e-05, elementwise_affine=True)
        (4): ReLU()
      )
      (layer_norm_in_h): LayerNorm((64,), eps=1e-05, elementwise_affine=True)
      (layer_norm_in_e): LayerNorm((64,), eps=1e-05, elementwise_affine=True)
      (temb_layer): Sequential(
        (0): Linear(in_features=64, out_features=128, bias=True)
        (1): ReLU()
        (2): Linear(in_features=128, out_features=64, bias=True)
      )
      (denoising_layers): ModuleList(
        (0-3): 4 x DenoisingTransformerLayer(in_channels=64, out_channels=64, heads=8, residual=True)
        [DenoisingTransformerLayer(
          (act): ReLU()
          (cross_attention): Cross_Attention(
            (dropout): Dropout(p=0.25, inplace=False)
            (Q): Linear(in_features=64, out_features=64, bias=True)
            (K): Linear(in_features=64, out_features=64, bias=False)
            (E1): Linear(in_features=64, out_features=64, bias=True)
            (E2): Linear(in_features=64, out_features=64, bias=True)
            (V): Linear(in_features=64, out_features=64, bias=False)
            (H): Linear(in_features=64, out_features=64, bias=True)
            (G1): Linear(in_features=64, out_features=64, bias=True)
            (G2): Linear(in_features=64, out_features=64, bias=True)
            (act): ReLU()
          )
          (attention): GTE_Attention(
            (dropout): Dropout(p=0.25, inplace=False)
            (Q): Linear(in_features=64, out_features=64, bias=True)
            (K): Linear(in_features=64, out_features=64, bias=False)
            (E): Linear(in_features=64, out_features=128, bias=True)
            (V): Linear(in_features=64, out_features=64, bias=False)
            (act): ReLU()
          )
          (temb_proj_h): Linear(in_features=64, out_features=64, bias=True)
          (temb_proj_e): Linear(in_features=64, out_features=64, bias=True)
          (O_h): Linear(in_features=64, out_features=64, bias=True)
          (O_e): Linear(in_features=64, out_features=64, bias=True)
          (O_h2): Linear(in_features=64, out_features=64, bias=True)
          (O_e2): Linear(in_features=64, out_features=64, bias=True)
          (FFN_h_layer1): Linear(in_features=64, out_features=128, bias=True)
          (FFN_h_layer2): Linear(in_features=128, out_features=64, bias=True)
          (FFN_h_layer3): Linear(in_features=64, out_features=128, bias=True)
          (FFN_h_layer4): Linear(in_features=128, out_features=64, bias=True)
          (FFN_e_layer1): Linear(in_features=64, out_features=128, bias=True)
          (FFN_e_layer2): Linear(in_features=128, out_features=64, bias=True)
          (FFN_e_layer3): Linear(in_features=64, out_features=128, bias=True)
          (FFN_e_layer4): Linear(in_features=128, out_features=64, bias=True)
          (layer_norm1_h): LayerNorm((64,), eps=1e-05, elementwise_affine=True)
          (layer_norm1_e): LayerNorm((64,), eps=1e-05, elementwise_affine=True)
          (layer_norm2_h): LayerNorm((64,), eps=1e-05, elementwise_affine=True)
          (layer_norm2_e): LayerNorm((64,), eps=1e-05, elementwise_affine=True)
          (layer_norm3_h): LayerNorm((64,), eps=1e-05, elementwise_affine=True)
          (layer_norm3_e): LayerNorm((64,), eps=1e-05, elementwise_affine=True)
          (layer_norm4_h): LayerNorm((64,), eps=1e-05, elementwise_affine=True)
          (layer_norm4_e): LayerNorm((64,), eps=1e-05, elementwise_affine=True)
        )]
      )
      (self_attn_layers): ModuleList(
        (0-3): 4 x GraphTransformerEncoderLayer(in_channels=64, out_channels=64, heads=8, residual=True)
        [GraphTransformerEncoderLayer(
          (act): ReLU()
          (attention): GTE_Attention(
            (dropout): Dropout(p=0.25, inplace=False)
            (Q): Linear(in_features=64, out_features=64, bias=True)
            (K): Linear(in_features=64, out_features=64, bias=False)
            (E): Linear(in_features=64, out_features=128, bias=True)
            (V): Linear(in_features=64, out_features=64, bias=False)
            (act): ReLU()
          )
          (temb_proj_h): Linear(in_features=64, out_features=64, bias=True)
          (temb_proj_e): Linear(in_features=64, out_features=64, bias=True)
          (O_h): Linear(in_features=64, out_features=64, bias=True)
          (O_e): Linear(in_features=64, out_features=64, bias=True)
          (layer_norm1_h): LayerNorm((64,), eps=1e-05, elementwise_affine=True)
          (layer_norm1_e): LayerNorm((64,), eps=1e-05, elementwise_affine=True)
          (FFN_h_layer1): Linear(in_features=64, out_features=128, bias=True)
          (FFN_h_layer2): Linear(in_features=128, out_features=64, bias=True)
          (FFN_e_layer1): Linear(in_features=64, out_features=128, bias=True)
          (FFN_e_layer2): Linear(in_features=128, out_features=64, bias=True)
          (layer_norm2_h): LayerNorm((64,), eps=1e-05, elementwise_affine=True)
          (layer_norm2_e): LayerNorm((64,), eps=1e-05, elementwise_affine=True)
        )]
      )
      (final_layer_node): Sequential(
        (0): Linear(in_features=64, out_features=8, bias=True)
        (1): ReLU()
        (2): Linear(in_features=8, out_features=4, bias=True)
      )
      (final_layer_edge): Sequential(
        (0): Linear(in_features=64, out_features=8, bias=True)
        (1): ReLU()
        (2): Linear(in_features=8, out_features=4, bias=True)
      )
      (graph_out_mlp): Sequential(
        (0): Linear(in_features=4, out_features=8, bias=True)
        (1): ReLU()
        (2): Linear(in_features=8, out_features=4, bias=True)
      )
      (graph_out_mlp_2): Sequential(
        (0): Linear(in_features=4, out_features=8, bias=True)
        (1): ReLU()
        (2): Linear(in_features=8, out_features=4, bias=True)
      )
    )
  )
  (model_ema): LitEma()
)
accelerator: cuda:0
benchmark: False
bn:
  eps: 1e-05
  mom: 0.1
cfg_dest: config.yaml
cond:
  attn:
    O_e: True
    act: relu
    attn_dropout: 0.0
    batch_norm: True
    bn_momentum: 0.1
    bn_no_runner: False
    clamp: 5.0
    deg_scaler: False
    edge_enhance: True
    full_attn: True
    layer_norm: False
    norm_e: True
    sparse: False
    use: True
    use_bias: False
  batch_norm: True
  bn_momentum: 0.1
  bn_no_runner: False
  edge_encoder_name: TypeDictEdge
  layer_norm: False
  node_encoder_name: TypeDictNode
custom_metrics: []
dataset:
  add_virtual_node_edge: True
  cache_load: False
  cache_save: False
  dir: ./datasets
  edge_dim: 128
  edge_encoder: True
  edge_encoder_bn: False
  edge_encoder_name: TypeDictEdge
  edge_encoder_num_types: 4
  edge_message_ratio: 0.8
  edge_negative_sampling_ratio: 1.0
  edge_train_mode: all
  encoder: True
  encoder_bn: True
  encoder_dim: 128
  encoder_name: db
  format: PyG-ZINC
  label_column: none
  label_table: none
  location: local
  name: subset
  node_encoder: True
  node_encoder_bn: False
  node_encoder_name: TypeDictNode
  node_encoder_num_types: 21
  num_hop: 0
  num_tasks: 1
  remove_feature: False
  resample_disjoint: False
  resample_negative: False
  shuffle_split: True
  slic_compactness: 10
  split: [0.8, 0.1, 0.1]
  split_dir: ./splits
  split_index: 0
  split_mode: standard
  subgraph: False
  task: graph
  task_type: regression
  to_undirected: False
  transductive: False
  transform: none
  tu_simple: True
devices: 1
diffusion:
  conditioning_key: crossattn
  edge_factor: 1.0
  graph_factor: 0.0
dt:
  O_e: True
  act: relu
  attn:
    O_e: True
    act: relu
    attn_dropout: 0.0
    attn_product: mul
    attn_reweight: False
    batch_norm: True
    bn_momentum: 0.1
    bn_no_runner: False
    clamp: 5.0
    deg_scaler: False
    edge_enhance: True
    edge_reweight: False
    full_attn: True
    fwl: False
    layer_norm: False
    norm_e: True
    score_act: True
    signed_sqrt: True
    sparse: False
    use: True
    use_bias: False
  attn_dropout: 0.25
  batch_norm: False
  bn_momentum: 0.1
  bn_no_runner: False
  cond_dim: 4
  condition_list: ['masked_graph']
  dropout: 0.05
  ff_e: False
  ff_e_ca: True
  ff_e_sa: False
  hid_dim: 64
  in_dim: 4
  in_edge_dim: 4
  in_node_dim: 4
  layer_norm: True
  norm_e: True
  num_heads: 8
  num_layers: 4
  out_dim: 4
  pool: add
  pool_edge: True
  pool_vn: False
  post_pool: True
  residual: True
  self_attn: True
  temb_dim: 64
  use_time: True
encoder:
  O_e: True
  act: relu
  attn:
    O_e: True
    act: relu
    attn_dropout: 0.0
    attn_product: mul
    attn_reweight: True
    batch_norm: True
    bn_momentum: 0.1
    bn_no_runner: False
    clamp: 5.0
    deg_scaler: False
    edge_enhance: True
    edge_reweight: True
    full_attn: True
    fwl: False
    layer_norm: False
    norm_e: True
    score_act: True
    signed_sqrt: True
    sparse: False
    use: True
    use_bias: False
  attn_dropout: 0.5
  batch_norm: True
  bn_momentum: 0.1
  bn_no_runner: False
  dropout: 0.0
  edge_encoder: True
  edge_encoder_bn: False
  edge_encoder_name: TypeDictEdge
  edge_encoder_num_types: 4
  ff_e: False
  hid_dim: 64
  in_dim: 36
  label_embed_type: add_virtual
  layer_norm: False
  mpnn:
    act: relu
    dropout: 0.0
    edge_enhance: True
    enable: True
    project_edge: True
  node_encoder: True
  node_encoder_bn: False
  node_encoder_name: TypeDictNode
  node_encoder_num_types: 21
  norm_e: True
  num_heads: 4
  num_layers: 10
  num_task: 1
  out_dim: 4
  pe_raw_norm: None
  pool: add
  pool_edge: True
  pool_vn: False
  posenc_dim: 28
  posenc_in_dim: 20
  posenc_in_dim_edge: 20
  post_pool: True
  prefix_dim: 64
  prefix_type: add_virtual
  residual: True
  task_type: regression
  temb_dim: 0
  type: GraphTransformerEncoder
  update_e: True
  use_time: False
example_arg: example
example_group:
  example_arg: example
flow:
  alpha_fn: linear
  cond_stage_config: __is_first_stage__
  cond_stage_key: masked_graph
  cond_stage_trainable: False
  conditioning_key: crossattn
  edge_factor: 1.0
  ema: True
  first_stage_config: runs/zinc_encoder_20250918_130725/my_zinc-encoder_baseline/0/ckpt/49.ckpt
  first_stage_trainable: False
  force_undirected: False
  graph_factor: 1.0
  hid_dim: 4
  nfe: 50
  node_factor: 1.0
  objective: rectified
  sigma_fn: constant
  sigma_max: 1.0
  sigma_min: 0.01
  solver: heun
  t_weight: none
  use_graph_latent: True
gnn:
  act: relu
  agg: add
  att_final_linear: False
  att_final_linear_bn: False
  att_heads: 1
  batchnorm: True
  clear_feature: True
  dim_inner: 16
  dropout: 0.0
  head: graph
  keep_edge: 0.5
  l2norm: True
  layer_type: generalconv
  layers_mp: 2
  layers_post_mp: 1
  layers_pre_mp: 0
  msg_direction: single
  normalize_adj: False
  residual: False
  self_msg: concat
  skip_every: 1
  stage_type: stack
gpu_mem: False
gt:
  attn:
    O_e: True
    act: relu
    clamp: 5.0
    deg_scaler: True
    edge_enhance: True
    full_attn: True
    norm_e: True
    sparse: False
    use: True
    use_bias: False
  attn_dropout: 0.0
  batch_norm: True
  bigbird:
    add_cross_attention: False
    attention_type: block_sparse
    block_size: 3
    chunk_size_feed_forward: 0
    hidden_act: relu
    is_decoder: False
    layer_norm_eps: 1e-06
    max_position_embeddings: 128
    num_random_blocks: 3
    use_bias: False
  bn_momentum: 0.1
  bn_no_runner: False
  dim_hidden: 64
  dropout: 0.0
  full_graph: True
  gamma: 1e-05
  layer_norm: False
  layer_type: GritTransformer
  layers: 3
  n_heads: 8
  pna_degrees: []
  residual: True
  update_e: True
mem:
  inplace: False
metric_agg: argmin
metric_best: mae
mlflow:
  name: zinc-flow-baseline
  project: Exp
  use: False
model:
  edge_decoding: dot
  graph_pooling: add
  loss_fun: mse
  match_upper: True
  size_average: mean
  thresh: 0.5
  type: LatentFlow
name_tag: 
num_threads: 6
num_workers: 0
optim:
  base_lr: 0.0001
  batch_accumulation: 1
  clip_grad_norm: True
  lr_decay: 0.1
  max_epoch: 50
  min_lr: 1e-06
  momentum: 0.9
  num_warmup_epochs: 20
  optimizer: adamW
  reduce_factor: 0.1
  schedule_patience: 10
  scheduler: cosine_with_warmup
  steps: [30, 60, 90]
  weight_decay: 1e-05
out_dir: /workspace/runs/zinc_flow_20250918_151610/my_zinc-flow_baseline
posenc_ERE:
  accuracy: 0.1
  dim_pe: 16
  enable: False
  layers: 3
  local: False
  model: none
  n_heads: 4
  pass_as_var: False
  post_layers: 0
  raw_norm_type: none
posenc_ERN:
  accuracy: 0.1
  dim_pe: 16
  enable: False
  er_dim: none
  layers: 3
  local: False
  model: none
  n_heads: 4
  pass_as_var: False
  post_layers: 0
  raw_norm_type: none
posenc_EdgeRWSE:
  dim_pe: 16
  enable: False
  kernel:
    times: []
    times_func: 
  layers: 3
  local: False
  model: none
  n_heads: 4
  pass_as_var: False
  post_layers: 0
  raw_norm_type: none
posenc_ElstaticSE:
  dim_pe: 16
  enable: False
  kernel:
    times: []
    times_func: range(10)
  layers: 3
  local: False
  model: none
  n_heads: 4
  pass_as_var: False
  post_layers: 0
  raw_norm_type: none
posenc_EquivStableLapPE:
  eigen:
    eigvec_norm: L2
    laplacian_norm: sym
    max_freqs: 10
  enable: False
  raw_norm_type: none
posenc_HKdiagSE:
  dim_pe: 16
  enable: False
  kernel:
    times: []
    times_func: 
  layers: 3
  local: False
  model: none
  n_heads: 4
  pass_as_var: False
  post_layers: 0
  raw_norm_type: none
posenc_HodgeLap1PE:
  dim_pe: 16
  eigen:
    eigvec_norm: L2
    laplacian_norm: sym
    max_freqs: 10
  enable: False
  layers: 3
  local: False
  model: none
  n_heads: 4
  pass_as_var: False
  post_layers: 0
  raw_norm_type: none
posenc_InterRWSE:
  dim_pe: 16
  enable: False
  kernel:
    times: []
    times_func: 
  layers: 3
  local: False
  model: none
  n_heads: 4
  pass_as_var: False
  post_layers: 0
  raw_norm_type: none
posenc_LapPE:
  dim_pe: 16
  eigen:
    eigvec_norm: L2
    laplacian_norm: sym
    max_freqs: 10
  enable: False
  layers: 3
  local: False
  model: none
  n_heads: 4
  pass_as_var: False
  post_layers: 0
  raw_norm_type: none
posenc_RD:
  dim_pe: 16
  enable: False
  layers: 3
  local: False
  model: none
  n_heads: 4
  pass_as_var: False
  post_layers: 0
  raw_norm_type: none
posenc_RRWP:
  add_identity: True
  dim_pe: 16
  enable: True
  ksteps: 20
  layers: 3
  local: False
  model: none
  n_heads: 4
  pass_as_var: False
  post_layers: 0
  raw_norm_type: none
  real_emb: True
  spd: False
posenc_RWSE:
  dim_pe: 16
  enable: False
  kernel:
    times: []
    times_func: 
  layers: 3
  local: False
  model: none
  n_heads: 4
  pass_as_var: False
  post_layers: 0
  raw_norm_type: none
posenc_SignNet:
  dim_pe: 16
  eigen:
    eigvec_norm: L2
    laplacian_norm: sym
    max_freqs: 10
  enable: False
  layers: 3
  local: False
  model: none
  n_heads: 4
  pass_as_var: False
  phi_hidden_dim: 64
  phi_out_dim: 4
  post_layers: 0
  raw_norm_type: none
prep:
  add_edge_index: True
  add_reverse_edges: True
  add_self_loops: False
  dist_cutoff: 510
  dist_enable: False
  exp: False
  exp_algorithm: Random-d
  exp_count: 1
  exp_deg: 5
  exp_max_num_iters: 100
  layer_edge_indices_dir: None
  num_virt_node: 0
  train_percent: 0.6
  use_exp_edges: True
pretrained:
  dir: 
  freeze_main: False
  reset_prediction_head: True
print: both
regression_model:
  encoder:
    attn:
      O_e: True
      act: relu
      attn_dropout: 0.0
      batch_norm: True
      bn_momentum: 0.1
      bn_no_runner: False
      clamp: 5.0
      deg_scaler: False
      edge_enhance: True
      full_attn: True
      layer_norm: False
      norm_e: True
      sparse: False
      use: True
      use_bias: False
    batch_norm: True
    bn_momentum: 0.1
    bn_no_runner: False
    edge_encoder_name: TypeDictEdge
    layer_norm: False
    node_encoder_name: TypeDictNode
round: 5
run_dir: /workspace/runs/zinc_flow_20250918_151610/my_zinc-flow_baseline/0
run_id: 0
run_multiple_splits: []
seed: 0
share:
  dim_in: 1
  dim_out: 1
  num_splits: 3
tensorboard_agg: True
tensorboard_each_run: False
train:
  auto_resume: False
  batch_size: 256
  ckpt_best: True
  ckpt_clean: True
  ckpt_period: 50
  early_stop: False
  enable_ckpt: True
  ensemble_mode: none
  ensemble_repeat: 1
  epoch_resume: -1
  eval_period: 50
  iter_per_epoch: 32
  mode: train_diffusion
  neighbor_sizes: [20, 15, 10, 5]
  node_per_graph: 32
  pretrain:
    atom_bond_only: True
    edge_factor: 0.0
    graph_factor: 1.0
    input_target: True
    mask_edge_prob: 0.0
    mask_label_prob: 0.5
    mask_node_prob: 0.0
    node_factor: 0.0
    original_task: True
    recon: none
  radius: extend
  sample_node: False
  sampler: full_batch
  skip_train_eval: False
  start_eval_epoch: -1
  walk_length: 4
val:
  node_per_graph: 32
  radius: extend
  sample_node: False
  sampler: full_batch
view_emb: False
wandb:
  entity: shokuno-the-university-of-tokyo
  name: zinc_flow_zinc_flow_20250918_151610
  project: LGFM-ZINC-Flow
  use: True
Num parameters: 1823862
Start from epoch 0
wandb: Using wandb-core as the SDK backend.  Please refer to https://wandb.me/wandb-core for more information.
wandb: Currently logged in as: shokuno (shokuno-the-university-of-tokyo). Use `wandb login --relogin` to force relogin
wandb: Tracking run with wandb version 0.18.7
wandb: Run data is saved locally in /workspace/wandb/run-20250918_151710-qk1jrtmk
wandb: Run `wandb offline` to turn off syncing.
wandb: Syncing run zinc_flow_zinc_flow_20250918_151610
wandb: ⭐️ View project at https://wandb.ai/shokuno-the-university-of-tokyo/LGFM-ZINC-Flow
wandb: 🚀 View run at https://wandb.ai/shokuno-the-university-of-tokyo/LGFM-ZINC-Flow/runs/qk1jrtmk
Key encoder.pe_raw_norm with value <class 'NoneType'> is not a valid type; valid types: {<class 'float'>, <class 'list'>, <class 'tuple'>, <class 'bool'>, <class 'int'>, <class 'str'>}
Key prep.layer_edge_indices_dir with value <class 'NoneType'> is not a valid type; valid types: {<class 'float'>, <class 'list'>, <class 'tuple'>, <class 'bool'>, <class 'int'>, <class 'str'>}
/opt/conda/lib/python3.10/site-packages/scipy/stats/_stats_py.py:5445: ConstantInputWarning: An input array is constant; the correlation coefficient is not defined.
  warnings.warn(stats.ConstantInputWarning(warn_msg))
train: {'epoch': 0, 'time_epoch': 21.79507, 'eta': 1067.95842, 'eta_hours': 0.29666, 'loss': 1304.79063281, 'lr': 0.0, 'params': 1823862, 'time_iter': 0.54488, 'mae': 1.51368, 'r2': -6e-05, 'spearmanr': nan, 'mse': 4.04363, 'rmse': 2.01088, 'loss_node': 2.7111696617126464, 'loss_edge': 1.3779207445144652, 'loss_graph': 1300.7015373046875, 'loss_task': 0.0, 'loss_encoder': 0.0}
...computing epoch stats took: 0.08s
Inference: Switched to EMA weights
Inference: Restored training weights
Inference: Switched to EMA weights
Inference: Restored training weights
Inference: Switched to EMA weights
Inference: Restored training weights
Inference: Switched to EMA weights
Inference: Restored training weights
val: {'epoch': 0, 'time_epoch': 28.85776, 'loss': 446.80934082, 'lr': 0, 'params': 1823862, 'time_iter': 7.21444, 'mae': 19.95882, 'r2': -112.43922, 'spearmanr': 0.25689, 'mse': 446.80933, 'rmse': 21.13787}
...computing epoch stats took: 0.10s
Inference: Switched to EMA weights
Inference: Restored training weights
Inference: Switched to EMA weights
Inference: Restored training weights
Inference: Switched to EMA weights
Inference: Restored training weights
Inference: Switched to EMA weights
Inference: Restored training weights
test: {'epoch': 0, 'time_epoch': 28.90671, 'loss': 450.0505481, 'lr': 0, 'params': 1823862, 'time_iter': 7.22668, 'mae': 20.04837, 'r2': -109.62375, 'spearmanr': 0.28216, 'mse': 450.05057, 'rmse': 21.2144}
...computing epoch stats took: 0.01s
> Epoch 0: took 79.8s (avg 79.8s) | Best so far: epoch 0	train_loss: 1304.7906 train_mae: 1.5137	val_loss: 446.8093 val_mae: 19.9588	test_loss: 450.0505 test_mae: 20.0484
/opt/conda/lib/python3.10/site-packages/scipy/stats/_stats_py.py:5445: ConstantInputWarning: An input array is constant; the correlation coefficient is not defined.
  warnings.warn(stats.ConstantInputWarning(warn_msg))
train: {'epoch': 1, 'time_epoch': 12.86281, 'eta': 831.78923, 'eta_hours': 0.23105, 'loss': 424.21919727, 'lr': 5e-06, 'params': 1823862, 'time_iter': 0.32157, 'mae': 1.51368, 'r2': -6e-05, 'spearmanr': nan, 'mse': 4.04363, 'rmse': 2.01088, 'loss_node': 2.6834589694976807, 'loss_edge': 1.306767572784424, 'loss_graph': 420.22897314453127, 'loss_task': 0.0, 'loss_encoder': 0.0}
...computing epoch stats took: 0.00s
/opt/conda/lib/python3.10/site-packages/scipy/stats/_stats_py.py:5445: ConstantInputWarning: An input array is constant; the correlation coefficient is not defined.
  warnings.warn(stats.ConstantInputWarning(warn_msg))
train: {'epoch': 2, 'time_epoch': 12.8658, 'eta': 744.5377, 'eta_hours': 0.20682, 'loss': 86.31553512, 'lr': 1e-05, 'params': 1823862, 'time_iter': 0.32164, 'mae': 1.51368, 'r2': -6e-05, 'spearmanr': nan, 'mse': 4.04363, 'rmse': 2.01088, 'loss_node': 2.689381650543213, 'loss_edge': 1.2682665645599365, 'loss_graph': 82.35788633728028, 'loss_task': 0.0, 'loss_encoder': 0.0}
...computing epoch stats took: 0.00s
/opt/conda/lib/python3.10/site-packages/scipy/stats/_stats_py.py:5445: ConstantInputWarning: An input array is constant; the correlation coefficient is not defined.
  warnings.warn(stats.ConstantInputWarning(warn_msg))
train: {'epoch': 3, 'time_epoch': 12.86233, 'eta': 694.43916, 'eta_hours': 0.1929, 'loss': 76.80844314, 'lr': 1.5e-05, 'params': 1823862, 'time_iter': 0.32156, 'mae': 1.51368, 'r2': -6e-05, 'spearmanr': nan, 'mse': 4.04363, 'rmse': 2.01088, 'loss_node': 2.7349477020263673, 'loss_edge': 1.263833797645569, 'loss_graph': 72.80966152038575, 'loss_task': 0.0, 'loss_encoder': 0.0}
/opt/conda/lib/python3.10/site-packages/scipy/stats/_stats_py.py:5445: ConstantInputWarning: An input array is constant; the correlation coefficient is not defined.
  warnings.warn(stats.ConstantInputWarning(warn_msg))
train: {'epoch': 4, 'time_epoch': 12.8483, 'eta': 659.10885, 'eta_hours': 0.18309, 'loss': 70.04726137, 'lr': 2e-05, 'params': 1823862, 'time_iter': 0.32121, 'mae': 1.51368, 'r2': -6e-05, 'spearmanr': nan, 'mse': 4.04363, 'rmse': 2.01088, 'loss_node': 2.9019891315460207, 'loss_edge': 1.2636123460769653, 'loss_graph': 65.88165977783203, 'loss_task': 0.0, 'loss_encoder': 0.0}
/opt/conda/lib/python3.10/site-packages/scipy/stats/_stats_py.py:5445: ConstantInputWarning: An input array is constant; the correlation coefficient is not defined.
  warnings.warn(stats.ConstantInputWarning(warn_msg))
train: {'epoch': 5, 'time_epoch': 13.15979, 'eta': 633.55679, 'eta_hours': 0.17599, 'loss': 63.63167086, 'lr': 2.5e-05, 'params': 1823862, 'time_iter': 0.32899, 'mae': 1.51368, 'r2': -6e-05, 'spearmanr': nan, 'mse': 4.04363, 'rmse': 2.01088, 'loss_node': 3.1286816555023194, 'loss_edge': 1.2689578701019286, 'loss_graph': 59.23403100585937, 'loss_task': 0.0, 'loss_encoder': 0.0}
/opt/conda/lib/python3.10/site-packages/scipy/stats/_stats_py.py:5445: ConstantInputWarning: An input array is constant; the correlation coefficient is not defined.
  warnings.warn(stats.ConstantInputWarning(warn_msg))
train: {'epoch': 6, 'time_epoch': 12.86078, 'eta': 609.7086, 'eta_hours': 0.16936, 'loss': 59.30443894, 'lr': 3e-05, 'params': 1823862, 'time_iter': 0.32152, 'mae': 1.51368, 'r2': -6e-05, 'spearmanr': nan, 'mse': 4.04363, 'rmse': 2.01088, 'loss_node': 3.2696484642028807, 'loss_edge': 1.2776174856185913, 'loss_graph': 54.75717314071655, 'loss_task': 0.0, 'loss_encoder': 0.0}
/opt/conda/lib/python3.10/site-packages/scipy/stats/_stats_py.py:5445: ConstantInputWarning: An input array is constant; the correlation coefficient is not defined.
  warnings.warn(stats.ConstantInputWarning(warn_msg))
train: {'epoch': 7, 'time_epoch': 12.85886, 'eta': 588.59719, 'eta_hours': 0.1635, 'loss': 56.68972978, 'lr': 3.5e-05, 'params': 1823862, 'time_iter': 0.32147, 'mae': 1.51368, 'r2': -6e-05, 'spearmanr': nan, 'mse': 4.04363, 'rmse': 2.01088, 'loss_node': 3.3785401607513426, 'loss_edge': 1.2816960992813111, 'loss_graph': 52.0294936706543, 'loss_task': 0.0, 'loss_encoder': 0.0}
/opt/conda/lib/python3.10/site-packages/scipy/stats/_stats_py.py:5445: ConstantInputWarning: An input array is constant; the correlation coefficient is not defined.
  warnings.warn(stats.ConstantInputWarning(warn_msg))
train: {'epoch': 8, 'time_epoch': 12.895, 'eta': 569.48432, 'eta_hours': 0.15819, 'loss': 53.71863491, 'lr': 4e-05, 'params': 1823862, 'time_iter': 0.32238, 'mae': 1.51368, 'r2': -6e-05, 'spearmanr': nan, 'mse': 4.04363, 'rmse': 2.01088, 'loss_node': 3.4279357818603517, 'loss_edge': 1.2822621904373168, 'loss_graph': 49.00843699111938, 'loss_task': 0.0, 'loss_encoder': 0.0}
/opt/conda/lib/python3.10/site-packages/scipy/stats/_stats_py.py:5445: ConstantInputWarning: An input array is constant; the correlation coefficient is not defined.
  warnings.warn(stats.ConstantInputWarning(warn_msg))
train: {'epoch': 9, 'time_epoch': 12.8247, 'eta': 551.33381, 'eta_hours': 0.15315, 'loss': 51.7567095, 'lr': 4.5e-05, 'params': 1823862, 'time_iter': 0.32062, 'mae': 1.51368, 'r2': -6e-05, 'spearmanr': nan, 'mse': 4.04363, 'rmse': 2.01088, 'loss_node': 3.4705734424591066, 'loss_edge': 1.2831969530105591, 'loss_graph': 47.00293909301758, 'loss_task': 0.0, 'loss_encoder': 0.0}
/opt/conda/lib/python3.10/site-packages/scipy/stats/_stats_py.py:5445: ConstantInputWarning: An input array is constant; the correlation coefficient is not defined.
  warnings.warn(stats.ConstantInputWarning(warn_msg))
train: {'epoch': 10, 'time_epoch': 12.81084, 'eta': 534.1025, 'eta_hours': 0.14836, 'loss': 49.74789377, 'lr': 5e-05, 'params': 1823862, 'time_iter': 0.32027, 'mae': 1.51368, 'r2': -6e-05, 'spearmanr': nan, 'mse': 4.04363, 'rmse': 2.01088, 'loss_node': 3.5074004764556883, 'loss_edge': 1.284426873779297, 'loss_graph': 44.956067178344725, 'loss_task': 0.0, 'loss_encoder': 0.0}
/opt/conda/lib/python3.10/site-packages/scipy/stats/_stats_py.py:5445: ConstantInputWarning: An input array is constant; the correlation coefficient is not defined.
  warnings.warn(stats.ConstantInputWarning(warn_msg))
train: {'epoch': 11, 'time_epoch': 12.86976, 'eta': 517.7945, 'eta_hours': 0.14383, 'loss': 48.59194636, 'lr': 5.5e-05, 'params': 1823862, 'time_iter': 0.32174, 'mae': 1.51368, 'r2': -6e-05, 'spearmanr': nan, 'mse': 4.04363, 'rmse': 2.01088, 'loss_node': 3.5132762046813966, 'loss_edge': 1.284018596458435, 'loss_graph': 43.79465184631348, 'loss_task': 0.0, 'loss_encoder': 0.0}
/opt/conda/lib/python3.10/site-packages/scipy/stats/_stats_py.py:5445: ConstantInputWarning: An input array is constant; the correlation coefficient is not defined.
  warnings.warn(stats.ConstantInputWarning(warn_msg))
train: {'epoch': 12, 'time_epoch': 12.85932, 'eta': 501.98575, 'eta_hours': 0.13944, 'loss': 48.48264984, 'lr': 6e-05, 'params': 1823862, 'time_iter': 0.32148, 'mae': 1.51368, 'r2': -6e-05, 'spearmanr': nan, 'mse': 4.04363, 'rmse': 2.01088, 'loss_node': 3.493481396484375, 'loss_edge': 1.2839385047912597, 'loss_graph': 43.705230346679684, 'loss_task': 0.0, 'loss_encoder': 0.0}
/opt/conda/lib/python3.10/site-packages/scipy/stats/_stats_py.py:5445: ConstantInputWarning: An input array is constant; the correlation coefficient is not defined.
  warnings.warn(stats.ConstantInputWarning(warn_msg))
train: {'epoch': 13, 'time_epoch': 12.85246, 'eta': 486.58071, 'eta_hours': 0.13516, 'loss': 46.70710968, 'lr': 6.5e-05, 'params': 1823862, 'time_iter': 0.32131, 'mae': 1.51368, 'r2': -6e-05, 'spearmanr': nan, 'mse': 4.04363, 'rmse': 2.01088, 'loss_node': 3.4770932750701906, 'loss_edge': 1.2829729145050048, 'loss_graph': 41.94704312133789, 'loss_task': 0.0, 'loss_encoder': 0.0}
/opt/conda/lib/python3.10/site-packages/scipy/stats/_stats_py.py:5445: ConstantInputWarning: An input array is constant; the correlation coefficient is not defined.
  warnings.warn(stats.ConstantInputWarning(warn_msg))
train: {'epoch': 14, 'time_epoch': 12.86563, 'eta': 471.54675, 'eta_hours': 0.13099, 'loss': 45.16835144, 'lr': 7e-05, 'params': 1823862, 'time_iter': 0.32164, 'mae': 1.51368, 'r2': -6e-05, 'spearmanr': nan, 'mse': 4.04363, 'rmse': 2.01088, 'loss_node': 3.4562432289123537, 'loss_edge': 1.2850923122406006, 'loss_graph': 40.42701593322754, 'loss_task': 0.0, 'loss_encoder': 0.0}
/opt/conda/lib/python3.10/site-packages/scipy/stats/_stats_py.py:5445: ConstantInputWarning: An input array is constant; the correlation coefficient is not defined.
  warnings.warn(stats.ConstantInputWarning(warn_msg))
train: {'epoch': 15, 'time_epoch': 12.86315, 'eta': 456.77856, 'eta_hours': 0.12688, 'loss': 44.02325582, 'lr': 7.5e-05, 'params': 1823862, 'time_iter': 0.32158, 'mae': 1.51368, 'r2': -6e-05, 'spearmanr': nan, 'mse': 4.04363, 'rmse': 2.01088, 'loss_node': 3.437778699874878, 'loss_edge': 1.2840832344055175, 'loss_graph': 39.30139324340821, 'loss_task': 0.0, 'loss_encoder': 0.0}
/opt/conda/lib/python3.10/site-packages/scipy/stats/_stats_py.py:5445: ConstantInputWarning: An input array is constant; the correlation coefficient is not defined.
  warnings.warn(stats.ConstantInputWarning(warn_msg))
train: {'epoch': 16, 'time_epoch': 12.85062, 'eta': 442.21018, 'eta_hours': 0.12284, 'loss': 42.52740588, 'lr': 8e-05, 'params': 1823862, 'time_iter': 0.32127, 'mae': 1.51368, 'r2': -6e-05, 'spearmanr': nan, 'mse': 4.04363, 'rmse': 2.01088, 'loss_node': 3.3584340419769285, 'loss_edge': 1.2854333280563355, 'loss_graph': 37.88353866577148, 'loss_task': 0.0, 'loss_encoder': 0.0}
/opt/conda/lib/python3.10/site-packages/scipy/stats/_stats_py.py:5445: ConstantInputWarning: An input array is constant; the correlation coefficient is not defined.
  warnings.warn(stats.ConstantInputWarning(warn_msg))
train: {'epoch': 17, 'time_epoch': 12.88793, 'eta': 427.89896, 'eta_hours': 0.11886, 'loss': 40.41758397, 'lr': 8.5e-05, 'params': 1823862, 'time_iter': 0.3222, 'mae': 1.51368, 'r2': -6e-05, 'spearmanr': nan, 'mse': 4.04363, 'rmse': 2.01088, 'loss_node': 3.2757239604949953, 'loss_edge': 1.2854927112579346, 'loss_graph': 35.856367581176755, 'loss_task': 0.0, 'loss_encoder': 0.0}
/opt/conda/lib/python3.10/site-packages/scipy/stats/_stats_py.py:5445: ConstantInputWarning: An input array is constant; the correlation coefficient is not defined.
  warnings.warn(stats.ConstantInputWarning(warn_msg))
train: {'epoch': 18, 'time_epoch': 12.85467, 'eta': 413.68331, 'eta_hours': 0.11491, 'loss': 37.63082845, 'lr': 9e-05, 'params': 1823862, 'time_iter': 0.32137, 'mae': 1.51368, 'r2': -6e-05, 'spearmanr': nan, 'mse': 4.04363, 'rmse': 2.01088, 'loss_node': 3.10596208152771, 'loss_edge': 1.2862631258010864, 'loss_graph': 33.2386033996582, 'loss_task': 0.0, 'loss_encoder': 0.0}
/opt/conda/lib/python3.10/site-packages/scipy/stats/_stats_py.py:5445: ConstantInputWarning: An input array is constant; the correlation coefficient is not defined.
  warnings.warn(stats.ConstantInputWarning(warn_msg))
train: {'epoch': 19, 'time_epoch': 12.85118, 'eta': 399.59852, 'eta_hours': 0.111, 'loss': 35.00437112, 'lr': 9.5e-05, 'params': 1823862, 'time_iter': 0.32128, 'mae': 1.51368, 'r2': -6e-05, 'spearmanr': nan, 'mse': 4.04363, 'rmse': 2.01088, 'loss_node': 2.970802191543579, 'loss_edge': 1.284665736579895, 'loss_graph': 30.74890291442871, 'loss_task': 0.0, 'loss_encoder': 0.0}
/opt/conda/lib/python3.10/site-packages/scipy/stats/_stats_py.py:5445: ConstantInputWarning: An input array is constant; the correlation coefficient is not defined.
  warnings.warn(stats.ConstantInputWarning(warn_msg))
train: {'epoch': 20, 'time_epoch': 12.87352, 'eta': 385.66207, 'eta_hours': 0.10713, 'loss': 33.06745511, 'lr': 0.0001, 'params': 1823862, 'time_iter': 0.32184, 'mae': 1.51368, 'r2': -6e-05, 'spearmanr': nan, 'mse': 4.04363, 'rmse': 2.01088, 'loss_node': 2.9299045890808104, 'loss_edge': 1.284717368888855, 'loss_graph': 28.852833306884765, 'loss_task': 0.0, 'loss_encoder': 0.0}
/opt/conda/lib/python3.10/site-packages/scipy/stats/_stats_py.py:5445: ConstantInputWarning: An input array is constant; the correlation coefficient is not defined.
  warnings.warn(stats.ConstantInputWarning(warn_msg))
train: {'epoch': 21, 'time_epoch': 12.885, 'eta': 371.83686, 'eta_hours': 0.10329, 'loss': 30.08609227, 'lr': 9.973e-05, 'params': 1823862, 'time_iter': 0.32212, 'mae': 1.51368, 'r2': -6e-05, 'spearmanr': nan, 'mse': 4.04363, 'rmse': 2.01088, 'loss_node': 2.9053543170928955, 'loss_edge': 1.284244090652466, 'loss_graph': 25.896494018936156, 'loss_task': 0.0, 'loss_encoder': 0.0}
/opt/conda/lib/python3.10/site-packages/scipy/stats/_stats_py.py:5445: ConstantInputWarning: An input array is constant; the correlation coefficient is not defined.
  warnings.warn(stats.ConstantInputWarning(warn_msg))
train: {'epoch': 22, 'time_epoch': 13.84351, 'eta': 359.21861, 'eta_hours': 0.09978, 'loss': 28.69953241, 'lr': 9.891e-05, 'params': 1823862, 'time_iter': 0.34609, 'mae': 1.51368, 'r2': -6e-05, 'spearmanr': nan, 'mse': 4.04363, 'rmse': 2.01088, 'loss_node': 2.892168468093872, 'loss_edge': 1.2841392024993896, 'loss_graph': 24.523225207901, 'loss_task': 0.0, 'loss_encoder': 0.0}
/opt/conda/lib/python3.10/site-packages/scipy/stats/_stats_py.py:5445: ConstantInputWarning: An input array is constant; the correlation coefficient is not defined.
  warnings.warn(stats.ConstantInputWarning(warn_msg))
train: {'epoch': 23, 'time_epoch': 13.10285, 'eta': 345.69588, 'eta_hours': 0.09603, 'loss': 25.77272533, 'lr': 9.755e-05, 'params': 1823862, 'time_iter': 0.32757, 'mae': 1.51368, 'r2': -6e-05, 'spearmanr': nan, 'mse': 4.04363, 'rmse': 2.01088, 'loss_node': 2.8472068519592284, 'loss_edge': 1.2841795127868652, 'loss_graph': 21.641338775634765, 'loss_task': 0.0, 'loss_encoder': 0.0}
/opt/conda/lib/python3.10/site-packages/scipy/stats/_stats_py.py:5445: ConstantInputWarning: An input array is constant; the correlation coefficient is not defined.
  warnings.warn(stats.ConstantInputWarning(warn_msg))
train: {'epoch': 24, 'time_epoch': 13.00732, 'eta': 332.11121, 'eta_hours': 0.09225, 'loss': 23.08299378, 'lr': 9.568e-05, 'params': 1823862, 'time_iter': 0.32518, 'mae': 1.51368, 'r2': -6e-05, 'spearmanr': nan, 'mse': 4.04363, 'rmse': 2.01088, 'loss_node': 2.803765302276611, 'loss_edge': 1.2852167850494385, 'loss_graph': 18.994011993408204, 'loss_task': 0.0, 'loss_encoder': 0.0}
/opt/conda/lib/python3.10/site-packages/scipy/stats/_stats_py.py:5445: ConstantInputWarning: An input array is constant; the correlation coefficient is not defined.
  warnings.warn(stats.ConstantInputWarning(warn_msg))
train: {'epoch': 25, 'time_epoch': 13.04258, 'eta': 318.6035, 'eta_hours': 0.0885, 'loss': 20.86130132, 'lr': 9.33e-05, 'params': 1823862, 'time_iter': 0.32606, 'mae': 1.51368, 'r2': -6e-05, 'spearmanr': nan, 'mse': 4.04363, 'rmse': 2.01088, 'loss_node': 2.7847232009887697, 'loss_edge': 1.284587935256958, 'loss_graph': 16.79199029083252, 'loss_task': 0.0, 'loss_encoder': 0.0}
/opt/conda/lib/python3.10/site-packages/scipy/stats/_stats_py.py:5445: ConstantInputWarning: An input array is constant; the correlation coefficient is not defined.
  warnings.warn(stats.ConstantInputWarning(warn_msg))
train: {'epoch': 26, 'time_epoch': 13.01341, 'eta': 305.10539, 'eta_hours': 0.08475, 'loss': 19.58690747, 'lr': 9.045e-05, 'params': 1823862, 'time_iter': 0.32534, 'mae': 1.51368, 'r2': -6e-05, 'spearmanr': nan, 'mse': 4.04363, 'rmse': 2.01088, 'loss_node': 2.773373379135132, 'loss_edge': 1.2868067276000976, 'loss_graph': 15.526727494812011, 'loss_task': 0.0, 'loss_encoder': 0.0}
/opt/conda/lib/python3.10/site-packages/scipy/stats/_stats_py.py:5445: ConstantInputWarning: An input array is constant; the correlation coefficient is not defined.
  warnings.warn(stats.ConstantInputWarning(warn_msg))
train: {'epoch': 27, 'time_epoch': 13.01708, 'eta': 291.64479, 'eta_hours': 0.08101, 'loss': 18.75716164, 'lr': 8.716e-05, 'params': 1823862, 'time_iter': 0.32543, 'mae': 1.51368, 'r2': -6e-05, 'spearmanr': nan, 'mse': 4.04363, 'rmse': 2.01088, 'loss_node': 2.7642833103179933, 'loss_edge': 1.2870763887405396, 'loss_graph': 14.705802194213867, 'loss_task': 0.0, 'loss_encoder': 0.0}
/opt/conda/lib/python3.10/site-packages/scipy/stats/_stats_py.py:5445: ConstantInputWarning: An input array is constant; the correlation coefficient is not defined.
  warnings.warn(stats.ConstantInputWarning(warn_msg))
train: {'epoch': 28, 'time_epoch': 13.0185, 'eta': 278.2158, 'eta_hours': 0.07728, 'loss': 17.58944701, 'lr': 8.346e-05, 'params': 1823862, 'time_iter': 0.32546, 'mae': 1.51368, 'r2': -6e-05, 'spearmanr': nan, 'mse': 4.04363, 'rmse': 2.01088, 'loss_node': 2.7541705104827883, 'loss_edge': 1.2862360181808472, 'loss_graph': 13.549040385627746, 'loss_task': 0.0, 'loss_encoder': 0.0}
/opt/conda/lib/python3.10/site-packages/scipy/stats/_stats_py.py:5445: ConstantInputWarning: An input array is constant; the correlation coefficient is not defined.
  warnings.warn(stats.ConstantInputWarning(warn_msg))
train: {'epoch': 29, 'time_epoch': 13.0518, 'eta': 264.83638, 'eta_hours': 0.07357, 'loss': 16.60956707, 'lr': 7.939e-05, 'params': 1823862, 'time_iter': 0.32629, 'mae': 1.51368, 'r2': -6e-05, 'spearmanr': nan, 'mse': 4.04363, 'rmse': 2.01088, 'loss_node': 2.7448102218627928, 'loss_edge': 1.2863451196670532, 'loss_graph': 12.578411587142945, 'loss_task': 0.0, 'loss_encoder': 0.0}
/opt/conda/lib/python3.10/site-packages/scipy/stats/_stats_py.py:5445: ConstantInputWarning: An input array is constant; the correlation coefficient is not defined.
  warnings.warn(stats.ConstantInputWarning(warn_msg))
train: {'epoch': 30, 'time_epoch': 13.00575, 'eta': 251.44987, 'eta_hours': 0.06985, 'loss': 16.05910508, 'lr': 7.5e-05, 'params': 1823862, 'time_iter': 0.32514, 'mae': 1.51368, 'r2': -6e-05, 'spearmanr': nan, 'mse': 4.04363, 'rmse': 2.01088, 'loss_node': 2.7359457763671875, 'loss_edge': 1.2867171035766602, 'loss_graph': 12.036442295646667, 'loss_task': 0.0, 'loss_encoder': 0.0}
/opt/conda/lib/python3.10/site-packages/scipy/stats/_stats_py.py:5445: ConstantInputWarning: An input array is constant; the correlation coefficient is not defined.
  warnings.warn(stats.ConstantInputWarning(warn_msg))
train: {'epoch': 31, 'time_epoch': 12.99062, 'eta': 238.07865, 'eta_hours': 0.06613, 'loss': 15.30246838, 'lr': 7.034e-05, 'params': 1823862, 'time_iter': 0.32477, 'mae': 1.51368, 'r2': -6e-05, 'spearmanr': nan, 'mse': 4.04363, 'rmse': 2.01088, 'loss_node': 2.7279358829498292, 'loss_edge': 1.2874256923675538, 'loss_graph': 11.28710676765442, 'loss_task': 0.0, 'loss_encoder': 0.0}
/opt/conda/lib/python3.10/site-packages/scipy/stats/_stats_py.py:5445: ConstantInputWarning: An input array is constant; the correlation coefficient is not defined.
  warnings.warn(stats.ConstantInputWarning(warn_msg))
train: {'epoch': 32, 'time_epoch': 12.989, 'eta': 224.72966, 'eta_hours': 0.06242, 'loss': 14.93370859, 'lr': 6.545e-05, 'params': 1823862, 'time_iter': 0.32472, 'mae': 1.51368, 'r2': -6e-05, 'spearmanr': nan, 'mse': 4.04363, 'rmse': 2.01088, 'loss_node': 2.718060631942749, 'loss_edge': 1.2881967962265015, 'loss_graph': 10.927451300430297, 'loss_task': 0.0, 'loss_encoder': 0.0}
/opt/conda/lib/python3.10/site-packages/scipy/stats/_stats_py.py:5445: ConstantInputWarning: An input array is constant; the correlation coefficient is not defined.
  warnings.warn(stats.ConstantInputWarning(warn_msg))
train: {'epoch': 33, 'time_epoch': 13.02388, 'eta': 211.41826, 'eta_hours': 0.05873, 'loss': 14.45557073, 'lr': 6.04e-05, 'params': 1823862, 'time_iter': 0.3256, 'mae': 1.51368, 'r2': -6e-05, 'spearmanr': nan, 'mse': 4.04363, 'rmse': 2.01088, 'loss_node': 2.715037356567383, 'loss_edge': 1.2873264392852783, 'loss_graph': 10.453206820106507, 'loss_task': 0.0, 'loss_encoder': 0.0}
/opt/conda/lib/python3.10/site-packages/scipy/stats/_stats_py.py:5445: ConstantInputWarning: An input array is constant; the correlation coefficient is not defined.
  warnings.warn(stats.ConstantInputWarning(warn_msg))
train: {'epoch': 34, 'time_epoch': 13.0118, 'eta': 198.11811, 'eta_hours': 0.05503, 'loss': 14.03549171, 'lr': 5.523e-05, 'params': 1823862, 'time_iter': 0.32529, 'mae': 1.51368, 'r2': -6e-05, 'spearmanr': nan, 'mse': 4.04363, 'rmse': 2.01088, 'loss_node': 2.7010494972229004, 'loss_edge': 1.287638876914978, 'loss_graph': 10.046803617095946, 'loss_task': 0.0, 'loss_encoder': 0.0}
