Directory created: /work/jh210022o/q25030/LatentGraphDiffusion/runs/20250722_171705_fast_training /work/jh210022o/q25030/LatentGraphDiffusion/data
Starting optimized LGD encoder pretraining...
Configuration: zinc-encoder-fast.yaml
- Max epochs: 400 (down from 2000)
- Hidden dimensions: 32 (down from 64)
- Early stopping enabled
- WandB logging enabled

/opt/conda/lib/python3.10/site-packages/lightning_fabric/__init__.py:40: pkg_resources is deprecated as an API. See https://setuptools.pypa.io/en/latest/pkg_resources.html. The pkg_resources package is slated for removal as early as 2025-11-30. Refrain from using this package or pin to Setuptools<81.
Warning: Could not import grit_layer: No module named 'opt_einsum'
Warning: Could not import san_layer: cannot import name 'negate_edge_index' from 'lgd.utils' (/workspace/lgd/utils/__init__.py)
Warning: Could not import san2_layer: cannot import name 'negate_edge_index' from 'lgd.utils' (/workspace/lgd/utils/__init__.py)
./datasets/ZINC
[*] Loaded dataset 'subset' from 'PyG-ZINC':
/opt/conda/lib/python3.10/site-packages/torch_geometric/data/in_memory_dataset.py:157: UserWarning: It is not recommended to directly access the internal storage format `data` of an 'InMemoryDataset'. If you are absolutely certain what you are doing, access the internal storage via `InMemoryDataset._data` instead to suppress this warning. Alternatively, you can access stacked individual attributes of every graph via `dataset.{attr_name}`.
  warnings.warn(msg)
  Data(x=[277864, 1], edge_index=[2, 597970], edge_attr=[597970], y=[12000])
  undirected: True
  num graphs: 12000
/opt/conda/lib/python3.10/site-packages/torch_geometric/data/in_memory_dataset.py:157: UserWarning: It is not recommended to directly access the internal storage format `data` of an 'InMemoryDataset'. The data of the dataset is already cached, so any modifications to `data` will not be reflected when accessing its elements. Clearing the cache now by removing all elements in `dataset._data_list`. If you are absolutely certain what you are doing, access the internal storage via `InMemoryDataset._data` instead to suppress this warning. Alternatively, you can access stacked individual attributes of every graph via `dataset.{attr_name}`.
  warnings.warn(msg)
  avg num_nodes/graph: 23
  num node features: 1
  num edge features: 1
  num classes: (appears to be a regression task)
Precomputing Positional Encoding statistics: ['RRWP'] for all graphs...
  ...estimated to be undirected: True
  0%|          | 0/12000 [00:00<?, ?it/s]100%|██████████| 12000/12000 [00:07<00:00, 1556.28it/s]
Done! Took 00:00:08.45
Adding virtual node and edges
  0%|          | 0/12000 [00:00<?, ?it/s]100%|██████████| 12000/12000 [00:06<00:00, 1730.90it/s]
Preprocessing PE
  0%|          | 0/12000 [00:00<?, ?it/s]100%|██████████| 12000/12000 [00:03<00:00, 3701.14it/s]
[*] Run ID 0: seed=0, split_index=0
    Starting now: 2025-07-22 17:17:35.884731
Traceback (most recent call last):
  File "/workspace/pretrain.py", line 278, in <module>
    model = create_model_custom(cfg_name='encoder')
  File "/workspace/pretrain.py", line 161, in create_model_custom
    model = GraphGymModule_custom(dim_in, dim_out, cfg, enter_cfg)
  File "/workspace/pretrain.py", line 89, in __init__
    self.model = network_dict[cfg.model.type](dim_in=dim_in,
  File "/workspace/lgd/model/GraphTransformerEncoder.py", line 530, in __init__
    assert cfg.prefix_dim == cfg.hid_dim
AssertionError
Fast encoder pretraining completed successfully!
Results saved in: /workspace/runs/20250722_171705_fast_training/
Job completed. Check logs and WandB dashboard for results.
Job completed. Results saved in: /work/jh210022o/q25030/LatentGraphDiffusion/runs/20250722_171705_fast_training
Check WandB dashboard: https://wandb.ai/shokuno-the-university-of-tokyo/LatentGraphDiffusion-ZINC
