Directory created: /work/gp15/q25030/LatentGraphDiffusion/runs/20250811_125227_fast_training /work/gp15/q25030/LatentGraphDiffusion/data
Starting optimized LGD encoder pretraining...
Configuration: zinc-encoder-fast.yaml
- Max epochs: 10 (down from 2000)
- Hidden dimensions: 32 (down from 64)
- Early stopping enabled
- WandB logging enabled
- Run ID: 1754884349
- Timestamp: 20250811_125229
- Seed (env): 1754884349
- Results will be saved in: results/zinc-encoder-fast/1754884349/

/opt/conda/lib/python3.10/site-packages/lightning_fabric/__init__.py:40: pkg_resources is deprecated as an API. See https://setuptools.pypa.io/en/latest/pkg_resources.html. The pkg_resources package is slated for removal as early as 2025-11-30. Refrain from using this package or pin to Setuptools<81.
Warning: Could not import san2_layer: cannot import name 'negate_edge_index' from 'lgd.utils' (/workspace/lgd/utils/__init__.py)
Warning: Could not import grit_layer: No module named 'opt_einsum'
Warning: Could not import san_layer: cannot import name 'negate_edge_index' from 'lgd.utils' (/workspace/lgd/utils/__init__.py)
Using seed from environment variable: 1754884349
./datasets/ZINC
[*] Loaded dataset 'subset' from 'PyG-ZINC':
/opt/conda/lib/python3.10/site-packages/torch_geometric/data/in_memory_dataset.py:157: UserWarning: It is not recommended to directly access the internal storage format `data` of an 'InMemoryDataset'. If you are absolutely certain what you are doing, access the internal storage via `InMemoryDataset._data` instead to suppress this warning. Alternatively, you can access stacked individual attributes of every graph via `dataset.{attr_name}`.
  warnings.warn(msg)
  Data(x=[277864, 1], edge_index=[2, 597970], edge_attr=[597970], y=[12000])
  undirected: True
  num graphs: 12000
/opt/conda/lib/python3.10/site-packages/torch_geometric/data/in_memory_dataset.py:157: UserWarning: It is not recommended to directly access the internal storage format `data` of an 'InMemoryDataset'. The data of the dataset is already cached, so any modifications to `data` will not be reflected when accessing its elements. Clearing the cache now by removing all elements in `dataset._data_list`. If you are absolutely certain what you are doing, access the internal storage via `InMemoryDataset._data` instead to suppress this warning. Alternatively, you can access stacked individual attributes of every graph via `dataset.{attr_name}`.
  warnings.warn(msg)
  avg num_nodes/graph: 23
  num node features: 1
  num edge features: 1
  num classes: (appears to be a regression task)
Precomputing Positional Encoding statistics: ['RRWP'] for all graphs...
  ...estimated to be undirected: True
  0%|          | 0/12000 [00:00<?, ?it/s]100%|██████████| 12000/12000 [00:07<00:00, 1548.03it/s]
Done! Took 00:00:08.63
Adding virtual node and edges
  0%|          | 0/12000 [00:00<?, ?it/s]100%|██████████| 12000/12000 [00:07<00:00, 1708.74it/s]
Preprocessing PE
  0%|          | 0/12000 [00:00<?, ?it/s]100%|██████████| 12000/12000 [00:03<00:00, 3595.83it/s]
[*] Run ID 1754884349: seed=1754884349, split_index=0
    Starting now: 2025-08-11 12:53:08.395049
/opt/conda/lib/python3.10/site-packages/torch/nn/init.py:405: UserWarning: Initializing zero-element tensors is a no-op
  warnings.warn("Initializing zero-element tensors is a no-op")
GraphGymModule_custom(
  (model): GraphTransformerEncoder(
    (act): ReLU()
    (node_emb): TypeDictNodeEncoder(
      (encoder): Embedding(27, 36, padding_idx=0)
    )
    (edge_emb): TypeDictEdgeEncoder(
      (encoder): Embedding(14, 36, padding_idx=0)
    )
    (prefix_emb): Embedding(1, 64, padding_idx=0)
    (label_embed_regression): Sequential(
      (0): Linear(in_features=1, out_features=128, bias=True)
      (1): ReLU()
      (2): Linear(in_features=128, out_features=64, bias=True)
      (3): Identity()
      (4): ReLU()
    )
    (label_embed_classification): Embedding(3, 64)
    (posenc_emb): Sequential(
      (0): Identity()
      (1): Linear(in_features=20, out_features=28, bias=True)
    )
    (posenc_emb_edge): Sequential(
      (0): Identity()
      (1): Linear(in_features=20, out_features=28, bias=True)
    )
    (node_in_mlp): Sequential(
      (0): Linear(in_features=64, out_features=128, bias=True)
      (1): ReLU()
      (2): Linear(in_features=128, out_features=64, bias=True)
    )
    (edge_in_mlp): Sequential(
      (0): Linear(in_features=64, out_features=128, bias=True)
      (1): ReLU()
      (2): Linear(in_features=128, out_features=64, bias=True)
    )
    (batch_norm_in_h): BatchNorm1d(64, eps=1e-05, momentum=0.1, affine=True, track_running_stats=True)
    (batch_norm_in_e): BatchNorm1d(64, eps=1e-05, momentum=0.1, affine=True, track_running_stats=True)
    (GTE_layers): ModuleList(
      (0-5): 6 x GraphTransformerEncoderLayer(in_channels=64, out_channels=64, heads=4, residual=True)
      [GraphTransformerEncoderLayer(
        (act): ReLU()
        (attention): GTE_Attention(
          (dropout): Dropout(p=0.5, inplace=False)
          (Q): Linear(in_features=64, out_features=64, bias=True)
          (K): Linear(in_features=64, out_features=64, bias=False)
          (E): Linear(in_features=64, out_features=128, bias=True)
          (V): Linear(in_features=64, out_features=64, bias=False)
          (act): ReLU()
        )
        (mpnn): GINE(
          (dropout): Dropout(p=0.0, inplace=False)
          (act): ReLU()
          (lin_edge): Linear(in_features=64, out_features=64, bias=True)
          (mlp): Sequential(
            (0): Linear(in_features=64, out_features=128, bias=True)
            (1): ReLU()
            (2): Linear(in_features=128, out_features=64, bias=True)
          )
        )
        (temb_proj_h): Linear(in_features=0, out_features=64, bias=True)
        (temb_proj_e): Linear(in_features=0, out_features=64, bias=True)
        (O_h): Linear(in_features=64, out_features=64, bias=True)
        (O_e): Linear(in_features=64, out_features=64, bias=True)
        (batch_norm1_h): BatchNorm1d(64, eps=1e-05, momentum=0.1, affine=True, track_running_stats=True)
        (batch_norm1_e): BatchNorm1d(64, eps=1e-05, momentum=0.1, affine=True, track_running_stats=True)
        (FFN_h_layer1): Linear(in_features=64, out_features=128, bias=True)
        (FFN_h_layer2): Linear(in_features=128, out_features=64, bias=True)
        (FFN_e_layer1): Linear(in_features=64, out_features=128, bias=True)
        (FFN_e_layer2): Linear(in_features=128, out_features=64, bias=True)
        (batch_norm2_h): BatchNorm1d(64, eps=1e-05, momentum=0.1, affine=True, track_running_stats=True)
        (batch_norm2_e): BatchNorm1d(64, eps=1e-05, momentum=0.1, affine=True, track_running_stats=True)
      )]
    )
    (final_layer_node): Sequential(
      (0): Linear(in_features=64, out_features=8, bias=True)
      (1): ReLU()
      (2): Linear(in_features=8, out_features=4, bias=True)
    )
    (final_layer_edge): Sequential(
      (0): Linear(in_features=64, out_features=8, bias=True)
      (1): ReLU()
      (2): Linear(in_features=8, out_features=4, bias=True)
    )
    (graph_out_mlp): Identity()
    (graph_out_mlp_2): Identity()
    (decode_node): Linear(in_features=4, out_features=31, bias=True)
    (decode_edge): Linear(in_features=4, out_features=14, bias=True)
    (decode_graph): Linear(in_features=4, out_features=1, bias=True)
  )
)
accelerator: cuda:0
benchmark: False
bn:
  eps: 1e-05
  mom: 0.1
cfg_dest: config.yaml
cond:
  attn:
    O_e: True
    act: relu
    attn_dropout: 0.0
    batch_norm: True
    bn_momentum: 0.1
    bn_no_runner: False
    clamp: 5.0
    deg_scaler: False
    edge_enhance: True
    full_attn: True
    layer_norm: False
    norm_e: True
    sparse: False
    use: True
    use_bias: False
  batch_norm: True
  bn_momentum: 0.1
  bn_no_runner: False
  edge_encoder_name: TypeDictEdge
  layer_norm: False
  node_encoder_name: TypeDictNode
custom_metrics: []
dataset:
  add_virtual_node_edge: True
  cache_load: False
  cache_save: False
  dir: ./datasets
  edge_dim: 128
  edge_encoder: True
  edge_encoder_bn: False
  edge_encoder_name: TypeDictEdge
  edge_encoder_num_types: 4
  edge_message_ratio: 0.8
  edge_negative_sampling_ratio: 1.0
  edge_train_mode: all
  encoder: True
  encoder_bn: True
  encoder_dim: 128
  encoder_name: db
  format: PyG-ZINC
  label_column: none
  label_table: none
  location: local
  name: subset
  node_encoder: True
  node_encoder_bn: False
  node_encoder_name: TypeDictNode
  node_encoder_num_types: 21
  num_hop: 0
  remove_feature: False
  resample_disjoint: False
  resample_negative: False
  shuffle_split: True
  slic_compactness: 10
  split: [0.8, 0.1, 0.1]
  split_dir: ./splits
  split_index: 0
  split_mode: standard
  subgraph: False
  task: graph
  task_type: regression
  to_undirected: False
  transductive: False
  transform: none
  tu_simple: True
devices: 1
diffusion:
  conditioning_key: crossattn
  edge_factor: 1.0
  graph_factor: 0.0
dt:
  attn:
    O_e: True
    act: relu
    attn_dropout: 0.0
    batch_norm: True
    bn_momentum: 0.1
    bn_no_runner: False
    clamp: 5.0
    deg_scaler: False
    edge_enhance: True
    full_attn: True
    layer_norm: False
    norm_e: True
    sparse: False
    use: True
    use_bias: False
  batch_norm: True
  bn_momentum: 0.1
  bn_no_runner: False
  layer_norm: False
encoder:
  O_e: True
  act: relu
  attn:
    O_e: True
    act: relu
    attn_dropout: 0.0
    attn_product: mul
    attn_reweight: True
    batch_norm: True
    bn_momentum: 0.1
    bn_no_runner: False
    clamp: 5.0
    deg_scaler: False
    edge_enhance: True
    edge_reweight: True
    full_attn: True
    fwl: False
    layer_norm: False
    norm_e: True
    score_act: True
    signed_sqrt: True
    sparse: False
    use: True
    use_bias: False
  attn_dropout: 0.5
  batch_norm: True
  bn_momentum: 0.1
  bn_no_runner: False
  dropout: 0.0
  edge_encoder: True
  edge_encoder_bn: False
  edge_encoder_name: TypeDictEdge
  edge_encoder_num_types: 4
  ff_e: False
  hid_dim: 64
  in_dim: 36
  label_embed_type: add_virtual
  layer_norm: False
  mpnn:
    act: relu
    dropout: 0.0
    edge_enhance: True
    enable: True
    project_edge: True
  node_encoder: True
  node_encoder_bn: False
  node_encoder_name: TypeDictNode
  node_encoder_num_types: 21
  norm_e: True
  num_heads: 4
  num_layers: 6
  num_task: 1
  out_dim: 4
  pe_raw_norm: None
  pool: add
  pool_edge: True
  pool_vn: False
  posenc_dim: 28
  posenc_in_dim: 20
  posenc_in_dim_edge: 20
  prefix_dim: 64
  prefix_type: add_virtual
  residual: True
  task_type: regression
  temb_dim: 0
  update_e: True
  use_time: False
example_arg: example
example_group:
  example_arg: example
gnn:
  act: relu
  agg: mean
  att_final_linear: False
  att_final_linear_bn: False
  att_heads: 1
  batchnorm: True
  clear_feature: True
  dim_inner: 64
  dropout: 0.0
  head: san_graph
  keep_edge: 0.5
  l2norm: True
  layer_type: generalconv
  layers_mp: 2
  layers_post_mp: 3
  layers_pre_mp: 0
  msg_direction: single
  normalize_adj: False
  residual: False
  self_msg: concat
  skip_every: 1
  stage_type: stack
gpu_mem: False
gt:
  attn:
    O_e: True
    act: relu
    clamp: 5.0
    deg_scaler: True
    edge_enhance: True
    full_attn: True
    fwl: False
    norm_e: True
    sparse: False
    use: True
    use_bias: False
  attn_dropout: 0.2
  batch_norm: True
  bigbird:
    add_cross_attention: False
    attention_type: block_sparse
    block_size: 3
    chunk_size_feed_forward: 0
    hidden_act: relu
    is_decoder: False
    layer_norm_eps: 1e-06
    max_position_embeddings: 128
    num_random_blocks: 3
    use_bias: False
  bn_momentum: 0.1
  bn_no_runner: False
  dim_hidden: 64
  dropout: 0.0
  full_graph: True
  gamma: 1e-05
  layer_norm: False
  layer_type: GritTransformer
  layers: 6
  n_heads: 4
  pna_degrees: []
  residual: True
  update_e: True
mem:
  inplace: False
metric_agg: argmin
metric_best: mae
mlflow:
  name: zinc-GRIT-RRWP
  project: Exp
  use: False
model:
  edge_decoding: dot
  graph_pooling: add
  loss_fun: l1
  match_upper: True
  size_average: mean
  thresh: 0.5
  type: GraphTransformerEncoder
name_tag: 
num_threads: 6
num_workers: 0
optim:
  base_lr: 0.001
  batch_accumulation: 1
  clip_grad_norm: True
  lr_decay: 0.1
  max_epoch: 10
  min_lr: 1e-06
  momentum: 0.9
  num_warmup_epochs: 10
  optimizer: adamW
  reduce_factor: 0.1
  schedule_patience: 10
  scheduler: cosine_with_warmup
  steps: [30, 60, 90]
  weight_decay: 1e-05
out_dir: results/zinc-encoder-fast
posenc_ERE:
  accuracy: 0.1
  dim_pe: 16
  enable: False
  layers: 3
  local: False
  model: none
  n_heads: 4
  pass_as_var: False
  post_layers: 0
  raw_norm_type: none
posenc_ERN:
  accuracy: 0.1
  dim_pe: 16
  enable: False
  er_dim: none
  layers: 3
  local: False
  model: none
  n_heads: 4
  pass_as_var: False
  post_layers: 0
  raw_norm_type: none
posenc_EdgeRWSE:
  dim_pe: 16
  enable: False
  kernel:
    times: []
    times_func: 
  layers: 3
  local: False
  model: none
  n_heads: 4
  pass_as_var: False
  post_layers: 0
  raw_norm_type: none
posenc_ElstaticSE:
  dim_pe: 16
  enable: False
  kernel:
    times: []
    times_func: range(10)
  layers: 3
  local: False
  model: none
  n_heads: 4
  pass_as_var: False
  post_layers: 0
  raw_norm_type: none
posenc_EquivStableLapPE:
  eigen:
    eigvec_norm: L2
    laplacian_norm: sym
    max_freqs: 10
  enable: False
  raw_norm_type: none
posenc_HKdiagSE:
  dim_pe: 16
  enable: False
  kernel:
    times: []
    times_func: 
  layers: 3
  local: False
  model: none
  n_heads: 4
  pass_as_var: False
  post_layers: 0
  raw_norm_type: none
posenc_HodgeLap1PE:
  dim_pe: 16
  eigen:
    eigvec_norm: L2
    laplacian_norm: sym
    max_freqs: 10
  enable: False
  layers: 3
  local: False
  model: none
  n_heads: 4
  pass_as_var: False
  post_layers: 0
  raw_norm_type: none
posenc_InterRWSE:
  dim_pe: 16
  enable: False
  kernel:
    times: []
    times_func: 
  layers: 3
  local: False
  model: none
  n_heads: 4
  pass_as_var: False
  post_layers: 0
  raw_norm_type: none
posenc_LapPE:
  dim_pe: 16
  eigen:
    eigvec_norm: L2
    laplacian_norm: sym
    max_freqs: 10
  enable: False
  layers: 3
  local: False
  model: none
  n_heads: 4
  pass_as_var: False
  post_layers: 0
  raw_norm_type: none
posenc_RD:
  dim_pe: 16
  enable: False
  layers: 3
  local: False
  model: none
  n_heads: 4
  pass_as_var: False
  post_layers: 0
  raw_norm_type: none
posenc_RRWP:
  add_identity: True
  dim_pe: 16
  enable: True
  ksteps: 20
  layers: 3
  local: False
  model: none
  n_heads: 4
  pass_as_var: False
  post_layers: 0
  raw_norm_type: none
  real_emb: True
  spd: False
posenc_RWSE:
  dim_pe: 28
  enable: False
  kernel:
    times: []
    times_func: range(1,21)
  layers: 3
  local: False
  model: Linear
  n_heads: 4
  pass_as_var: False
  post_layers: 0
  raw_norm_type: BatchNorm
posenc_SignNet:
  dim_pe: 16
  eigen:
    eigvec_norm: L2
    laplacian_norm: sym
    max_freqs: 10
  enable: False
  layers: 3
  local: False
  model: none
  n_heads: 4
  pass_as_var: False
  phi_hidden_dim: 64
  phi_out_dim: 4
  post_layers: 0
  raw_norm_type: none
prep:
  add_edge_index: True
  add_reverse_edges: True
  add_self_loops: False
  dist_cutoff: 510
  dist_enable: False
  exp: False
  exp_algorithm: Random-d
  exp_count: 1
  exp_deg: 5
  exp_max_num_iters: 100
  layer_edge_indices_dir: None
  num_virt_node: 0
  train_percent: 0.6
  use_exp_edges: True
pretrained:
  dir: 
  freeze_main: False
  reset_prediction_head: True
print: both
regression_model:
  encoder:
    attn:
      O_e: True
      act: relu
      attn_dropout: 0.0
      batch_norm: True
      bn_momentum: 0.1
      bn_no_runner: False
      clamp: 5.0
      deg_scaler: False
      edge_enhance: True
      full_attn: True
      layer_norm: False
      norm_e: True
      sparse: False
      use: True
      use_bias: False
    batch_norm: True
    bn_momentum: 0.1
    bn_no_runner: False
    edge_encoder_name: TypeDictEdge
    layer_norm: False
    node_encoder_name: TypeDictNode
round: 5
run_dir: results/zinc-encoder-fast/1754884349
run_id: 1754884349
run_multiple_splits: []
seed: 1754884349
share:
  dim_in: 1
  dim_out: 1
  num_splits: 3
tensorboard_agg: True
tensorboard_each_run: False
train:
  auto_resume: False
  batch_size: 64
  ckpt_best: True
  ckpt_clean: True
  ckpt_period: 10
  early_stop: True
  early_stop_patience: 20
  enable_ckpt: True
  ensemble_mode: none
  ensemble_repeat: 1
  epoch_resume: -1
  eval_period: 1
  iter_per_epoch: 32
  mode: pretrain_encoder
  neighbor_sizes: [20, 15, 10, 5]
  node_per_graph: 32
  pretrain:
    atom_bond_only: True
    edge_factor: 0.0
    graph_factor: 1.0
    input_target: False
    mask_edge_prob: 0.0
    mask_label_prob: 0.5
    mask_node_prob: 0.0
    node_factor: 0.0
    original_task: True
    recon: none
  radius: extend
  sample_node: False
  sampler: full_batch
  skip_train_eval: False
  start_eval_epoch: -1
  walk_length: 4
val:
  node_per_graph: 32
  radius: extend
  sample_node: False
  sampler: full_batch
view_emb: False
wandb:
  entity: 
  name: 
  project: LatentGraphDiffusion-ZINC
  use: True
Num parameters: 553882
Start from epoch 0
Loaded WandB config from /workspace/.wandbrc (profile: default)
wandb: Using wandb-core as the SDK backend.  Please refer to https://wandb.me/wandb-core for more information.
wandb: Currently logged in as: shokuno (shokuno-the-university-of-tokyo). Use `wandb login --relogin` to force relogin
wandb: Tracking run with wandb version 0.18.7
wandb: Run data is saved locally in /workspace/wandb/run-20250811_125316-rg34e8oi
wandb: Run `wandb offline` to turn off syncing.
wandb: Syncing run ZINC-subset.GraphTransformerEncoder.r1754884349
wandb: ⭐️ View project at https://wandb.ai/shokuno-the-university-of-tokyo/LatentGraphDiffusion-ZINC
wandb: 🚀 View run at https://wandb.ai/shokuno-the-university-of-tokyo/LatentGraphDiffusion-ZINC/runs/rg34e8oi
Key encoder.pe_raw_norm with value <class 'NoneType'> is not a valid type; valid types: {<class 'float'>, <class 'list'>, <class 'tuple'>, <class 'bool'>, <class 'int'>, <class 'str'>}
Key prep.layer_edge_indices_dir with value <class 'NoneType'> is not a valid type; valid types: {<class 'float'>, <class 'list'>, <class 'tuple'>, <class 'bool'>, <class 'int'>, <class 'str'>}
tensor([2, 1, 1, 6, 1, 3, 3, 1, 6, 3, 1, 5, 1, 1, 1, 1, 7, 1, 1, 3],
       device='cuda:0')
tensor([[-0.3788, -0.1078, -0.0063,  0.4670],
        [-0.2477,  0.3124,  0.1361,  0.1021],
        [ 0.0617,  0.1774,  0.5196,  0.3729],
        [-0.1288,  1.1903,  0.2079,  0.1303],
        [ 0.0600, -0.0240,  0.5082,  0.5400],
        [ 0.1299,  0.3022,  0.5902,  0.4302],
        [ 0.1166,  0.3437,  0.5070,  0.2641],
        [-0.0118,  0.0446,  0.4190,  0.4147],
        [-0.2217,  1.0355,  0.1170,  0.2476],
        [-0.1208,  0.1665,  0.1776,  0.3346],
        [-0.1338,  0.1300,  0.2784,  0.2739],
        [-0.4356, -0.1842, -0.0443,  0.5224],
        [-0.2739,  0.0117,  0.0444,  0.4816],
        [-0.0354,  0.0756,  0.3339,  0.3530],
        [ 0.0317,  0.2181,  0.3463,  0.2485],
        [ 0.0963,  0.2331,  0.3369,  0.2438],
        [ 0.5700,  0.0187,  0.8546,  0.4949],
        [ 0.1516, -0.0374,  0.4994,  0.4672],
        [-0.0962,  0.0311,  0.2793,  0.4192],
        [-0.1524,  0.1995,  0.1885,  0.3236]], device='cuda:0',
       grad_fn=<SliceBackward0>)
tensor([8, 2, 0, 0, 0, 0, 0, 0, 0, 0, 0, 0, 0, 0, 0, 0, 0, 0, 0, 0],
       device='cuda:0')
tensor([[ 0.1148,  0.3182, -0.4719,  0.0751],
        [ 0.4180,  0.0436, -0.6337,  0.2248],
        [ 0.1026,  0.2543, -0.4480,  0.3006],
        [ 0.5137,  0.3287, -0.6369,  0.5482],
        [ 0.1072,  0.2235, -0.5015,  0.2943],
        [ 0.1626,  0.1913, -0.6754,  0.3536],
        [ 0.1365,  0.2439, -0.6320,  0.3568],
        [ 0.0664,  0.2535, -0.5345,  0.2818],
        [ 0.4056,  0.2827, -0.7419,  0.5177],
        [ 0.0444,  0.2873, -0.4097,  0.1475],
        [ 0.2466,  0.2190, -0.6149,  0.3680],
        [ 0.4030,  0.3606, -0.3876,  0.3646],
        [ 0.2377,  0.2725, -0.3513,  0.3352],
        [ 0.1302,  0.2456, -0.4533,  0.3088],
        [ 0.0922,  0.2389, -0.4648,  0.2812],
        [ 0.2314,  0.2904, -0.3652,  0.2908],
        [ 0.2384,  0.1923, -0.6618,  0.4140],
        [ 0.1095,  0.2296, -0.4610,  0.2690],
        [ 0.0505,  0.1978, -0.4428,  0.2023],
        [ 0.1313,  0.1924, -0.5752,  0.2186]], device='cuda:0',
       grad_fn=<SliceBackward0>)
train: {'epoch': 0, 'time_epoch': 19.39884, 'eta': 174.58955, 'eta_hours': 0.0485, 'loss': 23.22559194, 'lr': 0.0, 'params': 553882, 'time_iter': 0.12356, 'mae': 23.22559, 'r2': -156.2675, 'spearmanr': 0.25482, 'mse': 635.8949, 'rmse': 25.21696}
...computing epoch stats took: 0.03s
val: {'epoch': 0, 'time_epoch': 0.49901, 'loss': 22.34235498, 'lr': 0, 'params': 553882, 'time_iter': 0.03119, 'mae': 22.34236, 'r2': -149.04975, 'spearmanr': 0.23926, 'mse': 591.00934, 'rmse': 24.31068, 'loss_recon': 0.0, 'loss_recon_node': 0.0, 'loss_recon_edge': 0.0, 'loss_recon_tuple': 0.0, 'loss_recon_nodepe': 0.0, 'loss_recon_edgepe': 0.0}
...computing epoch stats took: 0.00s
test: {'epoch': 0, 'time_epoch': 0.49967, 'loss': 22.57117645, 'lr': 0, 'params': 553882, 'time_iter': 0.03123, 'mae': 22.57118, 'r2': -146.86495, 'spearmanr': 0.24971, 'mse': 601.55896, 'rmse': 24.5267, 'loss_recon': 0.0, 'loss_recon_node': 0.0, 'loss_recon_edge': 0.0, 'loss_recon_tuple': 0.0, 'loss_recon_nodepe': 0.0, 'loss_recon_edgepe': 0.0}
...computing epoch stats took: 0.00s
> Epoch 0: took 20.4s (avg 20.4s) | Best so far: epoch 0	train_loss: 23.2256 train_mae: 23.2256	val_loss: 22.3424 val_mae: 22.3424	test_loss: 22.5712 test_mae: 22.5712
train: {'epoch': 1, 'time_epoch': 13.18741, 'eta': 130.34501, 'eta_hours': 0.03621, 'loss': 1.74041819, 'lr': 0.0001, 'params': 553882, 'time_iter': 0.084, 'mae': 1.74042, 'r2': -2.07442, 'spearmanr': 0.60388, 'mse': 12.43112, 'rmse': 3.52578}
...computing epoch stats took: 0.00s
val: {'epoch': 1, 'time_epoch': 0.32094, 'loss': 0.75949737, 'lr': 0, 'params': 553882, 'time_iter': 0.02006, 'mae': 0.7595, 'r2': 0.57172, 'spearmanr': 0.85217, 'mse': 1.68687, 'rmse': 1.2988, 'loss_recon': 0.0, 'loss_recon_node': 0.0, 'loss_recon_edge': 0.0, 'loss_recon_tuple': 0.0, 'loss_recon_nodepe': 0.0, 'loss_recon_edgepe': 0.0}
...computing epoch stats took: 0.00s
test: {'epoch': 1, 'time_epoch': 0.32041, 'loss': 0.76181357, 'lr': 0, 'params': 553882, 'time_iter': 0.02003, 'mae': 0.76181, 'r2': 0.65458, 'spearmanr': 0.86313, 'mse': 1.40527, 'rmse': 1.18544, 'loss_recon': 0.0, 'loss_recon_node': 0.0, 'loss_recon_edge': 0.0, 'loss_recon_tuple': 0.0, 'loss_recon_nodepe': 0.0, 'loss_recon_edgepe': 0.0}
...computing epoch stats took: 0.00s
> Epoch 1: took 13.8s (avg 17.1s) | Best so far: epoch 1	train_loss: 1.7404 train_mae: 1.7404	val_loss: 0.7595 val_mae: 0.7595	test_loss: 0.7618 test_mae: 0.7618
train: {'epoch': 2, 'time_epoch': 13.18893, 'eta': 106.80876, 'eta_hours': 0.02967, 'loss': 1.27665417, 'lr': 0.0002, 'params': 553882, 'time_iter': 0.08401, 'mae': 1.27665, 'r2': 0.18394, 'spearmanr': 0.67405, 'mse': 3.29964, 'rmse': 1.81649}
...computing epoch stats took: 0.01s
val: {'epoch': 2, 'time_epoch': 0.31646, 'loss': 0.80702127, 'lr': 0, 'params': 553882, 'time_iter': 0.01978, 'mae': 0.80702, 'r2': 0.57609, 'spearmanr': 0.86686, 'mse': 1.66966, 'rmse': 1.29215, 'loss_recon': 0.0, 'loss_recon_node': 0.0, 'loss_recon_edge': 0.0, 'loss_recon_tuple': 0.0, 'loss_recon_nodepe': 0.0, 'loss_recon_edgepe': 0.0}
...computing epoch stats took: 0.00s
test: {'epoch': 2, 'time_epoch': 0.31657, 'loss': 0.83792593, 'lr': 0, 'params': 553882, 'time_iter': 0.01979, 'mae': 0.83793, 'r2': 0.63135, 'spearmanr': 0.85513, 'mse': 1.4998, 'rmse': 1.22466, 'loss_recon': 0.0, 'loss_recon_node': 0.0, 'loss_recon_edge': 0.0, 'loss_recon_tuple': 0.0, 'loss_recon_nodepe': 0.0, 'loss_recon_edgepe': 0.0}
...computing epoch stats took: 0.00s
> Epoch 2: took 13.8s (avg 16.0s) | Best so far: epoch 1	train_loss: 1.7404 train_mae: 1.7404	val_loss: 0.7595 val_mae: 0.7595	test_loss: 0.7618 test_mae: 0.7618
train: {'epoch': 3, 'time_epoch': 13.17299, 'eta': 88.42226, 'eta_hours': 0.02456, 'loss': 1.29164429, 'lr': 0.0003, 'params': 553882, 'time_iter': 0.0839, 'mae': 1.29164, 'r2': 0.2041, 'spearmanr': 0.67524, 'mse': 3.21816, 'rmse': 1.79392}
val: {'epoch': 3, 'time_epoch': 0.31791, 'loss': 1.91856368, 'lr': 0, 'params': 553882, 'time_iter': 0.01987, 'mae': 1.91856, 'r2': -0.4467, 'spearmanr': 0.76586, 'mse': 5.69821, 'rmse': 2.38709, 'loss_recon': 0.0, 'loss_recon_node': 0.0, 'loss_recon_edge': 0.0, 'loss_recon_tuple': 0.0, 'loss_recon_nodepe': 0.0, 'loss_recon_edgepe': 0.0}
test: {'epoch': 3, 'time_epoch': 0.31692, 'loss': 1.8416957, 'lr': 0, 'params': 553882, 'time_iter': 0.01981, 'mae': 1.8417, 'r2': -0.22064, 'spearmanr': 0.753, 'mse': 4.96594, 'rmse': 2.22844, 'loss_recon': 0.0, 'loss_recon_node': 0.0, 'loss_recon_edge': 0.0, 'loss_recon_tuple': 0.0, 'loss_recon_nodepe': 0.0, 'loss_recon_edgepe': 0.0}
> Epoch 3: took 13.8s (avg 15.5s) | Best so far: epoch 1	train_loss: 1.7404 train_mae: 1.7404	val_loss: 0.7595 val_mae: 0.7595	test_loss: 0.7618 test_mae: 0.7618
train: {'epoch': 4, 'time_epoch': 13.18882, 'eta': 72.13699, 'eta_hours': 0.02004, 'loss': 1.23836221, 'lr': 0.0004, 'params': 553882, 'time_iter': 0.08401, 'mae': 1.23836, 'r2': 0.23236, 'spearmanr': 0.69093, 'mse': 3.10386, 'rmse': 1.76178}
val: {'epoch': 4, 'time_epoch': 0.31638, 'loss': 1.81781056, 'lr': 0, 'params': 553882, 'time_iter': 0.01977, 'mae': 1.81781, 'r2': -0.03086, 'spearmanr': 0.90159, 'mse': 4.06032, 'rmse': 2.01502, 'loss_recon': 0.0, 'loss_recon_node': 0.0, 'loss_recon_edge': 0.0, 'loss_recon_tuple': 0.0, 'loss_recon_nodepe': 0.0, 'loss_recon_edgepe': 0.0}
test: {'epoch': 4, 'time_epoch': 0.31617, 'loss': 1.79960685, 'lr': 0, 'params': 553882, 'time_iter': 0.01976, 'mae': 1.79961, 'r2': 0.09482, 'spearmanr': 0.89708, 'mse': 3.68255, 'rmse': 1.919, 'loss_recon': 0.0, 'loss_recon_node': 0.0, 'loss_recon_edge': 0.0, 'loss_recon_tuple': 0.0, 'loss_recon_nodepe': 0.0, 'loss_recon_edgepe': 0.0}
> Epoch 4: took 13.8s (avg 15.2s) | Best so far: epoch 1	train_loss: 1.7404 train_mae: 1.7404	val_loss: 0.7595 val_mae: 0.7595	test_loss: 0.7618 test_mae: 0.7618
train: {'epoch': 5, 'time_epoch': 13.17008, 'eta': 56.87138, 'eta_hours': 0.0158, 'loss': 1.29069962, 'lr': 0.0005, 'params': 553882, 'time_iter': 0.08389, 'mae': 1.2907, 'r2': 0.19073, 'spearmanr': 0.66804, 'mse': 3.2722, 'rmse': 1.80892}
val: {'epoch': 5, 'time_epoch': 0.31552, 'loss': 4.12474566, 'lr': 0, 'params': 553882, 'time_iter': 0.01972, 'mae': 4.12475, 'r2': -3.8913, 'spearmanr': 0.7852, 'mse': 19.26565, 'rmse': 4.38927, 'loss_recon': 0.0, 'loss_recon_node': 0.0, 'loss_recon_edge': 0.0, 'loss_recon_tuple': 0.0, 'loss_recon_nodepe': 0.0, 'loss_recon_edgepe': 0.0}
test: {'epoch': 5, 'time_epoch': 0.32032, 'loss': 4.21641706, 'lr': 0, 'params': 553882, 'time_iter': 0.02002, 'mae': 4.21642, 'r2': -3.88212, 'spearmanr': 0.79427, 'mse': 19.86191, 'rmse': 4.45667, 'loss_recon': 0.0, 'loss_recon_node': 0.0, 'loss_recon_edge': 0.0, 'loss_recon_tuple': 0.0, 'loss_recon_nodepe': 0.0, 'loss_recon_edgepe': 0.0}
> Epoch 5: took 13.8s (avg 14.9s) | Best so far: epoch 1	train_loss: 1.7404 train_mae: 1.7404	val_loss: 0.7595 val_mae: 0.7595	test_loss: 0.7618 test_mae: 0.7618
train: {'epoch': 6, 'time_epoch': 13.27211, 'eta': 42.24822, 'eta_hours': 0.01174, 'loss': 1.28462845, 'lr': 0.0006, 'params': 553882, 'time_iter': 0.08454, 'mae': 1.28463, 'r2': 0.21253, 'spearmanr': 0.65703, 'mse': 3.18407, 'rmse': 1.7844}
val: {'epoch': 6, 'time_epoch': 0.32262, 'loss': 1.23544923, 'lr': 0, 'params': 553882, 'time_iter': 0.02016, 'mae': 1.23545, 'r2': 0.33267, 'spearmanr': 0.84218, 'mse': 2.62845, 'rmse': 1.62125, 'loss_recon': 0.0, 'loss_recon_node': 0.0, 'loss_recon_edge': 0.0, 'loss_recon_tuple': 0.0, 'loss_recon_nodepe': 0.0, 'loss_recon_edgepe': 0.0}
test: {'epoch': 6, 'time_epoch': 0.32236, 'loss': 1.25681039, 'lr': 0, 'params': 553882, 'time_iter': 0.02015, 'mae': 1.25681, 'r2': 0.40471, 'spearmanr': 0.83337, 'mse': 2.42181, 'rmse': 1.55622, 'loss_recon': 0.0, 'loss_recon_node': 0.0, 'loss_recon_edge': 0.0, 'loss_recon_tuple': 0.0, 'loss_recon_nodepe': 0.0, 'loss_recon_edgepe': 0.0}
> Epoch 6: took 13.9s (avg 14.8s) | Best so far: epoch 1	train_loss: 1.7404 train_mae: 1.7404	val_loss: 0.7595 val_mae: 0.7595	test_loss: 0.7618 test_mae: 0.7618
train: {'epoch': 7, 'time_epoch': 13.22614, 'eta': 27.95133, 'eta_hours': 0.00776, 'loss': 1.25403776, 'lr': 0.0007, 'params': 553882, 'time_iter': 0.08424, 'mae': 1.25404, 'r2': 0.23911, 'spearmanr': 0.68019, 'mse': 3.07659, 'rmse': 1.75402}
val: {'epoch': 7, 'time_epoch': 0.32108, 'loss': 3.54300923, 'lr': 0, 'params': 553882, 'time_iter': 0.02007, 'mae': 3.54301, 'r2': -2.72958, 'spearmanr': 0.80901, 'mse': 14.6899, 'rmse': 3.83274, 'loss_recon': 0.0, 'loss_recon_node': 0.0, 'loss_recon_edge': 0.0, 'loss_recon_tuple': 0.0, 'loss_recon_nodepe': 0.0, 'loss_recon_edgepe': 0.0}
test: {'epoch': 7, 'time_epoch': 0.31963, 'loss': 3.61332671, 'lr': 0, 'params': 553882, 'time_iter': 0.01998, 'mae': 3.61333, 'r2': -2.71783, 'spearmanr': 0.80393, 'mse': 15.12525, 'rmse': 3.88912, 'loss_recon': 0.0, 'loss_recon_node': 0.0, 'loss_recon_edge': 0.0, 'loss_recon_tuple': 0.0, 'loss_recon_nodepe': 0.0, 'loss_recon_edgepe': 0.0}
> Epoch 7: took 13.9s (avg 14.7s) | Best so far: epoch 1	train_loss: 1.7404 train_mae: 1.7404	val_loss: 0.7595 val_mae: 0.7595	test_loss: 0.7618 test_mae: 0.7618
train: {'epoch': 8, 'time_epoch': 13.24226, 'eta': 13.89417, 'eta_hours': 0.00386, 'loss': 1.28129822, 'lr': 0.0008, 'params': 553882, 'time_iter': 0.08435, 'mae': 1.2813, 'r2': 0.21217, 'spearmanr': 0.68778, 'mse': 3.18551, 'rmse': 1.7848}
val: {'epoch': 8, 'time_epoch': 0.32271, 'loss': 1.61132983, 'lr': 0, 'params': 553882, 'time_iter': 0.02017, 'mae': 1.61133, 'r2': -0.15448, 'spearmanr': 0.78547, 'mse': 4.54722, 'rmse': 2.13242, 'loss_recon': 0.0, 'loss_recon_node': 0.0, 'loss_recon_edge': 0.0, 'loss_recon_tuple': 0.0, 'loss_recon_nodepe': 0.0, 'loss_recon_edgepe': 0.0}
test: {'epoch': 8, 'time_epoch': 0.32284, 'loss': 1.60058317, 'lr': 0, 'params': 553882, 'time_iter': 0.02018, 'mae': 1.60058, 'r2': -0.09153, 'spearmanr': 0.765, 'mse': 4.44065, 'rmse': 2.10729, 'loss_recon': 0.0, 'loss_recon_node': 0.0, 'loss_recon_edge': 0.0, 'loss_recon_tuple': 0.0, 'loss_recon_nodepe': 0.0, 'loss_recon_edgepe': 0.0}
> Epoch 8: took 13.9s (avg 14.6s) | Best so far: epoch 1	train_loss: 1.7404 train_mae: 1.7404	val_loss: 0.7595 val_mae: 0.7595	test_loss: 0.7618 test_mae: 0.7618
tensor([ 1,  1,  1,  1,  2,  1,  1,  1,  1,  1,  1,  1,  8,  1,  1,  1,  2,  1,
        22,  1], device='cuda:0')
tensor([[-0.2658,  0.1935,  0.1526,  0.2505],
        [-0.1096,  0.3278,  0.2680,  0.1661],
        [-0.0579,  0.1482,  0.2964,  0.2651],
        [-0.1101,  0.1544,  0.2560,  0.2265],
        [-0.1342,  0.0994,  0.2314,  0.2965],
        [ 0.0453,  0.0382,  0.4706,  0.4971],
        [-0.1248,  0.1195,  0.1943,  0.2882],
        [-0.1478,  0.1142,  0.1810,  0.2904],
        [ 0.0045,  0.2140,  0.2565,  0.2106],
        [ 0.0654,  0.1995,  0.3396,  0.2075],
        [ 0.0355,  0.1785,  0.3300,  0.2216],
        [-0.1147,  0.3055,  0.2574,  0.1454],
        [-0.1779,  0.5486,  0.0042, -0.1761],
        [ 0.0162,  0.1566,  0.3363,  0.2321],
        [-0.0230,  0.1805,  0.2866,  0.2150],
        [ 0.0565,  0.0422,  0.4725,  0.4639],
        [-0.1599,  0.0810,  0.2065,  0.3236],
        [-0.2041,  0.0344,  0.1664,  0.3240],
        [ 0.5274,  1.0668,  1.0204,  0.3590],
        [-0.2288,  0.1106,  0.1449,  0.2400]], device='cuda:0',
       grad_fn=<SliceBackward0>)
tensor([8, 1, 0, 0, 0, 0, 0, 0, 0, 0, 0, 0, 0, 0, 0, 0, 0, 0, 5, 1],
       device='cuda:0')
tensor([[ 0.2983,  0.2047, -0.4722,  0.3646],
        [ 0.0467,  0.3478, -0.6114,  0.2640],
        [ 0.1280,  0.2045, -0.3919,  0.1816],
        [ 0.2028,  0.2911, -0.2578,  0.2036],
        [ 0.1182,  0.2355, -0.3235,  0.1638],
        [ 0.1207,  0.2747, -0.2586,  0.1678],
        [ 0.0646,  0.2310, -0.3366,  0.1950],
        [ 0.0860,  0.2368, -0.3165,  0.1810],
        [ 0.0783,  0.2464, -0.2963,  0.1760],
        [ 0.1199,  0.2760, -0.2456,  0.1771],
        [ 0.0811,  0.2477, -0.2925,  0.1738],
        [ 0.1387,  0.2902, -0.2453,  0.1752],
        [ 0.0909,  0.2521, -0.2791,  0.1658],
        [ 0.0813,  0.2478, -0.2922,  0.1736],
        [ 0.0740,  0.2440, -0.3033,  0.1799],
        [ 0.1140,  0.2560, -0.2643,  0.1561],
        [ 0.1234,  0.2702, -0.2441,  0.1493],
        [ 0.0952,  0.2457, -0.2927,  0.1695],
        [ 0.1851,  0.5114, -1.2046,  0.0925],
        [ 0.0510,  0.3403, -0.6112,  0.2578]], device='cuda:0',
       grad_fn=<SliceBackward0>)
train: {'epoch': 9, 'time_epoch': 13.21567, 'eta': 0.0, 'eta_hours': 0.0, 'loss': 1.20065597, 'lr': 0.0009, 'params': 553882, 'time_iter': 0.08418, 'mae': 1.20066, 'r2': 0.29585, 'spearmanr': 0.67447, 'mse': 2.84714, 'rmse': 1.68735}
val: {'epoch': 9, 'time_epoch': 0.31591, 'loss': 0.66913639, 'lr': 0, 'params': 553882, 'time_iter': 0.01974, 'mae': 0.66914, 'r2': 0.59785, 'spearmanr': 0.90461, 'mse': 1.58396, 'rmse': 1.25856, 'loss_recon': 0.0, 'loss_recon_node': 0.0, 'loss_recon_edge': 0.0, 'loss_recon_tuple': 0.0, 'loss_recon_nodepe': 0.0, 'loss_recon_edgepe': 0.0}
test: {'epoch': 9, 'time_epoch': 0.31569, 'loss': 0.70131628, 'lr': 0, 'params': 553882, 'time_iter': 0.01973, 'mae': 0.70132, 'r2': 0.62204, 'spearmanr': 0.90244, 'mse': 1.53766, 'rmse': 1.24002, 'loss_recon': 0.0, 'loss_recon_node': 0.0, 'loss_recon_edge': 0.0, 'loss_recon_tuple': 0.0, 'loss_recon_nodepe': 0.0, 'loss_recon_edgepe': 0.0}
> Epoch 9: took 13.9s (avg 14.5s) | Best so far: epoch 9	train_loss: 1.2007 train_mae: 1.2007	val_loss: 0.6691 val_mae: 0.6691	test_loss: 0.7013 test_mae: 0.7013
Avg time per epoch: 14.52s
Total train loop time: 0.04h
wandb:                                                                                
wandb: 
wandb: Run history:
wandb:             best/epoch ▁▂▂▂▂▂▂▂▂█
wandb:         best/test_loss █▁▁▁▁▁▁▁▁▁
wandb:          best/test_mae █▁▁▁▁▁▁▁▁▁
wandb:        best/train_loss █▁▁▁▁▁▁▁▁▁
wandb:         best/train_mae █▁▁▁▁▁▁▁▁▁
wandb:          best/val_loss █▁▁▁▁▁▁▁▁▁
wandb:           best/val_mae █▁▁▁▁▁▁▁▁▁
wandb:             test/epoch ▁▂▃▃▄▅▆▆▇█
wandb:              test/loss █▁▁▁▁▂▁▂▁▁
wandb:        test/loss_recon ▁▁▁▁▁▁▁▁▁▁
wandb:   test/loss_recon_edge ▁▁▁▁▁▁▁▁▁▁
wandb: test/loss_recon_edgepe ▁▁▁▁▁▁▁▁▁▁
wandb:   test/loss_recon_node ▁▁▁▁▁▁▁▁▁▁
wandb: test/loss_recon_nodepe ▁▁▁▁▁▁▁▁▁▁
wandb:  test/loss_recon_tuple ▁▁▁▁▁▁▁▁▁▁
wandb:                test/lr ▁▁▁▁▁▁▁▁▁▁
wandb:               test/mae █▁▁▁▁▂▁▂▁▁
wandb:               test/mse █▁▁▁▁▁▁▁▁▁
wandb:            test/params ▁▁▁▁▁▁▁▁▁▁
wandb:                test/r2 ▁█████████
wandb:              test/rmse █▁▁▁▁▂▁▂▁▁
wandb:         test/spearmanr ▁█▇▆█▇▇▇▇█
wandb:        test/time_epoch █▁▁▁▁▁▁▁▁▁
wandb:         test/time_iter █▁▁▁▁▁▁▁▁▁
wandb:            train/epoch ▁▂▃▃▄▅▆▆▇█
wandb:              train/eta █▆▅▅▄▃▃▂▂▁
wandb:        train/eta_hours █▆▅▅▄▃▃▂▂▁
wandb:             train/loss █▁▁▁▁▁▁▁▁▁
wandb:               train/lr ▁▂▃▃▄▅▆▆▇█
wandb:              train/mae █▁▁▁▁▁▁▁▁▁
wandb:              train/mse █▁▁▁▁▁▁▁▁▁
wandb:           train/params ▁▁▁▁▁▁▁▁▁▁
wandb:               train/r2 ▁█████████
wandb:             train/rmse █▂▁▁▁▁▁▁▁▁
wandb:        train/spearmanr ▁▇████▇███
wandb:       train/time_epoch █▁▁▁▁▁▁▁▁▁
wandb:        train/time_iter █▁▁▁▁▁▁▁▁▁
wandb:              val/epoch ▁▂▃▃▄▅▆▆▇█
wandb:               val/loss █▁▁▁▁▂▁▂▁▁
wandb:         val/loss_recon ▁▁▁▁▁▁▁▁▁▁
wandb:    val/loss_recon_edge ▁▁▁▁▁▁▁▁▁▁
wandb:  val/loss_recon_edgepe ▁▁▁▁▁▁▁▁▁▁
wandb:    val/loss_recon_node ▁▁▁▁▁▁▁▁▁▁
wandb:  val/loss_recon_nodepe ▁▁▁▁▁▁▁▁▁▁
wandb:   val/loss_recon_tuple ▁▁▁▁▁▁▁▁▁▁
wandb:                 val/lr ▁▁▁▁▁▁▁▁▁▁
wandb:                val/mae █▁▁▁▁▂▁▂▁▁
wandb:                val/mse █▁▁▁▁▁▁▁▁▁
wandb:             val/params ▁▁▁▁▁▁▁▁▁▁
wandb:                 val/r2 ▁█████████
wandb:               val/rmse █▁▁▁▁▂▁▂▁▁
wandb:          val/spearmanr ▁▇█▇█▇▇▇▇█
wandb:         val/time_epoch █▁▁▁▁▁▁▁▁▁
wandb:          val/time_iter █▁▁▁▁▁▁▁▁▁
wandb: 
wandb: Run summary:
wandb:             best/epoch 9
wandb:         best/test_loss 0.70132
wandb:          best/test_mae 0.70132
wandb:        best/train_loss 1.20066
wandb:         best/train_mae 1.20066
wandb:          best/val_loss 0.66914
wandb:           best/val_mae 0.66914
wandb:         best_test_perf 0.70132
wandb:        best_train_perf 1.20066
wandb:          best_val_perf 0.66914
wandb:    full_epoch_time_avg 14.51911
wandb:    full_epoch_time_sum 145.19111
wandb:             test/epoch 9
wandb:              test/loss 0.70132
wandb:        test/loss_recon 0
wandb:   test/loss_recon_edge 0
wandb: test/loss_recon_edgepe 0
wandb:   test/loss_recon_node 0
wandb: test/loss_recon_nodepe 0
wandb:  test/loss_recon_tuple 0
wandb:                test/lr 0
wandb:               test/mae 0.70132
wandb:               test/mse 1.53766
wandb:            test/params 553882
wandb:                test/r2 0.62204
wandb:              test/rmse 1.24002
wandb:         test/spearmanr 0.90244
wandb:        test/time_epoch 0.31569
wandb:         test/time_iter 0.01973
wandb:            train/epoch 9
wandb:              train/eta 0
wandb:        train/eta_hours 0
wandb:             train/loss 1.20066
wandb:               train/lr 0.0009
wandb:              train/mae 1.20066
wandb:              train/mse 2.84714
wandb:           train/params 553882
wandb:               train/r2 0.29585
wandb:             train/rmse 1.68735
wandb:        train/spearmanr 0.67447
wandb:       train/time_epoch 13.21567
wandb:        train/time_iter 0.08418
wandb:              val/epoch 9
wandb:               val/loss 0.66914
wandb:         val/loss_recon 0
wandb:    val/loss_recon_edge 0
wandb:  val/loss_recon_edgepe 0
wandb:    val/loss_recon_node 0
wandb:  val/loss_recon_nodepe 0
wandb:   val/loss_recon_tuple 0
wandb:                 val/lr 0
wandb:                val/mae 0.66914
wandb:                val/mse 1.58396
wandb:             val/params 553882
wandb:                 val/r2 0.59785
wandb:               val/rmse 1.25856
wandb:          val/spearmanr 0.90461
wandb:         val/time_epoch 0.31591
wandb:          val/time_iter 0.01974
wandb: 
wandb: 🚀 View run ZINC-subset.GraphTransformerEncoder.r1754884349 at: https://wandb.ai/shokuno-the-university-of-tokyo/LatentGraphDiffusion-ZINC/runs/rg34e8oi
wandb: ⭐️ View project at: https://wandb.ai/shokuno-the-university-of-tokyo/LatentGraphDiffusion-ZINC
wandb: Synced 5 W&B file(s), 0 media file(s), 0 artifact file(s) and 0 other file(s)
wandb: Find logs at: ./wandb/run-20250811_125316-rg34e8oi/logs
Task done, results saved in results/zinc-encoder-fast/1754884349
19
{'epoch': 19, 'time_epoch': 13.12379, 'eta': 0.0, 'eta_hours': 0.0, 'loss': 0.40820321, 'lr': 2.447e-05, 'params': 553882, 'time_iter': 0.08359, 'mae': 0.4082, 'r2': 0.73263, 'spearmanr': 0.93769, 'mse': 1.08109, 'rmse': 1.03975}
{'epoch': 19, 'time_epoch': 0.31623, 'loss': 0.41858179, 'lr': 0, 'params': 553882, 'time_iter': 0.01976, 'mae': 0.41858, 'r2': 0.70102, 'spearmanr': 0.93909, 'mse': 1.17759, 'rmse': 1.08517, 'loss_recon': 0.0, 'loss_recon_node': 0.0, 'loss_recon_edge': 0.0, 'loss_recon_tuple': 0.0, 'loss_recon_nodepe': 0.0, 'loss_recon_edgepe': 0.0}
{'epoch': 19, 'time_epoch': 0.31558, 'loss': 0.44034075, 'lr': 0, 'params': 553882, 'time_iter': 0.01972, 'mae': 0.44034, 'r2': 0.73546, 'spearmanr': 0.92834, 'mse': 1.07625, 'rmse': 1.03742, 'loss_recon': 0.0, 'loss_recon_node': 0.0, 'loss_recon_edge': 0.0, 'loss_recon_tuple': 0.0, 'loss_recon_nodepe': 0.0, 'loss_recon_edgepe': 0.0}
9
{'epoch': 9, 'time_epoch': 13.21567, 'eta': 0.0, 'eta_hours': 0.0, 'loss': 1.20065597, 'lr': 0.0009, 'params': 553882, 'time_iter': 0.08418, 'mae': 1.20066, 'r2': 0.29585, 'spearmanr': 0.67447, 'mse': 2.84714, 'rmse': 1.68735}
Failed when trying to aggregate multiple runs: Results with different seeds must have the save format
[*] All done: 2025-08-11 12:55:45.043764
Fast encoder pretraining completed successfully!
Results saved in: /workspace/runs/20250811_125227_fast_training/
Model checkpoints saved in: results/zinc-encoder-fast/1754884349/
Job completed. Check logs and WandB dashboard for results.
Job completed. Results saved in: /work/gp15/q25030/LatentGraphDiffusion/runs/20250811_125227_fast_training
Check WandB dashboard: https://wandb.ai/shokuno-the-university-of-tokyo/LatentGraphDiffusion-ZINC
