[wisteria] ROOT=/work/gp15/q25030
[wisteria] CODE=/work/gp15/q25030/LatentGraphDiffusion
[wisteria] DATA=/work/gp15/q25030/LatentGraphDiffusion/data
[wisteria] RUNS=/work/gp15/q25030/LatentGraphDiffusion/runs
[wisteria] RESULTS=/work/gp15/q25030/LatentGraphDiffusion/runs (unified with RUNS)
=== LGD Wisteria Job ===
Dataset     : zinc
Mode        : flow
Config      : cfg/my_zinc-flow_baseline.yaml
Checkpoint  : runs/zinc_encoder_20250918_130725/my_zinc-encoder_baseline/0/ckpt/49.ckpt
Repeat      : 1
Max Epoch   : 50
Experiment  : zinc_flow_20250918_161230
Out Dir     : /work/gp15/q25030/LatentGraphDiffusion/runs/zinc_flow_20250918_161230
W&B Name    : zinc_flow_zinc_flow_20250918_161230
Start time  : Thu Sep 18 16:12:30 JST 2025
[wandb] entity='shokuno-the-university-of-tokyo', mode='online'
Env check:
PyTorch: 2.0.1
CUDA available: True
CUDA device count: 8
PyG: 2.3.1
Using encoder checkpoint: runs/zinc_encoder_20250918_130725/my_zinc-encoder_baseline/0/ckpt/49.ckpt
Starting ZINC flow matching training...
Config: cfg/my_zinc-flow_baseline.yaml
Max Epoch: 50
Out dir: /workspace/runs/zinc_flow_20250918_161230
/opt/conda/lib/python3.10/site-packages/lightning_fabric/__init__.py:40: pkg_resources is deprecated as an API. See https://setuptools.pypa.io/en/latest/pkg_resources.html. The pkg_resources package is slated for removal as early as 2025-11-30. Refrain from using this package or pin to Setuptools<81.
Warning: Could not import san2_layer: cannot import name 'negate_edge_index' from 'lgd.utils' (/workspace/lgd/utils/__init__.py)
Warning: Could not import grit_layer: No module named 'opt_einsum'
Warning: Could not import san_layer: cannot import name 'negate_edge_index' from 'lgd.utils' (/workspace/lgd/utils/__init__.py)
WARNING:root:Layers after message passing should be >=1
./datasets/ZINC
[*] Loaded dataset 'subset' from 'PyG-ZINC':
/opt/conda/lib/python3.10/site-packages/torch_geometric/data/in_memory_dataset.py:157: UserWarning: It is not recommended to directly access the internal storage format `data` of an 'InMemoryDataset'. If you are absolutely certain what you are doing, access the internal storage via `InMemoryDataset._data` instead to suppress this warning. Alternatively, you can access stacked individual attributes of every graph via `dataset.{attr_name}`.
  warnings.warn(msg)
  Data(x=[277864, 1], edge_index=[2, 597970], edge_attr=[597970], y=[12000])
  undirected: True
  num graphs: 12000
/opt/conda/lib/python3.10/site-packages/torch_geometric/data/in_memory_dataset.py:157: UserWarning: It is not recommended to directly access the internal storage format `data` of an 'InMemoryDataset'. The data of the dataset is already cached, so any modifications to `data` will not be reflected when accessing its elements. Clearing the cache now by removing all elements in `dataset._data_list`. If you are absolutely certain what you are doing, access the internal storage via `InMemoryDataset._data` instead to suppress this warning. Alternatively, you can access stacked individual attributes of every graph via `dataset.{attr_name}`.
  warnings.warn(msg)
  avg num_nodes/graph: 23
  num node features: 1
  num edge features: 1
  num classes: (appears to be a regression task)
Precomputing Positional Encoding statistics: ['RRWP'] for all graphs...
  ...estimated to be undirected: True
  0%|          | 0/12000 [00:00<?, ?it/s]100%|██████████| 12000/12000 [00:07<00:00, 1556.78it/s]
Done! Took 00:00:08.24
Adding virtual node and edges
  0%|          | 0/12000 [00:00<?, ?it/s]100%|██████████| 12000/12000 [00:06<00:00, 1745.83it/s]
Preprocessing PE
  0%|          | 0/12000 [00:00<?, ?it/s]100%|██████████| 12000/12000 [00:03<00:00, 3782.35it/s]
[*] Run ID 0: seed=0, split_index=0
    Starting now: 2025-09-18 16:13:19.717897
/opt/conda/lib/python3.10/site-packages/torch/nn/init.py:405: UserWarning: Initializing zero-element tensors is a no-op
  warnings.warn("Initializing zero-element tensors is a no-op")
Restored encoder from runs/zinc_encoder_20250918_130725/my_zinc-encoder_baseline/0/ckpt/49.ckpt
Missing Keys: 0, Unexpected Keys: 0
Using first stage also as cond stage.
VelocityWrapper has 0.93 M params.
Keeping EMAs of 434.
LatentFlow(
  (first_stage_model): GraphTransformerEncoder(
    (act): ReLU()
    (node_emb): TypeDictNodeEncoder(
      (encoder): Embedding(27, 36, padding_idx=0)
    )
    (edge_emb): TypeDictEdgeEncoder(
      (encoder): Embedding(14, 36, padding_idx=0)
    )
    (prefix_emb): Embedding(1, 64, padding_idx=0)
    (label_embed_regression): Sequential(
      (0): Linear(in_features=1, out_features=128, bias=True)
      (1): ReLU()
      (2): Linear(in_features=128, out_features=64, bias=True)
      (3): Identity()
      (4): ReLU()
    )
    (label_embed_classification): Embedding(3, 64)
    (posenc_emb): Sequential(
      (0): Identity()
      (1): Linear(in_features=20, out_features=28, bias=True)
    )
    (posenc_emb_edge): Sequential(
      (0): Identity()
      (1): Linear(in_features=20, out_features=28, bias=True)
    )
    (node_in_mlp): Sequential(
      (0): Linear(in_features=64, out_features=128, bias=True)
      (1): ReLU()
      (2): Linear(in_features=128, out_features=64, bias=True)
    )
    (edge_in_mlp): Sequential(
      (0): Linear(in_features=64, out_features=128, bias=True)
      (1): ReLU()
      (2): Linear(in_features=128, out_features=64, bias=True)
    )
    (batch_norm_in_h): BatchNorm1d(64, eps=1e-05, momentum=0.1, affine=True, track_running_stats=True)
    (batch_norm_in_e): BatchNorm1d(64, eps=1e-05, momentum=0.1, affine=True, track_running_stats=True)
    (GTE_layers): ModuleList(
      (0-9): 10 x GraphTransformerEncoderLayer(in_channels=64, out_channels=64, heads=4, residual=True)
      [GraphTransformerEncoderLayer(
        (act): ReLU()
        (attention): GTE_Attention(
          (dropout): Dropout(p=0.5, inplace=False)
          (Q): Linear(in_features=64, out_features=64, bias=True)
          (K): Linear(in_features=64, out_features=64, bias=False)
          (E): Linear(in_features=64, out_features=128, bias=True)
          (V): Linear(in_features=64, out_features=64, bias=False)
          (act): ReLU()
        )
        (mpnn): GINE(
          (dropout): Dropout(p=0.0, inplace=False)
          (act): ReLU()
          (lin_edge): Linear(in_features=64, out_features=64, bias=True)
          (mlp): Sequential(
            (0): Linear(in_features=64, out_features=128, bias=True)
            (1): ReLU()
            (2): Linear(in_features=128, out_features=64, bias=True)
          )
        )
        (temb_proj_h): Linear(in_features=0, out_features=64, bias=True)
        (temb_proj_e): Linear(in_features=0, out_features=64, bias=True)
        (O_h): Linear(in_features=64, out_features=64, bias=True)
        (O_e): Linear(in_features=64, out_features=64, bias=True)
        (batch_norm1_h): BatchNorm1d(64, eps=1e-05, momentum=0.1, affine=True, track_running_stats=True)
        (batch_norm1_e): BatchNorm1d(64, eps=1e-05, momentum=0.1, affine=True, track_running_stats=True)
        (FFN_h_layer1): Linear(in_features=64, out_features=128, bias=True)
        (FFN_h_layer2): Linear(in_features=128, out_features=64, bias=True)
        (FFN_e_layer1): Linear(in_features=64, out_features=128, bias=True)
        (FFN_e_layer2): Linear(in_features=128, out_features=64, bias=True)
        (batch_norm2_h): BatchNorm1d(64, eps=1e-05, momentum=0.1, affine=True, track_running_stats=True)
        (batch_norm2_e): BatchNorm1d(64, eps=1e-05, momentum=0.1, affine=True, track_running_stats=True)
      )]
    )
    (final_layer_node): Sequential(
      (0): Linear(in_features=64, out_features=8, bias=True)
      (1): ReLU()
      (2): Linear(in_features=8, out_features=4, bias=True)
    )
    (final_layer_edge): Sequential(
      (0): Linear(in_features=64, out_features=8, bias=True)
      (1): ReLU()
      (2): Linear(in_features=8, out_features=4, bias=True)
    )
    (graph_out_mlp): Sequential(
      (0): Linear(in_features=4, out_features=8, bias=True)
      (1): ReLU()
      (2): Linear(in_features=8, out_features=4, bias=True)
    )
    (graph_out_mlp_2): Sequential(
      (0): Linear(in_features=4, out_features=8, bias=True)
      (1): ReLU()
      (2): Linear(in_features=8, out_features=4, bias=True)
    )
    (decode_node): Linear(in_features=4, out_features=31, bias=True)
    (decode_edge): Linear(in_features=4, out_features=14, bias=True)
    (decode_graph): Linear(in_features=4, out_features=1, bias=True)
  )
  (cond_stage_model): GraphTransformerEncoder(
    (act): ReLU()
    (node_emb): TypeDictNodeEncoder(
      (encoder): Embedding(27, 36, padding_idx=0)
    )
    (edge_emb): TypeDictEdgeEncoder(
      (encoder): Embedding(14, 36, padding_idx=0)
    )
    (prefix_emb): Embedding(1, 64, padding_idx=0)
    (label_embed_regression): Sequential(
      (0): Linear(in_features=1, out_features=128, bias=True)
      (1): ReLU()
      (2): Linear(in_features=128, out_features=64, bias=True)
      (3): Identity()
      (4): ReLU()
    )
    (label_embed_classification): Embedding(3, 64)
    (posenc_emb): Sequential(
      (0): Identity()
      (1): Linear(in_features=20, out_features=28, bias=True)
    )
    (posenc_emb_edge): Sequential(
      (0): Identity()
      (1): Linear(in_features=20, out_features=28, bias=True)
    )
    (node_in_mlp): Sequential(
      (0): Linear(in_features=64, out_features=128, bias=True)
      (1): ReLU()
      (2): Linear(in_features=128, out_features=64, bias=True)
    )
    (edge_in_mlp): Sequential(
      (0): Linear(in_features=64, out_features=128, bias=True)
      (1): ReLU()
      (2): Linear(in_features=128, out_features=64, bias=True)
    )
    (batch_norm_in_h): BatchNorm1d(64, eps=1e-05, momentum=0.1, affine=True, track_running_stats=True)
    (batch_norm_in_e): BatchNorm1d(64, eps=1e-05, momentum=0.1, affine=True, track_running_stats=True)
    (GTE_layers): ModuleList(
      (0-9): 10 x GraphTransformerEncoderLayer(in_channels=64, out_channels=64, heads=4, residual=True)
      [GraphTransformerEncoderLayer(
        (act): ReLU()
        (attention): GTE_Attention(
          (dropout): Dropout(p=0.5, inplace=False)
          (Q): Linear(in_features=64, out_features=64, bias=True)
          (K): Linear(in_features=64, out_features=64, bias=False)
          (E): Linear(in_features=64, out_features=128, bias=True)
          (V): Linear(in_features=64, out_features=64, bias=False)
          (act): ReLU()
        )
        (mpnn): GINE(
          (dropout): Dropout(p=0.0, inplace=False)
          (act): ReLU()
          (lin_edge): Linear(in_features=64, out_features=64, bias=True)
          (mlp): Sequential(
            (0): Linear(in_features=64, out_features=128, bias=True)
            (1): ReLU()
            (2): Linear(in_features=128, out_features=64, bias=True)
          )
        )
        (temb_proj_h): Linear(in_features=0, out_features=64, bias=True)
        (temb_proj_e): Linear(in_features=0, out_features=64, bias=True)
        (O_h): Linear(in_features=64, out_features=64, bias=True)
        (O_e): Linear(in_features=64, out_features=64, bias=True)
        (batch_norm1_h): BatchNorm1d(64, eps=1e-05, momentum=0.1, affine=True, track_running_stats=True)
        (batch_norm1_e): BatchNorm1d(64, eps=1e-05, momentum=0.1, affine=True, track_running_stats=True)
        (FFN_h_layer1): Linear(in_features=64, out_features=128, bias=True)
        (FFN_h_layer2): Linear(in_features=128, out_features=64, bias=True)
        (FFN_e_layer1): Linear(in_features=64, out_features=128, bias=True)
        (FFN_e_layer2): Linear(in_features=128, out_features=64, bias=True)
        (batch_norm2_h): BatchNorm1d(64, eps=1e-05, momentum=0.1, affine=True, track_running_stats=True)
        (batch_norm2_e): BatchNorm1d(64, eps=1e-05, momentum=0.1, affine=True, track_running_stats=True)
      )]
    )
    (final_layer_node): Sequential(
      (0): Linear(in_features=64, out_features=8, bias=True)
      (1): ReLU()
      (2): Linear(in_features=8, out_features=4, bias=True)
    )
    (final_layer_edge): Sequential(
      (0): Linear(in_features=64, out_features=8, bias=True)
      (1): ReLU()
      (2): Linear(in_features=8, out_features=4, bias=True)
    )
    (graph_out_mlp): Sequential(
      (0): Linear(in_features=4, out_features=8, bias=True)
      (1): ReLU()
      (2): Linear(in_features=8, out_features=4, bias=True)
    )
    (graph_out_mlp_2): Sequential(
      (0): Linear(in_features=4, out_features=8, bias=True)
      (1): ReLU()
      (2): Linear(in_features=8, out_features=4, bias=True)
    )
    (decode_node): Linear(in_features=4, out_features=31, bias=True)
    (decode_edge): Linear(in_features=4, out_features=14, bias=True)
    (decode_graph): Linear(in_features=4, out_features=1, bias=True)
  )
  (model): VelocityWrapper(
    (denoiser): DenoisingTransformer(
      (act): ReLU()
      (node_in_mlp): Sequential(
        (0): Linear(in_features=4, out_features=128, bias=True)
        (1): ReLU()
        (2): Linear(in_features=128, out_features=64, bias=True)
      )
      (edge_in_mlp): Sequential(
        (0): Linear(in_features=4, out_features=128, bias=True)
        (1): ReLU()
        (2): Linear(in_features=128, out_features=64, bias=True)
      )
      (cond_in_mlp): Sequential(
        (0): Linear(in_features=4, out_features=128, bias=True)
        (1): ReLU()
        (2): Linear(in_features=128, out_features=64, bias=True)
        (3): LayerNorm((64,), eps=1e-05, elementwise_affine=True)
        (4): ReLU()
      )
      (cond_in_mlp_2): Sequential(
        (0): Linear(in_features=4, out_features=128, bias=True)
        (1): ReLU()
        (2): Linear(in_features=128, out_features=64, bias=True)
        (3): LayerNorm((64,), eps=1e-05, elementwise_affine=True)
        (4): ReLU()
      )
      (cond_in_mlp_3): Sequential(
        (0): Linear(in_features=4, out_features=128, bias=True)
        (1): ReLU()
        (2): Linear(in_features=128, out_features=64, bias=True)
        (3): LayerNorm((64,), eps=1e-05, elementwise_affine=True)
        (4): ReLU()
      )
      (cond_res_mlp): Sequential(
        (0): Linear(in_features=4, out_features=8, bias=True)
        (1): ReLU()
        (2): Linear(in_features=8, out_features=4, bias=True)
        (3): LayerNorm((4,), eps=1e-05, elementwise_affine=True)
        (4): ReLU()
      )
      (layer_norm_in_h): LayerNorm((64,), eps=1e-05, elementwise_affine=True)
      (layer_norm_in_e): LayerNorm((64,), eps=1e-05, elementwise_affine=True)
      (temb_layer): Sequential(
        (0): Linear(in_features=64, out_features=128, bias=True)
        (1): ReLU()
        (2): Linear(in_features=128, out_features=64, bias=True)
      )
      (denoising_layers): ModuleList(
        (0-3): 4 x DenoisingTransformerLayer(in_channels=64, out_channels=64, heads=8, residual=True)
        [DenoisingTransformerLayer(
          (act): ReLU()
          (cross_attention): Cross_Attention(
            (dropout): Dropout(p=0.25, inplace=False)
            (Q): Linear(in_features=64, out_features=64, bias=True)
            (K): Linear(in_features=64, out_features=64, bias=False)
            (E1): Linear(in_features=64, out_features=64, bias=True)
            (E2): Linear(in_features=64, out_features=64, bias=True)
            (V): Linear(in_features=64, out_features=64, bias=False)
            (H): Linear(in_features=64, out_features=64, bias=True)
            (G1): Linear(in_features=64, out_features=64, bias=True)
            (G2): Linear(in_features=64, out_features=64, bias=True)
            (act): ReLU()
          )
          (attention): GTE_Attention(
            (dropout): Dropout(p=0.25, inplace=False)
            (Q): Linear(in_features=64, out_features=64, bias=True)
            (K): Linear(in_features=64, out_features=64, bias=False)
            (E): Linear(in_features=64, out_features=128, bias=True)
            (V): Linear(in_features=64, out_features=64, bias=False)
            (act): ReLU()
          )
          (temb_proj_h): Linear(in_features=64, out_features=64, bias=True)
          (temb_proj_e): Linear(in_features=64, out_features=64, bias=True)
          (O_h): Linear(in_features=64, out_features=64, bias=True)
          (O_e): Linear(in_features=64, out_features=64, bias=True)
          (O_h2): Linear(in_features=64, out_features=64, bias=True)
          (O_e2): Linear(in_features=64, out_features=64, bias=True)
          (FFN_h_layer1): Linear(in_features=64, out_features=128, bias=True)
          (FFN_h_layer2): Linear(in_features=128, out_features=64, bias=True)
          (FFN_h_layer3): Linear(in_features=64, out_features=128, bias=True)
          (FFN_h_layer4): Linear(in_features=128, out_features=64, bias=True)
          (FFN_e_layer1): Linear(in_features=64, out_features=128, bias=True)
          (FFN_e_layer2): Linear(in_features=128, out_features=64, bias=True)
          (FFN_e_layer3): Linear(in_features=64, out_features=128, bias=True)
          (FFN_e_layer4): Linear(in_features=128, out_features=64, bias=True)
          (layer_norm1_h): LayerNorm((64,), eps=1e-05, elementwise_affine=True)
          (layer_norm1_e): LayerNorm((64,), eps=1e-05, elementwise_affine=True)
          (layer_norm2_h): LayerNorm((64,), eps=1e-05, elementwise_affine=True)
          (layer_norm2_e): LayerNorm((64,), eps=1e-05, elementwise_affine=True)
          (layer_norm3_h): LayerNorm((64,), eps=1e-05, elementwise_affine=True)
          (layer_norm3_e): LayerNorm((64,), eps=1e-05, elementwise_affine=True)
          (layer_norm4_h): LayerNorm((64,), eps=1e-05, elementwise_affine=True)
          (layer_norm4_e): LayerNorm((64,), eps=1e-05, elementwise_affine=True)
        )]
      )
      (self_attn_layers): ModuleList(
        (0-3): 4 x GraphTransformerEncoderLayer(in_channels=64, out_channels=64, heads=8, residual=True)
        [GraphTransformerEncoderLayer(
          (act): ReLU()
          (attention): GTE_Attention(
            (dropout): Dropout(p=0.25, inplace=False)
            (Q): Linear(in_features=64, out_features=64, bias=True)
            (K): Linear(in_features=64, out_features=64, bias=False)
            (E): Linear(in_features=64, out_features=128, bias=True)
            (V): Linear(in_features=64, out_features=64, bias=False)
            (act): ReLU()
          )
          (temb_proj_h): Linear(in_features=64, out_features=64, bias=True)
          (temb_proj_e): Linear(in_features=64, out_features=64, bias=True)
          (O_h): Linear(in_features=64, out_features=64, bias=True)
          (O_e): Linear(in_features=64, out_features=64, bias=True)
          (layer_norm1_h): LayerNorm((64,), eps=1e-05, elementwise_affine=True)
          (layer_norm1_e): LayerNorm((64,), eps=1e-05, elementwise_affine=True)
          (FFN_h_layer1): Linear(in_features=64, out_features=128, bias=True)
          (FFN_h_layer2): Linear(in_features=128, out_features=64, bias=True)
          (FFN_e_layer1): Linear(in_features=64, out_features=128, bias=True)
          (FFN_e_layer2): Linear(in_features=128, out_features=64, bias=True)
          (layer_norm2_h): LayerNorm((64,), eps=1e-05, elementwise_affine=True)
          (layer_norm2_e): LayerNorm((64,), eps=1e-05, elementwise_affine=True)
        )]
      )
      (final_layer_node): Sequential(
        (0): Linear(in_features=64, out_features=8, bias=True)
        (1): ReLU()
        (2): Linear(in_features=8, out_features=4, bias=True)
      )
      (final_layer_edge): Sequential(
        (0): Linear(in_features=64, out_features=8, bias=True)
        (1): ReLU()
        (2): Linear(in_features=8, out_features=4, bias=True)
      )
      (graph_out_mlp): Sequential(
        (0): Linear(in_features=4, out_features=8, bias=True)
        (1): ReLU()
        (2): Linear(in_features=8, out_features=4, bias=True)
      )
      (graph_out_mlp_2): Sequential(
        (0): Linear(in_features=4, out_features=8, bias=True)
        (1): ReLU()
        (2): Linear(in_features=8, out_features=4, bias=True)
      )
    )
  )
  (model_ema): LitEma()
)
accelerator: cuda:0
benchmark: False
bn:
  eps: 1e-05
  mom: 0.1
cfg_dest: config.yaml
cond:
  attn:
    O_e: True
    act: relu
    attn_dropout: 0.0
    batch_norm: True
    bn_momentum: 0.1
    bn_no_runner: False
    clamp: 5.0
    deg_scaler: False
    edge_enhance: True
    full_attn: True
    layer_norm: False
    norm_e: True
    sparse: False
    use: True
    use_bias: False
  batch_norm: True
  bn_momentum: 0.1
  bn_no_runner: False
  edge_encoder_name: TypeDictEdge
  layer_norm: False
  node_encoder_name: TypeDictNode
custom_metrics: []
dataset:
  add_virtual_node_edge: True
  cache_load: False
  cache_save: False
  dir: ./datasets
  edge_dim: 128
  edge_encoder: True
  edge_encoder_bn: False
  edge_encoder_name: TypeDictEdge
  edge_encoder_num_types: 4
  edge_message_ratio: 0.8
  edge_negative_sampling_ratio: 1.0
  edge_train_mode: all
  encoder: True
  encoder_bn: True
  encoder_dim: 128
  encoder_name: db
  format: PyG-ZINC
  label_column: none
  label_table: none
  location: local
  name: subset
  node_encoder: True
  node_encoder_bn: False
  node_encoder_name: TypeDictNode
  node_encoder_num_types: 21
  num_hop: 0
  num_tasks: 1
  remove_feature: False
  resample_disjoint: False
  resample_negative: False
  shuffle_split: True
  slic_compactness: 10
  split: [0.8, 0.1, 0.1]
  split_dir: ./splits
  split_index: 0
  split_mode: standard
  subgraph: False
  task: graph
  task_type: regression
  to_undirected: False
  transductive: False
  transform: none
  tu_simple: True
devices: 1
diffusion:
  conditioning_key: crossattn
  edge_factor: 1.0
  graph_factor: 0.0
dt:
  O_e: True
  act: relu
  attn:
    O_e: True
    act: relu
    attn_dropout: 0.0
    attn_product: mul
    attn_reweight: False
    batch_norm: True
    bn_momentum: 0.1
    bn_no_runner: False
    clamp: 5.0
    deg_scaler: False
    edge_enhance: True
    edge_reweight: False
    full_attn: True
    fwl: False
    layer_norm: False
    norm_e: True
    score_act: True
    signed_sqrt: True
    sparse: False
    use: True
    use_bias: False
  attn_dropout: 0.25
  batch_norm: False
  bn_momentum: 0.1
  bn_no_runner: False
  cond_dim: 4
  condition_list: ['masked_graph']
  dropout: 0.05
  ff_e: False
  ff_e_ca: True
  ff_e_sa: False
  hid_dim: 64
  in_dim: 4
  in_edge_dim: 4
  in_node_dim: 4
  layer_norm: True
  norm_e: True
  num_heads: 8
  num_layers: 4
  out_dim: 4
  pool: add
  pool_edge: True
  pool_vn: False
  post_pool: True
  residual: True
  self_attn: True
  temb_dim: 64
  use_time: True
encoder:
  O_e: True
  act: relu
  attn:
    O_e: True
    act: relu
    attn_dropout: 0.0
    attn_product: mul
    attn_reweight: True
    batch_norm: True
    bn_momentum: 0.1
    bn_no_runner: False
    clamp: 5.0
    deg_scaler: False
    edge_enhance: True
    edge_reweight: True
    full_attn: True
    fwl: False
    layer_norm: False
    norm_e: True
    score_act: True
    signed_sqrt: True
    sparse: False
    use: True
    use_bias: False
  attn_dropout: 0.5
  batch_norm: True
  bn_momentum: 0.1
  bn_no_runner: False
  dropout: 0.0
  edge_encoder: True
  edge_encoder_bn: False
  edge_encoder_name: TypeDictEdge
  edge_encoder_num_types: 4
  ff_e: False
  hid_dim: 64
  in_dim: 36
  label_embed_type: add_virtual
  layer_norm: False
  mpnn:
    act: relu
    dropout: 0.0
    edge_enhance: True
    enable: True
    project_edge: True
  node_encoder: True
  node_encoder_bn: False
  node_encoder_name: TypeDictNode
  node_encoder_num_types: 21
  norm_e: True
  num_heads: 4
  num_layers: 10
  num_task: 1
  out_dim: 4
  pe_raw_norm: None
  pool: add
  pool_edge: True
  pool_vn: False
  posenc_dim: 28
  posenc_in_dim: 20
  posenc_in_dim_edge: 20
  post_pool: True
  prefix_dim: 64
  prefix_type: add_virtual
  residual: True
  task_type: regression
  temb_dim: 0
  type: GraphTransformerEncoder
  update_e: True
  use_time: False
example_arg: example
example_group:
  example_arg: example
flow:
  alpha_fn: linear
  cond_stage_config: __is_first_stage__
  cond_stage_key: masked_graph
  cond_stage_trainable: False
  conditioning_key: crossattn
  edge_factor: 1.0
  ema: True
  first_stage_config: runs/zinc_encoder_20250918_130725/my_zinc-encoder_baseline/0/ckpt/49.ckpt
  first_stage_trainable: False
  force_undirected: False
  graph_factor: 1.0
  hid_dim: 4
  nfe: 50
  node_factor: 1.0
  objective: rectified
  sigma_fn: constant
  sigma_max: 1.0
  sigma_min: 0.01
  solver: heun
  t_weight: none
  task_factor: 1.0
  use_graph_latent: True
gnn:
  act: relu
  agg: add
  att_final_linear: False
  att_final_linear_bn: False
  att_heads: 1
  batchnorm: True
  clear_feature: True
  dim_inner: 16
  dropout: 0.0
  head: graph
  keep_edge: 0.5
  l2norm: True
  layer_type: generalconv
  layers_mp: 2
  layers_post_mp: 1
  layers_pre_mp: 0
  msg_direction: single
  normalize_adj: False
  residual: False
  self_msg: concat
  skip_every: 1
  stage_type: stack
gpu_mem: False
gt:
  attn:
    O_e: True
    act: relu
    clamp: 5.0
    deg_scaler: True
    edge_enhance: True
    full_attn: True
    norm_e: True
    sparse: False
    use: True
    use_bias: False
  attn_dropout: 0.0
  batch_norm: True
  bigbird:
    add_cross_attention: False
    attention_type: block_sparse
    block_size: 3
    chunk_size_feed_forward: 0
    hidden_act: relu
    is_decoder: False
    layer_norm_eps: 1e-06
    max_position_embeddings: 128
    num_random_blocks: 3
    use_bias: False
  bn_momentum: 0.1
  bn_no_runner: False
  dim_hidden: 64
  dropout: 0.0
  full_graph: True
  gamma: 1e-05
  layer_norm: False
  layer_type: GritTransformer
  layers: 3
  n_heads: 8
  pna_degrees: []
  residual: True
  update_e: True
mem:
  inplace: False
metric_agg: argmin
metric_best: mae
mlflow:
  name: zinc-flow-baseline
  project: Exp
  use: False
model:
  edge_decoding: dot
  graph_pooling: add
  loss_fun: mse
  match_upper: True
  size_average: mean
  thresh: 0.5
  type: LatentFlow
name_tag: 
num_threads: 6
num_workers: 0
optim:
  base_lr: 0.0001
  batch_accumulation: 1
  clip_grad_norm: True
  lr_decay: 0.1
  max_epoch: 50
  min_lr: 1e-06
  momentum: 0.9
  num_warmup_epochs: 20
  optimizer: adamW
  reduce_factor: 0.1
  schedule_patience: 10
  scheduler: cosine_with_warmup
  steps: [30, 60, 90]
  weight_decay: 1e-05
out_dir: /workspace/runs/zinc_flow_20250918_161230/my_zinc-flow_baseline
posenc_ERE:
  accuracy: 0.1
  dim_pe: 16
  enable: False
  layers: 3
  local: False
  model: none
  n_heads: 4
  pass_as_var: False
  post_layers: 0
  raw_norm_type: none
posenc_ERN:
  accuracy: 0.1
  dim_pe: 16
  enable: False
  er_dim: none
  layers: 3
  local: False
  model: none
  n_heads: 4
  pass_as_var: False
  post_layers: 0
  raw_norm_type: none
posenc_EdgeRWSE:
  dim_pe: 16
  enable: False
  kernel:
    times: []
    times_func: 
  layers: 3
  local: False
  model: none
  n_heads: 4
  pass_as_var: False
  post_layers: 0
  raw_norm_type: none
posenc_ElstaticSE:
  dim_pe: 16
  enable: False
  kernel:
    times: []
    times_func: range(10)
  layers: 3
  local: False
  model: none
  n_heads: 4
  pass_as_var: False
  post_layers: 0
  raw_norm_type: none
posenc_EquivStableLapPE:
  eigen:
    eigvec_norm: L2
    laplacian_norm: sym
    max_freqs: 10
  enable: False
  raw_norm_type: none
posenc_HKdiagSE:
  dim_pe: 16
  enable: False
  kernel:
    times: []
    times_func: 
  layers: 3
  local: False
  model: none
  n_heads: 4
  pass_as_var: False
  post_layers: 0
  raw_norm_type: none
posenc_HodgeLap1PE:
  dim_pe: 16
  eigen:
    eigvec_norm: L2
    laplacian_norm: sym
    max_freqs: 10
  enable: False
  layers: 3
  local: False
  model: none
  n_heads: 4
  pass_as_var: False
  post_layers: 0
  raw_norm_type: none
posenc_InterRWSE:
  dim_pe: 16
  enable: False
  kernel:
    times: []
    times_func: 
  layers: 3
  local: False
  model: none
  n_heads: 4
  pass_as_var: False
  post_layers: 0
  raw_norm_type: none
posenc_LapPE:
  dim_pe: 16
  eigen:
    eigvec_norm: L2
    laplacian_norm: sym
    max_freqs: 10
  enable: False
  layers: 3
  local: False
  model: none
  n_heads: 4
  pass_as_var: False
  post_layers: 0
  raw_norm_type: none
posenc_RD:
  dim_pe: 16
  enable: False
  layers: 3
  local: False
  model: none
  n_heads: 4
  pass_as_var: False
  post_layers: 0
  raw_norm_type: none
posenc_RRWP:
  add_identity: True
  dim_pe: 16
  enable: True
  ksteps: 20
  layers: 3
  local: False
  model: none
  n_heads: 4
  pass_as_var: False
  post_layers: 0
  raw_norm_type: none
  real_emb: True
  spd: False
posenc_RWSE:
  dim_pe: 16
  enable: False
  kernel:
    times: []
    times_func: 
  layers: 3
  local: False
  model: none
  n_heads: 4
  pass_as_var: False
  post_layers: 0
  raw_norm_type: none
posenc_SignNet:
  dim_pe: 16
  eigen:
    eigvec_norm: L2
    laplacian_norm: sym
    max_freqs: 10
  enable: False
  layers: 3
  local: False
  model: none
  n_heads: 4
  pass_as_var: False
  phi_hidden_dim: 64
  phi_out_dim: 4
  post_layers: 0
  raw_norm_type: none
prep:
  add_edge_index: True
  add_reverse_edges: True
  add_self_loops: False
  dist_cutoff: 510
  dist_enable: False
  exp: False
  exp_algorithm: Random-d
  exp_count: 1
  exp_deg: 5
  exp_max_num_iters: 100
  layer_edge_indices_dir: None
  num_virt_node: 0
  train_percent: 0.6
  use_exp_edges: True
pretrained:
  dir: 
  freeze_main: False
  reset_prediction_head: True
print: both
regression_model:
  encoder:
    attn:
      O_e: True
      act: relu
      attn_dropout: 0.0
      batch_norm: True
      bn_momentum: 0.1
      bn_no_runner: False
      clamp: 5.0
      deg_scaler: False
      edge_enhance: True
      full_attn: True
      layer_norm: False
      norm_e: True
      sparse: False
      use: True
      use_bias: False
    batch_norm: True
    bn_momentum: 0.1
    bn_no_runner: False
    edge_encoder_name: TypeDictEdge
    layer_norm: False
    node_encoder_name: TypeDictNode
round: 5
run_dir: /workspace/runs/zinc_flow_20250918_161230/my_zinc-flow_baseline/0
run_id: 0
run_multiple_splits: []
seed: 0
share:
  dim_in: 1
  dim_out: 1
  num_splits: 3
tensorboard_agg: True
tensorboard_each_run: False
train:
  auto_resume: False
  batch_size: 256
  ckpt_best: True
  ckpt_clean: True
  ckpt_period: 50
  early_stop: False
  enable_ckpt: True
  ensemble_mode: none
  ensemble_repeat: 1
  epoch_resume: -1
  eval_period: 10
  iter_per_epoch: 32
  mode: train_diffusion
  neighbor_sizes: [20, 15, 10, 5]
  node_per_graph: 32
  pretrain:
    atom_bond_only: True
    edge_factor: 0.0
    graph_factor: 1.0
    input_target: True
    mask_edge_prob: 0.0
    mask_label_prob: 0.5
    mask_node_prob: 0.0
    node_factor: 0.0
    original_task: True
    recon: none
  radius: extend
  sample_node: False
  sampler: full_batch
  skip_train_eval: False
  start_eval_epoch: -1
  walk_length: 4
val:
  node_per_graph: 32
  radius: extend
  sample_node: False
  sampler: full_batch
view_emb: False
wandb:
  entity: shokuno-the-university-of-tokyo
  name: zinc_flow_zinc_flow_20250918_161230
  project: LGFM-ZINC-Flow
  use: True
Num parameters: 1823862
Start from epoch 0
wandb: Using wandb-core as the SDK backend.  Please refer to https://wandb.me/wandb-core for more information.
wandb: Currently logged in as: shokuno (shokuno-the-university-of-tokyo). Use `wandb login --relogin` to force relogin
wandb: Tracking run with wandb version 0.18.7
wandb: Run data is saved locally in /workspace/wandb/run-20250918_161328-p9euc88b
wandb: Run `wandb offline` to turn off syncing.
wandb: Syncing run zinc_flow_zinc_flow_20250918_161230
wandb: ⭐️ View project at https://wandb.ai/shokuno-the-university-of-tokyo/LGFM-ZINC-Flow
wandb: 🚀 View run at https://wandb.ai/shokuno-the-university-of-tokyo/LGFM-ZINC-Flow/runs/p9euc88b
Key encoder.pe_raw_norm with value <class 'NoneType'> is not a valid type; valid types: {<class 'float'>, <class 'list'>, <class 'tuple'>, <class 'bool'>, <class 'int'>, <class 'str'>}
Key prep.layer_edge_indices_dir with value <class 'NoneType'> is not a valid type; valid types: {<class 'float'>, <class 'list'>, <class 'tuple'>, <class 'bool'>, <class 'int'>, <class 'str'>}
train: {'epoch': 0, 'time_epoch': 20.33754, 'eta': 996.53955, 'eta_hours': 0.27682, 'loss': 1304.90875605, 'lr': 0.0, 'params': 1823862, 'time_iter': 0.50844, 'mae': 0.04883, 'r2': 0.97078, 'spearmanr': 0.99963, 'mse': 0.11814, 'rmse': 0.34372, 'loss_node': 2.711169637298584, 'loss_edge': 1.3779207628250123, 'loss_graph': 1300.7015154296876, 'loss_task': 0.1181439453318715, 'loss_encoder': 0.0}
...computing epoch stats took: 0.01s
Inference: Switched to EMA weights
Inference: Restored training weights
Inference: Switched to EMA weights
Inference: Restored training weights
Inference: Switched to EMA weights
Inference: Restored training weights
Inference: Switched to EMA weights
Inference: Restored training weights
val: {'epoch': 0, 'time_epoch': 28.8711, 'loss': 446.8093252, 'lr': 0, 'params': 1823862, 'time_iter': 7.21778, 'mae': 19.95882, 'r2': -112.43922, 'spearmanr': 0.25689, 'mse': 446.80933, 'rmse': 21.13787}
...computing epoch stats took: 0.00s
Inference: Switched to EMA weights
Inference: Restored training weights
Inference: Switched to EMA weights
Inference: Restored training weights
Inference: Switched to EMA weights
Inference: Restored training weights
Inference: Switched to EMA weights
Inference: Restored training weights
test: {'epoch': 0, 'time_epoch': 29.11507, 'loss': 450.05054883, 'lr': 0, 'params': 1823862, 'time_iter': 7.27877, 'mae': 20.04837, 'r2': -109.62375, 'spearmanr': 0.28216, 'mse': 450.05057, 'rmse': 21.2144}
...computing epoch stats took: 0.01s
> Epoch 0: took 78.3s (avg 78.3s) | Best so far: epoch 0	train_loss: 1304.9088 train_mae: 0.0488	val_loss: 446.8093 val_mae: 19.9588	test_loss: 450.0505 test_mae: 20.0484
train: {'epoch': 1, 'time_epoch': 12.93604, 'eta': 798.56591, 'eta_hours': 0.22182, 'loss': 424.2532877, 'lr': 5e-06, 'params': 1823862, 'time_iter': 0.3234, 'mae': 0.04883, 'r2': 0.97078, 'spearmanr': 0.99963, 'mse': 0.11814, 'rmse': 0.34372, 'loss_node': 2.683561184692383, 'loss_edge': 1.3067757034301757, 'loss_graph': 420.14480029296874, 'loss_task': 0.11814404674172402, 'loss_encoder': 0.0}
...computing epoch stats took: 0.00s
train: {'epoch': 2, 'time_epoch': 12.89369, 'eta': 723.28715, 'eta_hours': 0.20091, 'loss': 86.45339237, 'lr': 1e-05, 'params': 1823862, 'time_iter': 0.32234, 'mae': 0.04883, 'r2': 0.97078, 'spearmanr': 0.99963, 'mse': 0.11814, 'rmse': 0.34372, 'loss_node': 2.6902531162261965, 'loss_edge': 1.2685993423461914, 'loss_graph': 82.37639584655761, 'loss_task': 0.11814427353702485, 'loss_encoder': 0.0}
...computing epoch stats took: 0.01s
train: {'epoch': 3, 'time_epoch': 12.9408, 'eta': 679.74272, 'eta_hours': 0.18882, 'loss': 76.35102023, 'lr': 1.5e-05, 'params': 1823862, 'time_iter': 0.32352, 'mae': 0.04883, 'r2': 0.97078, 'spearmanr': 0.99963, 'mse': 0.11814, 'rmse': 0.34372, 'loss_node': 2.744195827484131, 'loss_edge': 1.2639948188781738, 'loss_graph': 72.22468534240723, 'loss_task': 0.11814391372911633, 'loss_encoder': 0.0}
train: {'epoch': 4, 'time_epoch': 12.93533, 'eta': 648.39052, 'eta_hours': 0.18011, 'loss': 70.93400468, 'lr': 2e-05, 'params': 1823862, 'time_iter': 0.32338, 'mae': 0.04883, 'r2': 0.97078, 'spearmanr': 0.99963, 'mse': 0.11814, 'rmse': 0.34372, 'loss_node': 2.881019287109375, 'loss_edge': 1.2636158374786377, 'loss_graph': 66.67122583618163, 'loss_task': 0.11814386592209339, 'loss_encoder': 0.0}
train: {'epoch': 5, 'time_epoch': 12.93151, 'eta': 623.14926, 'eta_hours': 0.1731, 'loss': 64.41995063, 'lr': 2.5e-05, 'params': 1823862, 'time_iter': 0.32329, 'mae': 0.04883, 'r2': 0.97078, 'spearmanr': 0.99963, 'mse': 0.11814, 'rmse': 0.34372, 'loss_node': 3.1023165645599367, 'loss_edge': 1.2695212678909302, 'loss_graph': 59.92996833496094, 'loss_task': 0.11814395368248225, 'loss_encoder': 0.0}
train: {'epoch': 6, 'time_epoch': 12.93985, 'eta': 601.47635, 'eta_hours': 0.16708, 'loss': 60.02938785, 'lr': 3e-05, 'params': 1823862, 'time_iter': 0.3235, 'mae': 0.04883, 'r2': 0.97078, 'spearmanr': 0.99963, 'mse': 0.11814, 'rmse': 0.34372, 'loss_node': 3.248568924331665, 'loss_edge': 1.2783723432540894, 'loss_graph': 55.384301587677, 'loss_task': 0.11814410533197224, 'loss_encoder': 0.0}
train: {'epoch': 7, 'time_epoch': 13.12416, 'eta': 582.9543, 'eta_hours': 0.16193, 'loss': 57.43842461, 'lr': 3.5e-05, 'params': 1823862, 'time_iter': 0.3281, 'mae': 0.04883, 'r2': 0.97078, 'spearmanr': 0.99963, 'mse': 0.11814, 'rmse': 0.34372, 'loss_node': 3.3561180210113526, 'loss_edge': 1.2818045808792113, 'loss_graph': 52.68235758666992, 'loss_task': 0.11814403240568935, 'loss_encoder': 0.0}
train: {'epoch': 8, 'time_epoch': 12.97967, 'eta': 564.97355, 'eta_hours': 0.15694, 'loss': 53.77754931, 'lr': 4e-05, 'params': 1823862, 'time_iter': 0.32449, 'mae': 0.04883, 'r2': 0.97078, 'spearmanr': 0.99963, 'mse': 0.11814, 'rmse': 0.34372, 'loss_node': 3.4360147735595703, 'loss_edge': 1.2838123373031616, 'loss_graph': 48.939577748870846, 'loss_task': 0.1181440982580185, 'loss_encoder': 0.0}
train: {'epoch': 9, 'time_epoch': 12.94941, 'eta': 547.87196, 'eta_hours': 0.15219, 'loss': 51.90354338, 'lr': 4.5e-05, 'params': 1823862, 'time_iter': 0.32374, 'mae': 0.04883, 'r2': 0.97078, 'spearmanr': 0.99963, 'mse': 0.11814, 'rmse': 0.34372, 'loss_node': 3.4724478748321532, 'loss_edge': 1.286194118118286, 'loss_graph': 47.02675646057129, 'loss_task': 0.11814387797638774, 'loss_encoder': 0.0}
Inference: Switched to EMA weights
Inference: Restored training weights
Inference: Switched to EMA weights
Inference: Restored training weights
Inference: Switched to EMA weights
Inference: Restored training weights
Inference: Switched to EMA weights
Inference: Restored training weights
val: {'epoch': 9, 'time_epoch': 28.7501, 'loss': 5.92063767, 'lr': 0, 'params': 1823862, 'time_iter': 7.18752, 'mae': 1.51995, 'r2': -0.50317, 'spearmanr': 0.29138, 'mse': 5.92064, 'rmse': 2.43324}
Inference: Switched to EMA weights
Inference: Restored training weights
Inference: Switched to EMA weights
Inference: Restored training weights
Inference: Switched to EMA weights
Inference: Restored training weights
Inference: Switched to EMA weights
Inference: Restored training weights
test: {'epoch': 9, 'time_epoch': 28.81579, 'loss': 6.46854488, 'lr': 0, 'params': 1823862, 'time_iter': 7.20395, 'mae': 1.60033, 'r2': -0.58999, 'spearmanr': 0.26792, 'mse': 6.46854, 'rmse': 2.54333}
> Epoch 9: took 70.5s (avg 25.3s) | Best so far: epoch 9	train_loss: 51.9035 train_mae: 0.0488	val_loss: 5.9206 val_mae: 1.5199	test_loss: 6.4685 test_mae: 1.6003
train: {'epoch': 10, 'time_epoch': 12.97422, 'eta': 531.61328, 'eta_hours': 0.14767, 'loss': 49.96377242, 'lr': 5e-05, 'params': 1823862, 'time_iter': 0.32436, 'mae': 0.04883, 'r2': 0.97078, 'spearmanr': 0.99963, 'mse': 0.11814, 'rmse': 0.34372, 'loss_node': 3.499573488616943, 'loss_edge': 1.2863473663330078, 'loss_graph': 45.059707943725584, 'loss_task': 0.11814394451007247, 'loss_encoder': 0.0}
train: {'epoch': 11, 'time_epoch': 12.98138, 'eta': 515.9247, 'eta_hours': 0.14331, 'loss': 48.3099337, 'lr': 5.5e-05, 'params': 1823862, 'time_iter': 0.32453, 'mae': 0.04883, 'r2': 0.97078, 'spearmanr': 0.99963, 'mse': 0.11814, 'rmse': 0.34372, 'loss_node': 3.4942148109436033, 'loss_edge': 1.286546057510376, 'loss_graph': 43.411028680419925, 'loss_task': 0.11814407872222364, 'loss_encoder': 0.0}
train: {'epoch': 12, 'time_epoch': 12.94158, 'eta': 500.53933, 'eta_hours': 0.13904, 'loss': 46.82646172, 'lr': 6e-05, 'params': 1823862, 'time_iter': 0.32354, 'mae': 0.04883, 'r2': 0.97078, 'spearmanr': 0.99963, 'mse': 0.11814, 'rmse': 0.34372, 'loss_node': 3.5114360012054444, 'loss_edge': 1.2861853061676025, 'loss_graph': 41.91069691925049, 'loss_task': 0.1181440225109458, 'loss_encoder': 0.0}
train: {'epoch': 13, 'time_epoch': 12.95622, 'eta': 485.54073, 'eta_hours': 0.13487, 'loss': 44.89196321, 'lr': 6.5e-05, 'params': 1823862, 'time_iter': 0.32391, 'mae': 0.04883, 'r2': 0.97078, 'spearmanr': 0.99963, 'mse': 0.11814, 'rmse': 0.34372, 'loss_node': 3.4756223567962645, 'loss_edge': 1.2873144556045533, 'loss_graph': 40.01088327407837, 'loss_task': 0.11814401685111224, 'loss_encoder': 0.0}
train: {'epoch': 14, 'time_epoch': 13.00494, 'eta': 470.92812, 'eta_hours': 0.13081, 'loss': 42.67073319, 'lr': 7e-05, 'params': 1823862, 'time_iter': 0.32512, 'mae': 0.04883, 'r2': 0.97078, 'spearmanr': 0.99963, 'mse': 0.11814, 'rmse': 0.34372, 'loss_node': 3.430566427612305, 'loss_edge': 1.286386803627014, 'loss_graph': 37.83563594436645, 'loss_task': 0.11814407218694686, 'loss_encoder': 0.0}
train: {'epoch': 15, 'time_epoch': 12.94486, 'eta': 456.3888, 'eta_hours': 0.12677, 'loss': 41.25643803, 'lr': 7.5e-05, 'params': 1823862, 'time_iter': 0.32362, 'mae': 0.04883, 'r2': 0.97078, 'spearmanr': 0.99963, 'mse': 0.11814, 'rmse': 0.34372, 'loss_node': 3.323646887207031, 'loss_edge': 1.285693922996521, 'loss_graph': 36.5289542175293, 'loss_task': 0.11814383136294782, 'loss_encoder': 0.0}
train: {'epoch': 16, 'time_epoch': 13.21768, 'eta': 442.56665, 'eta_hours': 0.12294, 'loss': 39.06428943, 'lr': 8e-05, 'params': 1823862, 'time_iter': 0.33044, 'mae': 0.04883, 'r2': 0.97078, 'spearmanr': 0.99963, 'mse': 0.11814, 'rmse': 0.34372, 'loss_node': 3.156269051361084, 'loss_edge': 1.2865917098999022, 'loss_graph': 34.503284176635745, 'loss_task': 0.11814422650113701, 'loss_encoder': 0.0}
train: {'epoch': 17, 'time_epoch': 12.96084, 'eta': 428.35505, 'eta_hours': 0.11899, 'loss': 36.97106307, 'lr': 8.5e-05, 'params': 1823862, 'time_iter': 0.32402, 'mae': 0.04883, 'r2': 0.97078, 'spearmanr': 0.99963, 'mse': 0.11814, 'rmse': 0.34372, 'loss_node': 3.0222535045623777, 'loss_edge': 1.2862836814880372, 'loss_graph': 32.544381924438476, 'loss_task': 0.11814417910836637, 'loss_encoder': 0.0}
train: {'epoch': 18, 'time_epoch': 12.98757, 'eta': 414.31872, 'eta_hours': 0.11509, 'loss': 34.14638783, 'lr': 9e-05, 'params': 1823862, 'time_iter': 0.32469, 'mae': 0.04883, 'r2': 0.97078, 'spearmanr': 0.99963, 'mse': 0.11814, 'rmse': 0.34372, 'loss_node': 2.949868520736694, 'loss_edge': 1.2839719738006592, 'loss_graph': 29.794403189086914, 'loss_task': 0.11814385494012386, 'loss_encoder': 0.0}
train: {'epoch': 19, 'time_epoch': 12.96143, 'eta': 400.34807, 'eta_hours': 0.11121, 'loss': 32.4990816, 'lr': 9.5e-05, 'params': 1823862, 'time_iter': 0.32404, 'mae': 0.04883, 'r2': 0.97078, 'spearmanr': 0.99963, 'mse': 0.11814, 'rmse': 0.34372, 'loss_node': 2.9249897605896, 'loss_edge': 1.2830829160690307, 'loss_graph': 28.17286463508606, 'loss_task': 0.11814411494024098, 'loss_encoder': 0.0}
Inference: Switched to EMA weights
Inference: Restored training weights
Inference: Switched to EMA weights
Inference: Restored training weights
Inference: Switched to EMA weights
Inference: Restored training weights
Inference: Switched to EMA weights
Inference: Restored training weights
val: {'epoch': 19, 'time_epoch': 28.76214, 'loss': 3.5017206, 'lr': 0, 'params': 1823862, 'time_iter': 7.19053, 'mae': 0.92584, 'r2': 0.11096, 'spearmanr': 0.83452, 'mse': 3.50172, 'rmse': 1.87129}
Inference: Switched to EMA weights
Inference: Restored training weights
Inference: Switched to EMA weights
Inference: Restored training weights
Inference: Switched to EMA weights
Inference: Restored training weights
Inference: Switched to EMA weights
Inference: Restored training weights
test: {'epoch': 19, 'time_epoch': 28.82456, 'loss': 3.26255296, 'lr': 0, 'params': 1823862, 'time_iter': 7.20614, 'mae': 0.99747, 'r2': 0.19805, 'spearmanr': 0.7921, 'mse': 3.26255, 'rmse': 1.80625}
> Epoch 19: took 70.6s (avg 22.0s) | Best so far: epoch 19	train_loss: 32.4991 train_mae: 0.0488	val_loss: 3.5017 val_mae: 0.9258	test_loss: 3.2626 test_mae: 0.9975
train: {'epoch': 20, 'time_epoch': 13.02359, 'eta': 386.55938, 'eta_hours': 0.10738, 'loss': 30.7598311, 'lr': 0.0001, 'params': 1823862, 'time_iter': 0.32559, 'mae': 0.04883, 'r2': 0.97078, 'spearmanr': 0.99963, 'mse': 0.11814, 'rmse': 0.34372, 'loss_node': 2.89667946395874, 'loss_edge': 1.28247084274292, 'loss_graph': 26.462536940765382, 'loss_task': 0.11814394371137023, 'loss_encoder': 0.0}
train: {'epoch': 21, 'time_epoch': 12.98318, 'eta': 372.7888, 'eta_hours': 0.10355, 'loss': 28.89187465, 'lr': 9.973e-05, 'params': 1823862, 'time_iter': 0.32458, 'mae': 0.04883, 'r2': 0.97078, 'spearmanr': 0.99963, 'mse': 0.11814, 'rmse': 0.34372, 'loss_node': 2.8829788330078125, 'loss_edge': 1.2824630582809449, 'loss_graph': 24.60828871612549, 'loss_task': 0.11814400535225868, 'loss_encoder': 0.0}
train: {'epoch': 22, 'time_epoch': 12.95636, 'eta': 359.05521, 'eta_hours': 0.09974, 'loss': 27.45918303, 'lr': 9.891e-05, 'params': 1823862, 'time_iter': 0.32391, 'mae': 0.04883, 'r2': 0.97078, 'spearmanr': 0.99963, 'mse': 0.11814, 'rmse': 0.34372, 'loss_node': 2.861619857406616, 'loss_edge': 1.28296962890625, 'loss_graph': 23.196449283599854, 'loss_task': 0.11814434207119047, 'loss_encoder': 0.0}
train: {'epoch': 23, 'time_epoch': 12.98048, 'eta': 345.41252, 'eta_hours': 0.09595, 'loss': 25.08334164, 'lr': 9.755e-05, 'params': 1823862, 'time_iter': 0.32451, 'mae': 0.04883, 'r2': 0.97078, 'spearmanr': 0.99963, 'mse': 0.11814, 'rmse': 0.34372, 'loss_node': 2.8166926639556884, 'loss_edge': 1.282940418434143, 'loss_graph': 20.86556499710083, 'loss_task': 0.11814421874582767, 'loss_encoder': 0.0}
train: {'epoch': 24, 'time_epoch': 12.98809, 'eta': 331.83042, 'eta_hours': 0.09218, 'loss': 22.54958709, 'lr': 9.568e-05, 'params': 1823862, 'time_iter': 0.3247, 'mae': 0.04883, 'r2': 0.97078, 'spearmanr': 0.99963, 'mse': 0.11814, 'rmse': 0.34372, 'loss_node': 2.795892121887207, 'loss_edge': 1.2842811687469482, 'loss_graph': 18.351269438171386, 'loss_task': 0.11814409513100982, 'loss_encoder': 0.0}
train: {'epoch': 25, 'time_epoch': 12.97946, 'eta': 318.28604, 'eta_hours': 0.08841, 'loss': 21.39278677, 'lr': 9.33e-05, 'params': 1823862, 'time_iter': 0.32449, 'mae': 0.04883, 'r2': 0.97078, 'spearmanr': 0.99963, 'mse': 0.11814, 'rmse': 0.34372, 'loss_node': 2.7784608959197996, 'loss_edge': 1.2844141036987304, 'loss_graph': 17.21176815032959, 'loss_task': 0.11814400974735617, 'loss_encoder': 0.0}
train: {'epoch': 26, 'time_epoch': 12.95885, 'eta': 304.76595, 'eta_hours': 0.08466, 'loss': 19.21372444, 'lr': 9.045e-05, 'params': 1823862, 'time_iter': 0.32397, 'mae': 0.04883, 'r2': 0.97078, 'spearmanr': 0.99963, 'mse': 0.11814, 'rmse': 0.34372, 'loss_node': 2.765131086730957, 'loss_edge': 1.2842575172424315, 'loss_graph': 15.046192196273804, 'loss_task': 0.11814368410259485, 'loss_encoder': 0.0}
