Directory created: /work/gp15/q25030/LatentGraphDiffusion/runs/zinc_inference_fixed_20250815_165543 /work/gp15/q25030/LatentGraphDiffusion/data
Starting ZINC Diffusion INFERENCE Job (FIXED)
Config: cfg/zinc-diffusion_ddpm_baseline.yaml
Diffusion Checkpoint: runs/zinc_diffusion_baseline_20250815_163934/zinc-diffusion_ddpm_baseline/0/ckpt/0.ckpt
Encoder Checkpoint: results/zinc-encoder-fast/1754884349/ckpt/9.ckpt
Experiment: zinc_inference_fixed_20250815_165543
Time started: Fri Aug 15 16:55:43 JST 2025
Environment check...
PyTorch version: 2.0.1
CUDA available: True
CUDA device count: 8
PyG version: 2.3.1
Checking diffusion checkpoint: runs/zinc_diffusion_baseline_20250815_163934/zinc-diffusion_ddpm_baseline/0/ckpt/0.ckpt
Checking encoder checkpoint: results/zinc-encoder-fast/1754884349/ckpt/9.ckpt
Starting ZINC diffusion INFERENCE with corrected training mode...
Configuration: cfg/zinc-diffusion_ddpm_baseline.yaml
- Using inference-only training mode
- DDIM sampling: 20 steps (from config)
- Timesteps: 100 (from config)
- Output directory: /workspace/runs/zinc_inference_fixed_20250815_165543

Command: python train_diffusion.py --cfg cfg/zinc-diffusion_ddpm_baseline.yaml --repeat 1 wandb.use False train.mode inference-only diffusion.first_stage_config "results/zinc-encoder-fast/1754884349/ckpt/9.ckpt" pretrained_model "runs/zinc_diffusion_baseline_20250815_163934/zinc-diffusion_ddpm_baseline/0/ckpt/0.ckpt" out_dir /workspace/runs/zinc_inference_fixed_20250815_165543
/opt/conda/lib/python3.10/site-packages/lightning_fabric/__init__.py:40: pkg_resources is deprecated as an API. See https://setuptools.pypa.io/en/latest/pkg_resources.html. The pkg_resources package is slated for removal as early as 2025-11-30. Refrain from using this package or pin to Setuptools<81.
Warning: Could not import san2_layer: cannot import name 'negate_edge_index' from 'lgd.utils' (/workspace/lgd/utils/__init__.py)
Warning: Could not import grit_layer: No module named 'opt_einsum'
Warning: Could not import san_layer: cannot import name 'negate_edge_index' from 'lgd.utils' (/workspace/lgd/utils/__init__.py)
Traceback (most recent call last):
  File "/workspace/train_diffusion.py", line 122, in <module>
    load_cfg(cfg, args)
  File "/opt/conda/lib/python3.10/site-packages/torch_geometric/graphgym/config.py", line 501, in load_cfg
    cfg.merge_from_list(args.opts)
  File "/opt/conda/lib/python3.10/site-packages/yacs/config.py", line 243, in merge_from_list
    _assert_with_logging(subkey in d, "Non-existent key: {}".format(full_key))
  File "/opt/conda/lib/python3.10/site-packages/yacs/config.py", line 545, in _assert_with_logging
    assert cond, msg
AssertionError: Non-existent key: pretrained_model
Inference completed. Checking results...
Inference completed successfully!
Results saved in: /workspace/runs/zinc_inference_fixed_20250815_165543
Analyzing results...
Inference completed at: Fri Aug 15 16:56:15 JST 2025
Results saved in: /workspace/runs/zinc_inference_fixed_20250815_165543
Used diffusion checkpoint: runs/zinc_diffusion_baseline_20250815_163934/zinc-diffusion_ddpm_baseline/0/ckpt/0.ckpt
Used encoder checkpoint: results/zinc-encoder-fast/1754884349/ckpt/9.ckpt
Job completed at: Fri Aug 15 16:56:15 JST 2025
Results saved in: /work/gp15/q25030/LatentGraphDiffusion/runs/zinc_inference_fixed_20250815_165543

===== Final Inference Results =====

===== Fixed Inference Summary =====
✓ Config: zinc-diffusion_ddpm_baseline.yaml
✓ Training Mode: inference-only (CORRECTED)
✓ Diffusion checkpoint: runs/zinc_diffusion_baseline_20250815_163934/zinc-diffusion_ddpm_baseline/0/ckpt/0.ckpt
✓ Encoder checkpoint: results/zinc-encoder-fast/1754884349/ckpt/9.ckpt
✓ DDIM sampling enabled

Check the inference logs for detailed results!
Log file: /work/gp15/q25030/LatentGraphDiffusion/runs/zinc_inference_fixed_20250815_165543/inference_fixed.log
